05-25 22:32:49.219 27630 27641 I HWUI    : Davey! duration=1143ms; Flags=1, FrameTimelineVsyncId=2615052, IntendedVsync=112486752271802, Vsync=112486835605132, InputEventId=0, HandleInputStart=112486840894600, AnimationStart=112486841004900, PerformTraversalsStart=112486841076400, DrawStart=112487755723500, FrameDeadline=112486768938468, FrameStartTime=112486840863900, FrameInterval=16666666, WorkloadTarget=16666666, AnimationTime=112486835605132, SyncQueued=112487776806600, SyncStart=112487920102100, IssueDrawCommandsStart=112487920366500, SwapBuffers=112488021495900, FrameCompleted=112488038575300, DequeueBufferDuration=38400, QueueBufferDuration=446600, GpuCompleted=112488038575300, SwapBuffersCompleted=112488024074000, DisplayPresentTime=0, CommandSubmissionCompleted=112488021495900, 
05-25 22:32:49.220   768   822 I ActivityManager: PendingStartActivityUids startActivity to updateOomAdj delay:1363ms, uid:10228
05-25 22:32:49.264 27630 27630 I Choreographer: Skipped 75 frames!  The application may be doing too much work on its main thread.
05-25 22:32:49.354   570   632 W skia    : AGTM parsing failed flags.readFromStream(s) at 159
05-25 22:32:49.354   570   632 W skia    : AGTM parsing failed flags.readFromStream(s) at 159
05-25 22:32:49.362  1868  2036 I FontLog : Received query Noto Color Emoji Compat, URI content://com.google.android.gms.fonts [CONTEXT service_id=132 ]
05-25 22:32:49.362  1868  2036 I FontLog : Query [emojicompat-emoji-font] resolved to {Noto Color Emoji Compat, wdth 100.0, wght 400, ital 0.0, bestEffort false}, isVf false} [CONTEXT service_id=132 ]
05-25 22:32:49.375  1868  2036 I FontLog : Fetch {Noto Color Emoji Compat, wdth 100.0, wght 400, ital 0.0, bestEffort false}, isVf false} end status Status{statusCode=SUCCESS, resolution=null} [CONTEXT service_id=132 ]
05-25 22:32:49.389   768  1028 I ImeTracker: com.hermes.deck:ebcc2542: onRequestHide at ORIGIN_SERVER reason HIDE_UNSPECIFIED_WINDOW fromUser false userId 0 displayId 0
05-25 22:32:49.406   505  9458 I netd    : tetherGetStats() -> {[]} <4.80ms>
05-25 22:32:49.413   768   812 W InputChannel-JNI: Channel already disposed.
05-25 22:32:49.432  2152  2152 I GoogleInputMethodService: GoogleInputMethodService.onFinishInput():2159 
05-25 22:32:49.440  2152  2152 I Module  : DeviceLockedStatusModuleProvider$Module.updateDeviceLockedStatus():103 repeatCheckTimes = 0, locked = false
05-25 22:32:49.451   768   812 I ImeTracker: system_server:20b82c2d: onRequestHide at ORIGIN_SERVER reason IME_REQUESTED_CHANGED_LISTENER fromUser false displayId 0
05-25 22:32:49.464   768   822 I ImeTracker: system_server:20b82c2d: onCancelled at PHASE_SERVER_SHOULD_HIDE
05-25 22:32:49.464  1868  2036 I FontLog : Pulling font file for id = 160, cache size = 4 [CONTEXT service_id=132 ]
05-25 22:32:49.468  2152  2152 I GoogleInputMethodService: GoogleInputMethodService.onStartInput():1434 onStartInput(EditorInfo{EditorInfo{packageName=com.hermes.deck, inputType=0, inputTypeString=NULL, enableLearning=false, autoCorrection=false, autoComplete=false, imeOptions=0, privateImeOptions=null, actionName=UNSPECIFIED, actionLabel=null, initialSelStart=-1, initialSelEnd=-1, initialCapsMode=0, label=null, fieldId=0, fieldName=null, extras=null, hintText=null, hintLocales=[]}}, false)
05-25 22:32:49.481  2152  2152 I AndroidIME: LatinIMEBase.updateInputViewCoverNavigation():312 Update input view padding, isNavbarOverInputWindow=true, bottom inset=48
05-25 22:32:49.487 27630 27640 I HWUI    : Davey! duration=1350ms; Flags=0, FrameTimelineVsyncId=2615075, IntendedVsync=112486902271796, Vsync=112488152271746, InputEventId=0, HandleInputStart=112488159256700, AnimationStart=112488159368600, PerformTraversalsStart=112488190193000, DrawStart=112488190588300, FrameDeadline=112488068938416, FrameStartTime=112488155549500, FrameInterval=16666666, WorkloadTarget=16666666, AnimationTime=112488152271746, SyncQueued=112488198218000, SyncStart=112488199099200, IssueDrawCommandsStart=112488199196100, SwapBuffers=112488201343900, FrameCompleted=112488253961600, DequeueBufferDuration=1004400, QueueBufferDuration=5734900, GpuCompleted=112488253961600, SwapBuffersCompleted=112488219706000, DisplayPresentTime=0, CommandSubmissionCompleted=112488201343900, 
05-25 22:32:49.493  2152  2152 I Module  : DeviceLockedStatusModuleProvider$Module.updateDeviceLockedStatus():103 repeatCheckTimes = 1, locked = false
05-25 22:32:49.518   768   812 W PackageConfigPersister: App-specific configuration not found for packageName: com.hermes.deck and userId: 0
05-25 22:32:49.584  1868  2036 I FontLog : Pulling font file for id = 160, cache size = 4 [CONTEXT service_id=132 ]
05-25 22:32:49.681   570   632 W skia    : AGTM parsing failed flags.readFromStream(s) at 159
05-25 22:32:49.681   570   632 W skia    : AGTM parsing failed flags.readFromStream(s) at 159
05-25 22:32:49.758   570   632 W skia    : AGTM parsing failed flags.readFromStream(s) at 159
05-25 22:32:49.759   570   632 W skia    : AGTM parsing failed flags.readFromStream(s) at 159
05-25 22:32:49.968 27630 27630 D InsetsController: hide(ime())
05-25 22:32:49.969 27630 27630 I ImeTracker: com.hermes.deck:ebcc2542: onCancelled at PHASE_CLIENT_ALREADY_HIDDEN
05-25 22:32:50.015   768   822 W ProcessStats: Tracking association SourceState{ec5be2f com.android.settings/1000 Service #29672} whose proc state 8 is better than process ProcessState{6c0cf5c com.google.android.apps.wellbeing/10151 pkg=com.google.android.apps.wellbeing} proc state 15 (2 skipped)
05-25 22:32:50.044 27630 27640 I HWUI    : Davey! duration=721ms; Flags=0, FrameTimelineVsyncId=2615158, IntendedVsync=112488168938412, Vsync=112488302271740, InputEventId=0, HandleInputStart=112488316438400, AnimationStart=112488316481300, PerformTraversalsStart=112488558747500, DrawStart=112488558997800, FrameDeadline=112488285605074, FrameStartTime=112488306336900, FrameInterval=16666666, WorkloadTarget=16666666, AnimationTime=112488302271740, SyncQueued=112488851576300, SyncStart=112488851808100, IssueDrawCommandsStart=112488853764100, SwapBuffers=112488886321600, FrameCompleted=112488891102100, DequeueBufferDuration=46800, QueueBufferDuration=1377100, GpuCompleted=112488890872000, SwapBuffersCompleted=112488891102100, DisplayPresentTime=0, CommandSubmissionCompleted=112488886321600, 
05-25 22:32:50.101   570   632 W skia    : AGTM parsing failed flags.readFromStream(s) at 159
05-25 22:32:50.102   570   632 W skia    : AGTM parsing failed flags.readFromStream(s) at 159
05-25 22:32:50.382  1868  1868 D BoundBrokerSvc: onRebind: Intent { act=com.google.android.gms.libs.gmscorelogger.service.START dat=chimera-action:/... xflg=0x4 cmp=com.google.android.gms/.chimera.PersistentDirectBootAwareApiService }
05-25 22:32:50.538   570   632 W skia    : AGTM parsing failed flags.readFromStream(s) at 159
05-25 22:32:50.538   570   632 W skia    : AGTM parsing failed flags.readFromStream(s) at 159
05-25 22:32:51.228 27630 27634 I com.hermes.deck: Compiler allocated 5239KB to compile void android.view.ViewRootImpl.performTraversals(long)
05-25 22:32:51.981   768  1420 D WifiClientModeImpl[122317:wlan0]: updateLinkLayerStatsRssiSpeedFrequencyCapabilities rssi=-50 TxLinkspeed=1 freq=2447 RxLinkSpeed=2
05-25 22:32:51.983   768  1420 D WifiDataStall: tx tput in kbps: 11000
05-25 22:32:51.983   768  1420 D WifiDataStall: rx tput in kbps: 11000
05-25 22:32:51.983   768  1420 V WifiConfigManager: Updating scan detail cache freq=2447 BSSID=00:13:10:85:fe:01 RSSI=-50 for "AndroidWifi"NONE
05-25 22:32:51.983   768  1420 D WifiThroughputPredictor:  utilization (LLS) 80 isBluetoothConnected: false final utilization: 80
05-25 22:32:51.984   768  1420 D WifiThroughputPredictor:  BW: 0 RSSI: -50 Nss: 1 Mode: 1 symDur: 4000 snrDb 30 bitPerTone: 4500 rate: 54 throughput: 11
05-25 22:32:51.984   768  1420 D WifiThroughputPredictor:  utilization (LLS) 80 isBluetoothConnected: false final utilization: 80
05-25 22:32:51.988   768  1420 D WifiThroughputPredictor:  BW: 0 RSSI: -50 Nss: 1 Mode: 1 symDur: 4000 snrDb 30 bitPerTone: 4500 rate: 54 throughput: 11
05-25 22:32:51.988   768  1420 D WifiThroughputPredictor:  utilization (LLS) 80 isBluetoothConnected: false final utilization: 80
05-25 22:32:51.988   768  1420 D WifiThroughputPredictor:  BW: 0 RSSI: -50 Nss: 1 Mode: 1 symDur: 4000 snrDb 30 bitPerTone: 4500 rate: 54 throughput: 11
05-25 22:32:51.989   768  1420 D WifiThroughputPredictor:  utilization (LLS) 80 isBluetoothConnected: false final utilization: 80
05-25 22:32:51.991   768  1420 D WifiThroughputPredictor:  BW: 0 RSSI: -50 Nss: 1 Mode: 1 symDur: 4000 snrDb 30 bitPerTone: 4500 rate: 54 throughput: 11
05-25 22:32:52.003   768  1420 I HalDevMgr: bestIfaceCreationProposal is null, requestIface=STA, existingIface=[name=wlan0 type=STA]
05-25 22:32:52.004   768  1420 D WifiScoreCard: BSSID update SIGNAL_POLL ID: 162913799 SSID: "AndroidWifi", BSSID: 00:13:10:85:fe:01, MAC: 02:15:b4:00:00:00, IP: /10.0.2.16, Security type: 0, Supplicant state: COMPLETED, Wi-Fi standard: legacy, RSSI: -50, Link speed: 1Mbps, Tx Link speed: 1Mbps, Max Supported Tx Link speed: 11Mbps, Calculated Tx : 0Mbps, Rx Link speed: 2Mbps, Max Supported Rx Link speed: 11Mbps, Calculated Rx : 0Mbps, Frequency: 2447MHz, Net ID: 0, Metered hint: false, score: 100, isUsable: true, CarrierMerged: false, SubscriptionId: -1, IsPrimary: 1, Trusted: true, Restricted: false, Ephemeral: false, OEM paid: false, OEM private: false, OSU AP: false, FQDN: <none>, Provider friendly name: <none>, Requesting package name: <none>"AndroidWifi"openMLO Information: , Is TID-To-Link negotiation supported by the AP: false, AP MLD Address: <none>, AP MLO Link Id: <none>, AP MLO Affiliated links: <none>, Vendor Data: <none>
05-25 22:32:52.004   768  1420 D WifiScoreCard: txRate: 1 txSpeed: 1
05-25 22:32:52.004   768  1420 D WifiScoreCard: network update SIGNAL_POLL "AndroidWifi" ID: 1382277043 RSSI -50 txSpeed -1
05-25 22:32:52.004   768  1420 D WifiClientModeImpl[122317:wlan0]:  ClientModeImpl$L2ConnectedState screen=on 36 0 "AndroidWifi" 00:13:10:85:fe:01 rssi=-50 f=2447 sc=100 link=1 tx=0.0, 0.0, 0.0 rx=0.0 bcn=0 [on:0 tx:0 rx:0 period:3027] from screen [on:0 period:1649911460] score=100
05-25 22:32:53.242 27630 27669 D ProfileInstaller: Installing profile for com.hermes.deck
05-25 22:32:55.014   768  1420 D WifiClientModeImpl[122317:wlan0]: updateLinkLayerStatsRssiSpeedFrequencyCapabilities rssi=-50 TxLinkspeed=1 freq=2447 RxLinkSpeed=2
05-25 22:32:55.014   768  1420 D WifiDataStall: tx tput in kbps: 11000
05-25 22:32:55.016   768  1420 D WifiDataStall: rx tput in kbps: 11000
05-25 22:32:55.019   768  1420 V WifiConfigManager: Updating scan detail cache freq=2447 BSSID=00:13:10:85:fe:01 RSSI=-50 for "AndroidWifi"NONE
05-25 22:32:55.021   768  1420 D WifiThroughputPredictor:  utilization (LLS) 80 isBluetoothConnected: false final utilization: 80
05-25 22:32:55.021   768  1420 D WifiThroughputPredictor:  BW: 0 RSSI: -50 Nss: 1 Mode: 1 symDur: 4000 snrDb 30 bitPerTone: 4500 rate: 54 throughput: 11
05-25 22:32:55.021   768  1420 D WifiThroughputPredictor:  utilization (LLS) 80 isBluetoothConnected: false final utilization: 80
05-25 22:32:55.021   768  1420 D WifiThroughputPredictor:  BW: 0 RSSI: -50 Nss: 1 Mode: 1 symDur: 4000 snrDb 30 bitPerTone: 4500 rate: 54 throughput: 11
05-25 22:32:55.022   768  1420 D WifiThroughputPredictor:  utilization (LLS) 80 isBluetoothConnected: false final utilization: 80
05-25 22:32:55.022   768  1420 D WifiThroughputPredictor:  BW: 0 RSSI: -50 Nss: 1 Mode: 1 symDur: 4000 snrDb 30 bitPerTone: 4500 rate: 54 throughput: 11
05-25 22:32:55.022   768  1420 D WifiThroughputPredictor:  utilization (LLS) 80 isBluetoothConnected: false final utilization: 80
05-25 22:32:55.022   768  1420 D WifiThroughputPredictor:  BW: 0 RSSI: -50 Nss: 1 Mode: 1 symDur: 4000 snrDb 30 bitPerTone: 4500 rate: 54 throughput: 11
05-25 22:32:55.082   768  1420 I HalDevMgr: bestIfaceCreationProposal is null, requestIface=STA, existingIface=[name=wlan0 type=STA]
05-25 22:32:55.083   768  1420 D WifiScoreCard: BSSID update SIGNAL_POLL ID: 162913799 SSID: "AndroidWifi", BSSID: 00:13:10:85:fe:01, MAC: 02:15:b4:00:00:00, IP: /10.0.2.16, Security type: 0, Supplicant state: COMPLETED, Wi-Fi standard: legacy, RSSI: -50, Link speed: 1Mbps, Tx Link speed: 1Mbps, Max Supported Tx Link speed: 11Mbps, Calculated Tx : 0Mbps, Rx Link speed: 2Mbps, Max Supported Rx Link speed: 11Mbps, Calculated Rx : 0Mbps, Frequency: 2447MHz, Net ID: 0, Metered hint: false, score: 100, isUsable: true, CarrierMerged: false, SubscriptionId: -1, IsPrimary: 1, Trusted: true, Restricted: false, Ephemeral: false, OEM paid: false, OEM private: false, OSU AP: false, FQDN: <none>, Provider friendly name: <none>, Requesting package name: <none>"AndroidWifi"openMLO Information: , Is TID-To-Link negotiation supported by the AP: false, AP MLD Address: <none>, AP MLO Link Id: <none>, AP MLO Affiliated links: <none>, Vendor Data: <none>
05-25 22:32:55.083   768  1420 D WifiScoreCard: txRate: 1 txSpeed: 1
05-25 22:32:55.083   768  1420 D WifiScoreCard: network update SIGNAL_POLL "AndroidWifi" ID: 1382277043 RSSI -50 txSpeed -1
05-25 22:32:55.084   768  1420 D WifiClientModeImpl[122317:wlan0]:  ClientModeImpl$L2ConnectedState screen=on 36 0 "AndroidWifi" 00:13:10:85:fe:01 rssi=-50 f=2447 sc=100 link=1 tx=0.0, 0.0, 0.0 rx=0.0 bcn=0 [on:0 tx:0 rx:0 period:3080] from screen [on:0 period:1649914540] score=100
05-25 22:32:55.655   505  9458 I netd    : tetherGetStats() -> {[]} <0.89ms>
05-25 22:32:56.950  1785  1785 D wpa_supplicant: nl80211: Drv Event 64 (NL80211_CMD_NOTIFY_CQM) received for wlan0
05-25 22:32:56.950  1785  1785 D wpa_supplicant: nl80211: Beacon loss event
05-25 22:32:56.950  1785  1785 D wpa_supplicant: wlan0: Event BEACON_LOSS (53) received
05-25 22:32:56.950  1785  1785 I wpa_supplicant: wlan0: CTRL-EVENT-BEACON-LOSS 
05-25 22:32:57.518  1718  1926 D SatelliteController: isInCarrierRoamingNbIotNtn: satellite is disabled
05-25 22:32:57.519  1718  1926 D SatelliteController: getCarrierRoamingNtnConnectType: Checking connect type from PLMN config for subId: 1
05-25 22:32:57.519  1718  1926 D TelephonyConfigUpdateInstallReceiver: getConfigParser: domain=satellite
05-25 22:32:57.519  1718  1926 V SatelliteController: satelliteConfigParser is not ready
05-25 22:32:57.519  1718  1926 D SatelliteController: isSatelliteAttachSupportedViaConfigupdater: return null (satelliteConfig is null)
05-25 22:32:57.520   768   812 W libbinder.IPCThreadState: Sending oneway calls to frozen process.
05-25 22:32:57.542  1718  1926 D SatelliteController: getSatellitePerPlmnConfiguration: invalid subId or not supported via carrier.
05-25 22:32:57.542  1718  1926 D SatelliteController: getCarrierRoamingNtnConnectType: config: null
05-25 22:32:57.542  1718  1926 D TelephonyConfigUpdateInstallReceiver: getConfigParser: domain=satellite
05-25 22:32:57.542  1718  1926 V SatelliteController: satelliteConfigParser is not ready
05-25 22:32:57.542  1718  1926 D SatelliteController: getCarrierRoamingNtnConnectTypeViaConfigUpdater: return null (satelliteConfig is null)
05-25 22:32:57.542  1718  1926 D SatelliteController: getCarrierRoamingNtnConnectType: Falling back to global carrier config connect type: 0
05-25 22:32:57.542  1718  1926 D TelephonyConfigUpdateInstallReceiver: getConfigParser: domain=satellite
05-25 22:32:57.542  1718  1926 V SatelliteController: satelliteConfigParser is not ready
05-25 22:32:57.542  1718  1926 D SatelliteController: isSatelliteAttachSupportedViaConfigupdater: return null (satelliteConfig is null)
05-25 22:32:57.550  1718  1926 D SatelliteController: getCarrierRoamingNtnConnectType: Checking connect type from PLMN config for subId: 1
05-25 22:32:57.550  1718  1926 D TelephonyConfigUpdateInstallReceiver: getConfigParser: domain=satellite
05-25 22:32:57.550  1718  1926 V SatelliteController: satelliteConfigParser is not ready
05-25 22:32:57.551  1718  1926 D SatelliteController: isSatelliteAttachSupportedViaConfigupdater: return null (satelliteConfig is null)
05-25 22:32:57.557  1718  1926 D SatelliteController: getSatellitePerPlmnConfiguration: invalid subId or not supported via carrier.
05-25 22:32:57.560  1718  1926 D SatelliteController: getCarrierRoamingNtnConnectType: config: null
05-25 22:32:57.560  1718  1926 D TelephonyConfigUpdateInstallReceiver: getConfigParser: domain=satellite
05-25 22:32:57.560  1718  1926 V SatelliteController: satelliteConfigParser is not ready
05-25 22:32:57.560  1718  1926 D SatelliteController: getCarrierRoamingNtnConnectTypeViaConfigUpdater: return null (satelliteConfig is null)
05-25 22:32:57.564  1718  1926 D SatelliteController: getCarrierRoamingNtnConnectType: Falling back to global carrier config connect type: 0
05-25 22:32:57.569  1718  1926 D TelephonyConfigUpdateInstallReceiver: getConfigParser: domain=satellite
05-25 22:32:57.569  1718  1926 V SatelliteController: satelliteConfigParser is not ready
05-25 22:32:57.569  1718  1926 D SatelliteController: isSatelliteAttachSupportedViaConfigupdater: return null (satelliteConfig is null)
05-25 22:32:58.089   768  1420 D WifiClientModeImpl[122317:wlan0]: updateLinkLayerStatsRssiSpeedFrequencyCapabilities rssi=-50 TxLinkspeed=1 freq=2447 RxLinkSpeed=2
05-25 22:32:58.089   768  1420 D WifiDataStall: tx tput in kbps: 11000
05-25 22:32:58.089   768  1420 D WifiDataStall: rx tput in kbps: 11000
05-25 22:32:58.089   768  1420 V WifiConfigManager: Updating scan detail cache freq=2447 BSSID=00:13:10:85:fe:01 RSSI=-50 for "AndroidWifi"NONE
05-25 22:32:58.089   768  1420 D WifiThroughputPredictor:  utilization (LLS) 80 isBluetoothConnected: false final utilization: 80
05-25 22:32:58.089   768  1420 D WifiThroughputPredictor:  BW: 0 RSSI: -50 Nss: 1 Mode: 1 symDur: 4000 snrDb 30 bitPerTone: 4500 rate: 54 throughput: 11
05-25 22:32:58.089   768  1420 D WifiThroughputPredictor:  utilization (LLS) 80 isBluetoothConnected: false final utilization: 80
05-25 22:32:58.089   768  1420 D WifiThroughputPredictor:  BW: 0 RSSI: -50 Nss: 1 Mode: 1 symDur: 4000 snrDb 30 bitPerTone: 4500 rate: 54 throughput: 11
05-25 22:32:58.098   768  1420 D WifiThroughputPredictor:  utilization (LLS) 80 isBluetoothConnected: false final utilization: 80
05-25 22:32:58.099   768  1420 D WifiThroughputPredictor:  BW: 0 RSSI: -50 Nss: 1 Mode: 1 symDur: 4000 snrDb 30 bitPerTone: 4500 rate: 54 throughput: 11
05-25 22:32:58.099   768  1420 D WifiThroughputPredictor:  utilization (LLS) 80 isBluetoothConnected: false final utilization: 80
05-25 22:32:58.099   768  1420 D WifiThroughputPredictor:  BW: 0 RSSI: -50 Nss: 1 Mode: 1 symDur: 4000 snrDb 30 bitPerTone: 4500 rate: 54 throughput: 11
05-25 22:32:58.125   768  1420 I HalDevMgr: bestIfaceCreationProposal is null, requestIface=STA, existingIface=[name=wlan0 type=STA]
05-25 22:32:58.125   768  1420 D WifiScoreCard: BSSID update SIGNAL_POLL ID: 162913799 SSID: "AndroidWifi", BSSID: 00:13:10:85:fe:01, MAC: 02:15:b4:00:00:00, IP: /10.0.2.16, Security type: 0, Supplicant state: COMPLETED, Wi-Fi standard: legacy, RSSI: -50, Link speed: 1Mbps, Tx Link speed: 1Mbps, Max Supported Tx Link speed: 11Mbps, Calculated Tx : 0Mbps, Rx Link speed: 2Mbps, Max Supported Rx Link speed: 11Mbps, Calculated Rx : 0Mbps, Frequency: 2447MHz, Net ID: 0, Metered hint: false, score: 100, isUsable: true, CarrierMerged: false, SubscriptionId: -1, IsPrimary: 1, Trusted: true, Restricted: false, Ephemeral: false, OEM paid: false, OEM private: false, OSU AP: false, FQDN: <none>, Provider friendly name: <none>, Requesting package name: <none>"AndroidWifi"openMLO Information: , Is TID-To-Link negotiation supported by the AP: false, AP MLD Address: <none>, AP MLO Link Id: <none>, AP MLO Affiliated links: <none>, Vendor Data: <none>
05-25 22:32:58.125   768  1420 D WifiScoreCard: txRate: 1 txSpeed: 1
05-25 22:32:58.125   768  1420 D WifiScoreCard: network update SIGNAL_POLL "AndroidWifi" ID: 1382277043 RSSI -50 txSpeed -1
05-25 22:32:58.129   768  1420 D WifiClientModeImpl[122317:wlan0]:  ClientModeImpl$L2ConnectedState screen=on 36 0 "AndroidWifi" 00:13:10:85:fe:01 rssi=-50 f=2447 sc=100 link=1 tx=0.0, 0.0, 0.0 rx=0.0 bcn=0 [on:0 tx:0 rx:0 period:3042] from screen [on:0 period:1649917583] score=100
05-25 22:33:00.096   570   632 W skia    : AGTM parsing failed flags.readFromStream(s) at 159
05-25 22:33:00.097   570   632 W skia    : AGTM parsing failed flags.readFromStream(s) at 159
