05-25 22:31:37.544  1718  1926 D SatelliteController: getCarrierRoamingNtnConnectType: Checking connect type from PLMN config for subId: 1
05-25 22:31:37.545  1718  1926 D TelephonyConfigUpdateInstallReceiver: getConfigParser: domain=satellite
05-25 22:31:37.549  1718  1926 V SatelliteController: satelliteConfigParser is not ready
05-25 22:31:37.549  1718  1926 D SatelliteController: isSatelliteAttachSupportedViaConfigupdater: return null (satelliteConfig is null)
05-25 22:31:37.551  1718  1926 D SatelliteController: getSatellitePerPlmnConfiguration: invalid subId or not supported via carrier.
05-25 22:31:37.552  1718  1926 D SatelliteController: getCarrierRoamingNtnConnectType: config: null
05-25 22:31:37.552  1718  1926 D TelephonyConfigUpdateInstallReceiver: getConfigParser: domain=satellite
05-25 22:31:37.552  1718  1926 V SatelliteController: satelliteConfigParser is not ready
05-25 22:31:37.555  1718  1926 D SatelliteController: getCarrierRoamingNtnConnectTypeViaConfigUpdater: return null (satelliteConfig is null)
05-25 22:31:37.556  1718  1926 D SatelliteController: getCarrierRoamingNtnConnectType: Falling back to global carrier config connect type: 0
05-25 22:31:37.556  1718  1926 D TelephonyConfigUpdateInstallReceiver: getConfigParser: domain=satellite
05-25 22:31:37.556  1718  1926 V SatelliteController: satelliteConfigParser is not ready
05-25 22:31:37.556  1718  1926 D SatelliteController: isSatelliteAttachSupportedViaConfigupdater: return null (satelliteConfig is null)
05-25 22:31:37.557   768  1420 D WifiNetworkSelector: Current connected network: 0
05-25 22:31:37.564   768  1420 V WifiConnectivityManager: No full band scan because current network is sufficient
05-25 22:31:37.571   768  1420 V WifiConnectivityManager: schedulePeriodicScanTimer intervalMs 160000
05-25 22:31:37.572   768  1424 I WifiScanningService: Registering listener= com.android.server.wifi.scanner.WifiScannerInternal$ScanListener@ae33d9b uid=1000 packageName=null workSource=WorkSource{1000}
05-25 22:31:37.576   768  1424 I WifiScanningService: start scan: ClientInfo[uid=1000, package=null, attributionTag=null, com.android.server.wifi.scanner.WifiScannerInternal$ScanListener@ae33d9b] package null AttributionTag null
05-25 22:31:37.577   768  1424 I WifiScanningService: addSingleScanRequest: ClientInfo[uid=1000, package=null, attributionTag=null, com.android.server.wifi.scanner.WifiScannerInternal$ScanListener@ae33d9b],WorkSource{1010}, ScanSettings {  type:HIGH ACCURACY band:unspecified ignoreLocationSettings:false period:0 reportEvents:3 numBssidsPerScan:0 maxScansToCache:0 rnrSetting:2 6GhzPscOnlyEnabled:false channels:[ 2447  ]  } 
05-25 22:31:37.577   768  1424 D WifiScanningService: replySucceeded onSuccess
05-25 22:31:37.577   768  1424 E Nl80211Native: getChannelsMhzForBand: Wiphy index not recorded for band 8
05-25 22:31:37.577   768  1424 E Nl80211Native: getChannelsMhzForBand: Wiphy index not recorded for band 16
05-25 22:31:37.577   768  1424 D Nl80211Native: Ignoring unsupported scan type 2
05-25 22:31:37.577   768  1424 I Nl80211Proxy: Sending Nl80211 message: GenericNetlinkMsg{ nlHeader{StructNlMsgHdr{ nlmsg_len{56}, nlmsg_type{30()}, nlmsg_flags{5(NLM_F_REQUEST|NLM_F_ACK)}, nlmsg_seq{2620}, nlmsg_pid{0} }}, genNlHeader{StructGenNlMsgHdr{ command{33}, version{1}, reserved{0} }}, attributes{[StructNlAttr{ nla_len{8}, nla_type{-32723}, nla_value{04000000}, }, StructNlAttr{ nla_len{8}, nla_type{3}, nla_value{10000000}, }, StructNlAttr{ nla_len{12}, nla_type{-32724}, nla_value{080000008F090000}, }, StructNlAttr{ nla_len{8}, nla_type{158}, nla_value{00000000}, }]} }
05-25 22:31:37.581  1785  1785 D wpa_supplicant: nl80211: Drv Event 33 (NL80211_CMD_TRIGGER_SCAN) received for wlan0
05-25 22:31:37.581  1785  1785 D wpa_supplicant: wlan0: nl80211: Scan trigger
05-25 22:31:37.581  1785  1785 D wpa_supplicant: wlan0: Event SCAN_STARTED (47) received
05-25 22:31:37.581  1785  1785 D wpa_supplicant: wlan0: External program started a scan
05-25 22:31:37.582   768  1424 I Nl80211Proxy: Received NLMSG_ERROR with error 0 for message GenericNetlinkMsg{ nlHeader{StructNlMsgHdr{ nlmsg_len{56}, nlmsg_type{30()}, nlmsg_flags{5(NLM_F_REQUEST|NLM_F_ACK)}, nlmsg_seq{2620}, nlmsg_pid{0} }}, genNlHeader{StructGenNlMsgHdr{ command{33}, version{1}, reserved{0} }}, attributes{[StructNlAttr{ nla_len{8}, nla_type{-32723}, nla_value{04000000}, }, StructNlAttr{ nla_len{8}, nla_type{3}, nla_value{10000000}, }, StructNlAttr{ nla_len{12}, nla_type{-32724}, nla_value{080000008F090000}, }, StructNlAttr{ nla_len{8}, nla_type{158}, nla_value{00000000}, }]} }
05-25 22:31:37.631  1785  1785 D wpa_supplicant: nl80211: Drv Event 34 (NL80211_CMD_NEW_SCAN_RESULTS) received for wlan0
05-25 22:31:37.631  1785  1785 D wpa_supplicant: wlan0: nl80211: New scan results available
05-25 22:31:37.631  1785  1785 D wpa_supplicant: nl80211: Scan probed for SSID ''
05-25 22:31:37.632  1785  1785 D wpa_supplicant: nl80211: Scan included frequencies: 2447
05-25 22:31:37.632  1785  1785 D wpa_supplicant: wlan0: Event SCAN_RESULTS (3) received
05-25 22:31:37.633   768  1420 D Nl80211Native: Received NL80211 broadcast: GenericNetlinkMsg{ nlHeader{StructNlMsgHdr{ nlmsg_len{68}, nlmsg_type{30()}, nlmsg_flags{0()}, nlmsg_seq{0}, nlmsg_pid{0} }}, genNlHeader{StructGenNlMsgHdr{ command{34}, version{1}, reserved{0} }}, attributes{[StructNlAttr{ nla_len{8}, nla_type{1}, nla_value{01000000}, }, StructNlAttr{ nla_len{8}, nla_type{3}, nla_value{10000000}, }, StructNlAttr{ nla_len{12}, nla_type{153}, nla_value{0100000001000000}, }, StructNlAttr{ nla_len{12}, nla_type{44}, nla_value{080000008F090000}, }, StructNlAttr{ nla_len{8}, nla_type{45}, nla_value{04000000}, }]} }
05-25 22:31:37.633  1785  1785 D wpa_supplicant: nl80211: Received scan results (1 BSSes)
05-25 22:31:37.633   768  1420 D WifiNative: Scan result ready event
05-25 22:31:37.633  1785  1785 D wpa_supplicant: nl80211: Scan results indicate BSS status with 00:13:10:85:fe:01 as associated
05-25 22:31:37.634  1785  1785 D wpa_supplicant: wlan0: BSS: Start scan result update 826
05-25 22:31:37.634  1785  1785 D wpa_supplicant: BSS: last_scan_res_used=1/32
05-25 22:31:37.634  1785  1785 D wpa_supplicant: wlan0: New scan results available (own=0 ext=1)
05-25 22:31:37.634  1785  1785 D wpa_supplicant: wlan0: Do not use results from externally requested scan operation for network selection
05-25 22:31:37.635   768  1424 I Nl80211Proxy: Sending Nl80211 message: GenericNetlinkMsg{ nlHeader{StructNlMsgHdr{ nlmsg_len{20}, nlmsg_type{30()}, nlmsg_flags{769(NLM_F_REQUEST|NLM_F_DUMP)}, nlmsg_seq{2621}, nlmsg_pid{0} }}, genNlHeader{StructGenNlMsgHdr{ command{5}, version{1}, reserved{0} }}, attributes{[]} }
05-25 22:31:37.636   768  1424 I Nl80211Proxy: Received NLMSG_DONE for message GenericNetlinkMsg{ nlHeader{StructNlMsgHdr{ nlmsg_len{20}, nlmsg_type{30()}, nlmsg_flags{769(NLM_F_REQUEST|NLM_F_DUMP)}, nlmsg_seq{2621}, nlmsg_pid{0} }}, genNlHeader{StructGenNlMsgHdr{ command{5}, version{1}, reserved{0} }}, attributes{[]} }
05-25 22:31:37.641   768  1424 W Nl80211Utils: Malformed NEW_INTERFACE response: missing attributes
05-25 22:31:37.641   768  1424 I Nl80211Proxy: Sending Nl80211 message: GenericNetlinkMsg{ nlHeader{StructNlMsgHdr{ nlmsg_len{28}, nlmsg_type{30()}, nlmsg_flags{769(NLM_F_REQUEST|NLM_F_DUMP)}, nlmsg_seq{2622}, nlmsg_pid{0} }}, genNlHeader{StructGenNlMsgHdr{ command{32}, version{1}, reserved{0} }}, attributes{[StructNlAttr{ nla_len{8}, nla_type{3}, nla_value{10000000}, }]} }
05-25 22:31:37.641   768  1424 I Nl80211Proxy: Received NLMSG_DONE for message GenericNetlinkMsg{ nlHeader{StructNlMsgHdr{ nlmsg_len{28}, nlmsg_type{30()}, nlmsg_flags{769(NLM_F_REQUEST|NLM_F_DUMP)}, nlmsg_seq{2622}, nlmsg_pid{0} }}, genNlHeader{StructGenNlMsgHdr{ command{32}, version{1}, reserved{0} }}, attributes{[StructNlAttr{ nla_len{8}, nla_type{3}, nla_value{10000000}, }]} }
05-25 22:31:37.647   768  1424 D WifiNative: get 1 scan results from nl80211
05-25 22:31:37.649  1868  2037 I WifiScanner: onFullResults
05-25 22:31:37.649   768  1424 I WifiScanningService: singleScanResults: ClientInfo[uid=1000, package=null, attributionTag=null, com.android.server.wifi.scanner.WifiScannerInternal$ScanListener@ae33d9b],results=1
05-25 22:31:37.649   768  1424 I WifiScanningService: singleScanResults listener: ClientInfo[uid=1000, package=android, attributionTag=null, com.android.server.wifi.scanner.WifiScannerInternal$ScanListener@2c439c8],results=1
05-25 22:31:37.649   768  1424 I WifiScanningService: singleScanResults listener: ClientInfo[uid=1000, package=android, attributionTag=null, com.android.server.wifi.scanner.WifiScannerInternal$ScanListener@5749b9d],results=1
05-25 22:31:37.650   768  1420 D WifiScanRequestProxy: Scan results received
05-25 22:31:37.650   768  1424 I WifiScanningService: singleScanResults listener: ClientInfo[uid=1000, package=android, attributionTag=null, com.android.server.wifi.scanner.WifiScannerInternal$ScanListener@f358864],results=1
05-25 22:31:37.652   768  1424 I WifiScanningService: singleScanResults listener: ClientInfo[uid=10225, package=com.google.android.gms, attributionTag=network_location_provider, android.net.wifi.IWifiScannerListener$Stub$Proxy@ef701ff],results=1
05-25 22:31:37.650   768  1420 D WifiScanRequestProxy: Received 1 scan results
05-25 22:31:37.655   768  1424 I WifiScanningService: Unregistering listener= com.android.server.wifi.scanner.WifiScannerInternal$ScanListener@ae33d9b uid=1000 packageName=null workSource=WorkSource{1000}
05-25 22:31:37.681   768  1420 I HalDevMgr: bestIfaceCreationProposal is null, requestIface=STA, existingIface=[name=wlan0 type=STA]
05-25 22:31:37.683   768  1420 V WifiConnectivityManager: AllSingleScanListener onResults: start network selection
05-25 22:31:37.684   768  1420 V WifiConfigManager: getSavedNetworkFromScanResult Found "AndroidWifi"NONE for AndroidWifi[[ESS]]
05-25 22:31:37.695   768  1420 D WifiNetworkSelector: Current connected network: 0
05-25 22:31:37.699   768  1420 D WifiNetworkSelector: wlan0: Current connected network already sufficient. Skip network selection.
05-25 22:31:37.703   768  1420 V WifiLastResortWatchdog: updateAvailableNetworks: size = 0
05-25 22:31:37.703   768  1420 V WifiLastResortWatchdog: mWatchdogFeatureEnabled: true
05-25 22:31:37.703   768  1420 V WifiLastResortWatchdog: mWatchdogAllowedToTrigger: true
05-25 22:31:37.703   768  1420 V WifiLastResortWatchdog: mRecentAvailableNetworks: 1
05-25 22:31:37.703   768  1420 V WifiLastResortWatchdog:  00:13:10:85:fe:01: "AndroidWifi" HasEverConnected: true, Failures: {Assoc: 0, Auth: 0, Dhcp: 0}, Age: 8
05-25 22:31:37.703   768  1420 V WifiLastResortWatchdog: mSsidFailureCount:
05-25 22:31:37.703   768  1420 V WifiLastResortWatchdog: "AndroidWifi": 1, HasEverConnected: true, Failures: {Assoc: 0, Auth: 0, Dhcp: 0}
05-25 22:31:37.704   768  1420 V WifiConnectivityManager: AllSingleScanListener:  No candidates
05-25 22:31:39.106   768  1420 D WifiClientModeImpl[122317:wlan0]: updateLinkLayerStatsRssiSpeedFrequencyCapabilities rssi=-50 TxLinkspeed=1 freq=2447 RxLinkSpeed=2
05-25 22:31:39.107   768  1420 D WifiDataStall: tx tput in kbps: 11000
05-25 22:31:39.107   768  1420 D WifiDataStall: rx tput in kbps: 11000
05-25 22:31:39.107   768  1420 V WifiConfigManager: Updating scan detail cache freq=2447 BSSID=00:13:10:85:fe:01 RSSI=-50 for "AndroidWifi"NONE
05-25 22:31:39.107   768  1420 D WifiThroughputPredictor:  utilization (LLS) 80 isBluetoothConnected: false final utilization: 80
05-25 22:31:39.107   768  1420 D WifiThroughputPredictor:  BW: 0 RSSI: -50 Nss: 1 Mode: 1 symDur: 4000 snrDb 30 bitPerTone: 4500 rate: 54 throughput: 11
05-25 22:31:39.107   768  1420 D WifiThroughputPredictor:  utilization (LLS) 80 isBluetoothConnected: false final utilization: 80
05-25 22:31:39.107   768  1420 D WifiThroughputPredictor:  BW: 0 RSSI: -50 Nss: 1 Mode: 1 symDur: 4000 snrDb 30 bitPerTone: 4500 rate: 54 throughput: 11
05-25 22:31:39.107   768  1420 D WifiThroughputPredictor:  utilization (LLS) 80 isBluetoothConnected: false final utilization: 80
05-25 22:31:39.109   768  1420 D WifiThroughputPredictor:  BW: 0 RSSI: -50 Nss: 1 Mode: 1 symDur: 4000 snrDb 30 bitPerTone: 4500 rate: 54 throughput: 11
05-25 22:31:39.109   768  1420 D WifiThroughputPredictor:  utilization (LLS) 80 isBluetoothConnected: false final utilization: 80
05-25 22:31:39.112   768  1420 D WifiThroughputPredictor:  BW: 0 RSSI: -50 Nss: 1 Mode: 1 symDur: 4000 snrDb 30 bitPerTone: 4500 rate: 54 throughput: 11
05-25 22:31:39.126   768  1420 I HalDevMgr: bestIfaceCreationProposal is null, requestIface=STA, existingIface=[name=wlan0 type=STA]
05-25 22:31:39.126   768  1420 D WifiScoreCard: BSSID update SIGNAL_POLL ID: 162913799 SSID: "AndroidWifi", BSSID: 00:13:10:85:fe:01, MAC: 02:15:b4:00:00:00, IP: /10.0.2.16, Security type: 0, Supplicant state: COMPLETED, Wi-Fi standard: legacy, RSSI: -50, Link speed: 1Mbps, Tx Link speed: 1Mbps, Max Supported Tx Link speed: 11Mbps, Calculated Tx : 0Mbps, Rx Link speed: 2Mbps, Max Supported Rx Link speed: 11Mbps, Calculated Rx : 0Mbps, Frequency: 2447MHz, Net ID: 0, Metered hint: false, score: 100, isUsable: true, CarrierMerged: false, SubscriptionId: -1, IsPrimary: 1, Trusted: true, Restricted: false, Ephemeral: false, OEM paid: false, OEM private: false, OSU AP: false, FQDN: <none>, Provider friendly name: <none>, Requesting package name: <none>"AndroidWifi"openMLO Information: , Is TID-To-Link negotiation supported by the AP: false, AP MLD Address: <none>, AP MLO Link Id: <none>, AP MLO Affiliated links: <none>, Vendor Data: <none>
05-25 22:31:39.127   768  1420 D WifiScoreCard: txRate: 1 txSpeed: 1
05-25 22:31:39.128   768  1420 D WifiScoreCard: network update SIGNAL_POLL "AndroidWifi" ID: 1382277043 RSSI -50 txSpeed -1
05-25 22:31:39.129   768  1420 D WifiClientModeImpl[122317:wlan0]:  ClientModeImpl$L2ConnectedState screen=on 36 0 "AndroidWifi" 00:13:10:85:fe:01 rssi=-50 f=2447 sc=100 link=1 tx=0.0, 0.0, 0.0 rx=0.0 bcn=0 [on:0 tx:0 rx:0 period:3027] from screen [on:0 period:1649838585] score=100
05-25 22:31:42.136   768  1420 D WifiClientModeImpl[122317:wlan0]: updateLinkLayerStatsRssiSpeedFrequencyCapabilities rssi=-50 TxLinkspeed=1 freq=2447 RxLinkSpeed=2
05-25 22:31:42.137   768  1420 D WifiDataStall: tx tput in kbps: 11000
05-25 22:31:42.137   768  1420 D WifiDataStall: rx tput in kbps: 11000
05-25 22:31:42.137   768  1420 V WifiConfigManager: Updating scan detail cache freq=2447 BSSID=00:13:10:85:fe:01 RSSI=-50 for "AndroidWifi"NONE
05-25 22:31:42.138   768  1420 D WifiThroughputPredictor:  utilization (LLS) 80 isBluetoothConnected: false final utilization: 80
05-25 22:31:42.139   768  1420 D WifiThroughputPredictor:  BW: 0 RSSI: -50 Nss: 1 Mode: 1 symDur: 4000 snrDb 30 bitPerTone: 4500 rate: 54 throughput: 11
05-25 22:31:42.139   768  1420 D WifiThroughputPredictor:  utilization (LLS) 80 isBluetoothConnected: false final utilization: 80
05-25 22:31:42.141   768  1420 D WifiThroughputPredictor:  BW: 0 RSSI: -50 Nss: 1 Mode: 1 symDur: 4000 snrDb 30 bitPerTone: 4500 rate: 54 throughput: 11
05-25 22:31:42.145   768  1420 D WifiThroughputPredictor:  utilization (LLS) 80 isBluetoothConnected: false final utilization: 80
05-25 22:31:42.146   768  1420 D WifiThroughputPredictor:  BW: 0 RSSI: -50 Nss: 1 Mode: 1 symDur: 4000 snrDb 30 bitPerTone: 4500 rate: 54 throughput: 11
05-25 22:31:42.147   768  1420 D WifiThroughputPredictor:  utilization (LLS) 80 isBluetoothConnected: false final utilization: 80
05-25 22:31:42.147   768  1420 D WifiThroughputPredictor:  BW: 0 RSSI: -50 Nss: 1 Mode: 1 symDur: 4000 snrDb 30 bitPerTone: 4500 rate: 54 throughput: 11
05-25 22:31:42.156   768  1420 I HalDevMgr: bestIfaceCreationProposal is null, requestIface=STA, existingIface=[name=wlan0 type=STA]
05-25 22:31:42.157   768  1420 D WifiScoreCard: BSSID update SIGNAL_POLL ID: 162913799 SSID: "AndroidWifi", BSSID: 00:13:10:85:fe:01, MAC: 02:15:b4:00:00:00, IP: /10.0.2.16, Security type: 0, Supplicant state: COMPLETED, Wi-Fi standard: legacy, RSSI: -50, Link speed: 1Mbps, Tx Link speed: 1Mbps, Max Supported Tx Link speed: 11Mbps, Calculated Tx : 0Mbps, Rx Link speed: 2Mbps, Max Supported Rx Link speed: 11Mbps, Calculated Rx : 0Mbps, Frequency: 2447MHz, Net ID: 0, Metered hint: false, score: 100, isUsable: true, CarrierMerged: false, SubscriptionId: -1, IsPrimary: 1, Trusted: true, Restricted: false, Ephemeral: false, OEM paid: false, OEM private: false, OSU AP: false, FQDN: <none>, Provider friendly name: <none>, Requesting package name: <none>"AndroidWifi"openMLO Information: , Is TID-To-Link negotiation supported by the AP: false, AP MLD Address: <none>, AP MLO Link Id: <none>, AP MLO Affiliated links: <none>, Vendor Data: <none>
05-25 22:31:42.157   768  1420 D WifiScoreCard: txRate: 1 txSpeed: 1
05-25 22:31:42.157   768  1420 D WifiScoreCard: network update SIGNAL_POLL "AndroidWifi" ID: 1382277043 RSSI -50 txSpeed -1
05-25 22:31:42.157   768  1420 D WifiClientModeImpl[122317:wlan0]:  ClientModeImpl$L2ConnectedState screen=on 36 0 "AndroidWifi" 00:13:10:85:fe:01 rssi=-50 f=2447 sc=100 link=1 tx=0.0, 0.0, 0.0 rx=0.0 bcn=0 [on:0 tx:0 rx:0 period:3028] from screen [on:0 period:1649841613] score=100
05-25 22:31:45.016  1785  1785 D wpa_supplicant: nl80211: Drv Event 64 (NL80211_CMD_NOTIFY_CQM) received for wlan0
05-25 22:31:45.016  1785  1785 D wpa_supplicant: nl80211: Beacon loss event
05-25 22:31:45.016  1785  1785 D wpa_supplicant: wlan0: Event BEACON_LOSS (53) received
05-25 22:31:45.016  1785  1785 I wpa_supplicant: wlan0: CTRL-EVENT-BEACON-LOSS 
05-25 22:31:45.160   768  1420 D WifiClientModeImpl[122317:wlan0]: updateLinkLayerStatsRssiSpeedFrequencyCapabilities rssi=-50 TxLinkspeed=1 freq=2447 RxLinkSpeed=2
05-25 22:31:45.160   768  1420 D WifiDataStall: tx tput in kbps: 11000
05-25 22:31:45.161   768  1420 D WifiDataStall: rx tput in kbps: 11000
05-25 22:31:45.161   768  1420 V WifiConfigManager: Updating scan detail cache freq=2447 BSSID=00:13:10:85:fe:01 RSSI=-50 for "AndroidWifi"NONE
05-25 22:31:45.165   768  1420 D WifiThroughputPredictor:  utilization (LLS) 80 isBluetoothConnected: false final utilization: 80
05-25 22:31:45.166   768  1420 D WifiThroughputPredictor:  BW: 0 RSSI: -50 Nss: 1 Mode: 1 symDur: 4000 snrDb 30 bitPerTone: 4500 rate: 54 throughput: 11
05-25 22:31:45.166   768  1420 D WifiThroughputPredictor:  utilization (LLS) 80 isBluetoothConnected: false final utilization: 80
05-25 22:31:45.168   768  1420 D WifiThroughputPredictor:  BW: 0 RSSI: -50 Nss: 1 Mode: 1 symDur: 4000 snrDb 30 bitPerTone: 4500 rate: 54 throughput: 11
05-25 22:31:45.177   768  1420 D WifiThroughputPredictor:  utilization (LLS) 80 isBluetoothConnected: false final utilization: 80
05-25 22:31:45.177   768  1420 D WifiThroughputPredictor:  BW: 0 RSSI: -50 Nss: 1 Mode: 1 symDur: 4000 snrDb 30 bitPerTone: 4500 rate: 54 throughput: 11
05-25 22:31:45.177   768  1420 D WifiThroughputPredictor:  utilization (LLS) 80 isBluetoothConnected: false final utilization: 80
05-25 22:31:45.178   768  1420 D WifiThroughputPredictor:  BW: 0 RSSI: -50 Nss: 1 Mode: 1 symDur: 4000 snrDb 30 bitPerTone: 4500 rate: 54 throughput: 11
05-25 22:31:45.191   768  1420 I HalDevMgr: bestIfaceCreationProposal is null, requestIface=STA, existingIface=[name=wlan0 type=STA]
05-25 22:31:45.192   768  1420 D WifiScoreCard: BSSID update SIGNAL_POLL ID: 162913799 SSID: "AndroidWifi", BSSID: 00:13:10:85:fe:01, MAC: 02:15:b4:00:00:00, IP: /10.0.2.16, Security type: 0, Supplicant state: COMPLETED, Wi-Fi standard: legacy, RSSI: -50, Link speed: 1Mbps, Tx Link speed: 1Mbps, Max Supported Tx Link speed: 11Mbps, Calculated Tx : 0Mbps, Rx Link speed: 2Mbps, Max Supported Rx Link speed: 11Mbps, Calculated Rx : 0Mbps, Frequency: 2447MHz, Net ID: 0, Metered hint: false, score: 100, isUsable: true, CarrierMerged: false, SubscriptionId: -1, IsPrimary: 1, Trusted: true, Restricted: false, Ephemeral: false, OEM paid: false, OEM private: false, OSU AP: false, FQDN: <none>, Provider friendly name: <none>, Requesting package name: <none>"AndroidWifi"openMLO Information: , Is TID-To-Link negotiation supported by the AP: false, AP MLD Address: <none>, AP MLO Link Id: <none>, AP MLO Affiliated links: <none>, Vendor Data: <none>
05-25 22:31:45.192   768  1420 D WifiScoreCard: txRate: 1 txSpeed: 1
05-25 22:31:45.192   768  1420 D WifiScoreCard: network update SIGNAL_POLL "AndroidWifi" ID: 1382277043 RSSI -50 txSpeed -1
05-25 22:31:45.200   768  1420 D WifiClientModeImpl[122317:wlan0]:  ClientModeImpl$L2ConnectedState screen=on 36 0 "AndroidWifi" 00:13:10:85:fe:01 rssi=-50 f=2447 sc=100 link=1 tx=0.0, 0.0, 0.0 rx=0.0 bcn=0 [on:0 tx:0 rx:0 period:3038] from screen [on:0 period:1649844651] score=100
05-25 22:31:47.516  1718  1926 D SatelliteController: isInCarrierRoamingNbIotNtn: satellite is disabled
05-25 22:31:47.516  1718  1926 D SatelliteController: getCarrierRoamingNtnConnectType: Checking connect type from PLMN config for subId: 1
05-25 22:31:47.516  1718  1926 D TelephonyConfigUpdateInstallReceiver: getConfigParser: domain=satellite
05-25 22:31:47.516  1718  1926 V SatelliteController: satelliteConfigParser is not ready
05-25 22:31:47.516  1718  1926 D SatelliteController: isSatelliteAttachSupportedViaConfigupdater: return null (satelliteConfig is null)
05-25 22:31:47.516  1718  1926 D SatelliteController: getSatellitePerPlmnConfiguration: invalid subId or not supported via carrier.
05-25 22:31:47.516  1718  1926 D SatelliteController: getCarrierRoamingNtnConnectType: config: null
05-25 22:31:47.516  1718  1926 D TelephonyConfigUpdateInstallReceiver: getConfigParser: domain=satellite
05-25 22:31:47.516  1718  1926 V SatelliteController: satelliteConfigParser is not ready
05-25 22:31:47.516  1718  1926 D SatelliteController: getCarrierRoamingNtnConnectTypeViaConfigUpdater: return null (satelliteConfig is null)
05-25 22:31:47.518   768  2648 W libbinder.IPCThreadState: Sending oneway calls to frozen process.
05-25 22:31:47.519  1718  1926 D SatelliteController: getCarrierRoamingNtnConnectType: Falling back to global carrier config connect type: 0
05-25 22:31:47.519  1718  1926 D TelephonyConfigUpdateInstallReceiver: getConfigParser: domain=satellite
05-25 22:31:47.519  1718  1926 V SatelliteController: satelliteConfigParser is not ready
05-25 22:31:47.519  1718  1926 D SatelliteController: isSatelliteAttachSupportedViaConfigupdater: return null (satelliteConfig is null)
05-25 22:31:47.522  1718  1926 D SatelliteController: getCarrierRoamingNtnConnectType: Checking connect type from PLMN config for subId: 1
05-25 22:31:47.523  1718  1926 D TelephonyConfigUpdateInstallReceiver: getConfigParser: domain=satellite
05-25 22:31:47.523  1718  1926 V SatelliteController: satelliteConfigParser is not ready
05-25 22:31:47.523  1718  1926 D SatelliteController: isSatelliteAttachSupportedViaConfigupdater: return null (satelliteConfig is null)
05-25 22:31:47.524  1718  1926 D SatelliteController: getSatellitePerPlmnConfiguration: invalid subId or not supported via carrier.
05-25 22:31:47.524  1718  1926 D SatelliteController: getCarrierRoamingNtnConnectType: config: null
05-25 22:31:47.524  1718  1926 D TelephonyConfigUpdateInstallReceiver: getConfigParser: domain=satellite
05-25 22:31:47.524  1718  1926 V SatelliteController: satelliteConfigParser is not ready
05-25 22:31:47.524  1718  1926 D SatelliteController: getCarrierRoamingNtnConnectTypeViaConfigUpdater: return null (satelliteConfig is null)
05-25 22:31:47.527  1718  1926 D SatelliteController: getCarrierRoamingNtnConnectType: Falling back to global carrier config connect type: 0
05-25 22:31:47.527  1718  1926 D TelephonyConfigUpdateInstallReceiver: getConfigParser: domain=satellite
05-25 22:31:47.527  1718  1926 V SatelliteController: satelliteConfigParser is not ready
05-25 22:31:47.527  1718  1926 D SatelliteController: isSatelliteAttachSupportedViaConfigupdater: return null (satelliteConfig is null)
05-25 22:31:48.199   768  1420 D WifiClientModeImpl[122317:wlan0]: updateLinkLayerStatsRssiSpeedFrequencyCapabilities rssi=-50 TxLinkspeed=1 freq=2447 RxLinkSpeed=2
05-25 22:31:48.199   768  1420 D WifiDataStall: tx tput in kbps: 11000
05-25 22:31:48.199   768  1420 D WifiDataStall: rx tput in kbps: 11000
05-25 22:31:48.199   768  1420 V WifiConfigManager: Updating scan detail cache freq=2447 BSSID=00:13:10:85:fe:01 RSSI=-50 for "AndroidWifi"NONE
05-25 22:31:48.199   768  1420 D WifiThroughputPredictor:  utilization (LLS) 80 isBluetoothConnected: false final utilization: 80
05-25 22:31:48.199   768  1420 D WifiThroughputPredictor:  BW: 0 RSSI: -50 Nss: 1 Mode: 1 symDur: 4000 snrDb 30 bitPerTone: 4500 rate: 54 throughput: 11
05-25 22:31:48.199   768  1420 D WifiThroughputPredictor:  utilization (LLS) 80 isBluetoothConnected: false final utilization: 80
05-25 22:31:48.199   768  1420 D WifiThroughputPredictor:  BW: 0 RSSI: -50 Nss: 1 Mode: 1 symDur: 4000 snrDb 30 bitPerTone: 4500 rate: 54 throughput: 11
05-25 22:31:48.199   768  1420 D WifiThroughputPredictor:  utilization (LLS) 80 isBluetoothConnected: false final utilization: 80
05-25 22:31:48.199   768  1420 D WifiThroughputPredictor:  BW: 0 RSSI: -50 Nss: 1 Mode: 1 symDur: 4000 snrDb 30 bitPerTone: 4500 rate: 54 throughput: 11
05-25 22:31:48.199   768  1420 D WifiThroughputPredictor:  utilization (LLS) 80 isBluetoothConnected: false final utilization: 80
05-25 22:31:48.199   768  1420 D WifiThroughputPredictor:  BW: 0 RSSI: -50 Nss: 1 Mode: 1 symDur: 4000 snrDb 30 bitPerTone: 4500 rate: 54 throughput: 11
05-25 22:31:48.225   768  1420 I HalDevMgr: bestIfaceCreationProposal is null, requestIface=STA, existingIface=[name=wlan0 type=STA]
05-25 22:31:48.226   768  1420 D WifiScoreCard: BSSID update SIGNAL_POLL ID: 162913799 SSID: "AndroidWifi", BSSID: 00:13:10:85:fe:01, MAC: 02:15:b4:00:00:00, IP: /10.0.2.16, Security type: 0, Supplicant state: COMPLETED, Wi-Fi standard: legacy, RSSI: -50, Link speed: 1Mbps, Tx Link speed: 1Mbps, Max Supported Tx Link speed: 11Mbps, Calculated Tx : 0Mbps, Rx Link speed: 2Mbps, Max Supported Rx Link speed: 11Mbps, Calculated Rx : 0Mbps, Frequency: 2447MHz, Net ID: 0, Metered hint: false, score: 100, isUsable: true, CarrierMerged: false, SubscriptionId: -1, IsPrimary: 1, Trusted: true, Restricted: false, Ephemeral: false, OEM paid: false, OEM private: false, OSU AP: false, FQDN: <none>, Provider friendly name: <none>, Requesting package name: <none>"AndroidWifi"openMLO Information: , Is TID-To-Link negotiation supported by the AP: false, AP MLD Address: <none>, AP MLO Link Id: <none>, AP MLO Affiliated links: <none>, Vendor Data: <none>
05-25 22:31:48.226   768  1420 D WifiScoreCard: txRate: 1 txSpeed: 1
05-25 22:31:48.226   768  1420 D WifiScoreCard: network update SIGNAL_POLL "AndroidWifi" ID: 1382277043 RSSI -50 txSpeed -1
05-25 22:31:48.226   768  1420 D WifiClientModeImpl[122317:wlan0]:  ClientModeImpl$L2ConnectedState screen=on 36 0 "AndroidWifi" 00:13:10:85:fe:01 rssi=-50 f=2447 sc=100 link=1 tx=0.0, 0.0, 0.0 rx=0.0 bcn=0 [on:0 tx:0 rx:0 period:3025] from screen [on:0 period:1649847682] score=100
05-25 22:31:51.231   768  1420 D WifiClientModeImpl[122317:wlan0]: updateLinkLayerStatsRssiSpeedFrequencyCapabilities rssi=-50 TxLinkspeed=1 freq=2447 RxLinkSpeed=2
05-25 22:31:51.232   768  1420 D WifiDataStall: tx tput in kbps: 11000
05-25 22:31:51.232   768  1420 D WifiDataStall: rx tput in kbps: 11000
05-25 22:31:51.232   768  1420 V WifiConfigManager: Updating scan detail cache freq=2447 BSSID=00:13:10:85:fe:01 RSSI=-50 for "AndroidWifi"NONE
05-25 22:31:51.232   768  1420 D WifiThroughputPredictor:  utilization (LLS) 80 isBluetoothConnected: false final utilization: 80
05-25 22:31:51.232   768  1420 D WifiThroughputPredictor:  BW: 0 RSSI: -50 Nss: 1 Mode: 1 symDur: 4000 snrDb 30 bitPerTone: 4500 rate: 54 throughput: 11
05-25 22:31:51.232   768  1420 D WifiThroughputPredictor:  utilization (LLS) 80 isBluetoothConnected: false final utilization: 80
05-25 22:31:51.235   768  1420 D WifiThroughputPredictor:  BW: 0 RSSI: -50 Nss: 1 Mode: 1 symDur: 4000 snrDb 30 bitPerTone: 4500 rate: 54 throughput: 11
05-25 22:31:51.239   768  1420 D WifiThroughputPredictor:  utilization (LLS) 80 isBluetoothConnected: false final utilization: 80
05-25 22:31:51.239   768  1420 D WifiThroughputPredictor:  BW: 0 RSSI: -50 Nss: 1 Mode: 1 symDur: 4000 snrDb 30 bitPerTone: 4500 rate: 54 throughput: 11
05-25 22:31:51.240   768  1420 D WifiThroughputPredictor:  utilization (LLS) 80 isBluetoothConnected: false final utilization: 80
05-25 22:31:51.240   768  1420 D WifiThroughputPredictor:  BW: 0 RSSI: -50 Nss: 1 Mode: 1 symDur: 4000 snrDb 30 bitPerTone: 4500 rate: 54 throughput: 11
05-25 22:31:51.251   768  1420 I HalDevMgr: bestIfaceCreationProposal is null, requestIface=STA, existingIface=[name=wlan0 type=STA]
05-25 22:31:51.252   768  1420 D WifiScoreCard: BSSID update SIGNAL_POLL ID: 162913799 SSID: "AndroidWifi", BSSID: 00:13:10:85:fe:01, MAC: 02:15:b4:00:00:00, IP: /10.0.2.16, Security type: 0, Supplicant state: COMPLETED, Wi-Fi standard: legacy, RSSI: -50, Link speed: 1Mbps, Tx Link speed: 1Mbps, Max Supported Tx Link speed: 11Mbps, Calculated Tx : 0Mbps, Rx Link speed: 2Mbps, Max Supported Rx Link speed: 11Mbps, Calculated Rx : 0Mbps, Frequency: 2447MHz, Net ID: 0, Metered hint: false, score: 100, isUsable: true, CarrierMerged: false, SubscriptionId: -1, IsPrimary: 1, Trusted: true, Restricted: false, Ephemeral: false, OEM paid: false, OEM private: false, OSU AP: false, FQDN: <none>, Provider friendly name: <none>, Requesting package name: <none>"AndroidWifi"openMLO Information: , Is TID-To-Link negotiation supported by the AP: false, AP MLD Address: <none>, AP MLO Link Id: <none>, AP MLO Affiliated links: <none>, Vendor Data: <none>
05-25 22:31:51.252   768  1420 D WifiScoreCard: txRate: 1 txSpeed: 1
05-25 22:31:51.252   768  1420 D WifiScoreCard: network update SIGNAL_POLL "AndroidWifi" ID: 1382277043 RSSI -50 txSpeed -1
05-25 22:31:51.255   768  1420 D WifiClientModeImpl[122317:wlan0]:  ClientModeImpl$L2ConnectedState screen=on 36 0 "AndroidWifi" 00:13:10:85:fe:01 rssi=-50 f=2447 sc=100 link=1 tx=0.0, 0.0, 0.0 rx=0.0 bcn=0 [on:0 tx:0 rx:0 period:3028] from screen [on:0 period:1649850710] score=100
05-25 22:31:52.948  1785  1785 D wpa_supplicant: nl80211: Drv Event 64 (NL80211_CMD_NOTIFY_CQM) received for wlan0
05-25 22:31:52.948  1785  1785 D wpa_supplicant: nl80211: Beacon loss event
05-25 22:31:52.948  1785  1785 D wpa_supplicant: wlan0: Event BEACON_LOSS (53) received
05-25 22:31:52.948  1785  1785 I wpa_supplicant: wlan0: CTRL-EVENT-BEACON-LOSS 
05-25 22:31:54.258   768  1420 D WifiClientModeImpl[122317:wlan0]: updateLinkLayerStatsRssiSpeedFrequencyCapabilities rssi=-50 TxLinkspeed=1 freq=2447 RxLinkSpeed=2
05-25 22:31:54.258   768  1420 D WifiDataStall: tx tput in kbps: 11000
05-25 22:31:54.258   768  1420 D WifiDataStall: rx tput in kbps: 11000
05-25 22:31:54.258   768  1420 V WifiConfigManager: Updating scan detail cache freq=2447 BSSID=00:13:10:85:fe:01 RSSI=-50 for "AndroidWifi"NONE
05-25 22:31:54.259   768  1420 D WifiThroughputPredictor:  utilization (LLS) 80 isBluetoothConnected: false final utilization: 80
05-25 22:31:54.259   768  1420 D WifiThroughputPredictor:  BW: 0 RSSI: -50 Nss: 1 Mode: 1 symDur: 4000 snrDb 30 bitPerTone: 4500 rate: 54 throughput: 11
05-25 22:31:54.259   768  1420 D WifiThroughputPredictor:  utilization (LLS) 80 isBluetoothConnected: false final utilization: 80
05-25 22:31:54.259   768  1420 D WifiThroughputPredictor:  BW: 0 RSSI: -50 Nss: 1 Mode: 1 symDur: 4000 snrDb 30 bitPerTone: 4500 rate: 54 throughput: 11
05-25 22:31:54.259   768  1420 D WifiThroughputPredictor:  utilization (LLS) 80 isBluetoothConnected: false final utilization: 80
05-25 22:31:54.259   768  1420 D WifiThroughputPredictor:  BW: 0 RSSI: -50 Nss: 1 Mode: 1 symDur: 4000 snrDb 30 bitPerTone: 4500 rate: 54 throughput: 11
05-25 22:31:54.259   768  1420 D WifiThroughputPredictor:  utilization (LLS) 80 isBluetoothConnected: false final utilization: 80
05-25 22:31:54.259   768  1420 D WifiThroughputPredictor:  BW: 0 RSSI: -50 Nss: 1 Mode: 1 symDur: 4000 snrDb 30 bitPerTone: 4500 rate: 54 throughput: 11
05-25 22:31:54.275   768  1420 I HalDevMgr: bestIfaceCreationProposal is null, requestIface=STA, existingIface=[name=wlan0 type=STA]
05-25 22:31:54.275   768  1420 D WifiScoreCard: BSSID update SIGNAL_POLL ID: 162913799 SSID: "AndroidWifi", BSSID: 00:13:10:85:fe:01, MAC: 02:15:b4:00:00:00, IP: /10.0.2.16, Security type: 0, Supplicant state: COMPLETED, Wi-Fi standard: legacy, RSSI: -50, Link speed: 1Mbps, Tx Link speed: 1Mbps, Max Supported Tx Link speed: 11Mbps, Calculated Tx : 0Mbps, Rx Link speed: 2Mbps, Max Supported Rx Link speed: 11Mbps, Calculated Rx : 0Mbps, Frequency: 2447MHz, Net ID: 0, Metered hint: false, score: 100, isUsable: true, CarrierMerged: false, SubscriptionId: -1, IsPrimary: 1, Trusted: true, Restricted: false, Ephemeral: false, OEM paid: false, OEM private: false, OSU AP: false, FQDN: <none>, Provider friendly name: <none>, Requesting package name: <none>"AndroidWifi"openMLO Information: , Is TID-To-Link negotiation supported by the AP: false, AP MLD Address: <none>, AP MLO Link Id: <none>, AP MLO Affiliated links: <none>, Vendor Data: <none>
05-25 22:31:54.275   768  1420 D WifiScoreCard: txRate: 1 txSpeed: 1
05-25 22:31:54.275   768  1420 D WifiScoreCard: network update SIGNAL_POLL "AndroidWifi" ID: 1382277043 RSSI -50 txSpeed -1
05-25 22:31:54.275   768  1420 D WifiClientModeImpl[122317:wlan0]:  ClientModeImpl$L2ConnectedState screen=on 36 0 "AndroidWifi" 00:13:10:85:fe:01 rssi=-50 f=2447 sc=100 link=1 tx=0.0, 0.0, 0.0 rx=0.0 bcn=0 [on:0 tx:0 rx:0 period:3020] from screen [on:0 period:1649853731] score=100
05-25 22:31:57.283   768  1420 D WifiClientModeImpl[122317:wlan0]: updateLinkLayerStatsRssiSpeedFrequencyCapabilities rssi=-50 TxLinkspeed=1 freq=2447 RxLinkSpeed=2
05-25 22:31:57.283   768  1420 D WifiDataStall: tx tput in kbps: 11000
05-25 22:31:57.283   768  1420 D WifiDataStall: rx tput in kbps: 11000
05-25 22:31:57.284   768  1420 V WifiConfigManager: Updating scan detail cache freq=2447 BSSID=00:13:10:85:fe:01 RSSI=-50 for "AndroidWifi"NONE
05-25 22:31:57.284   768  1420 D WifiThroughputPredictor:  utilization (LLS) 80 isBluetoothConnected: false final utilization: 80
05-25 22:31:57.289   768  1420 D WifiThroughputPredictor:  BW: 0 RSSI: -50 Nss: 1 Mode: 1 symDur: 4000 snrDb 30 bitPerTone: 4500 rate: 54 throughput: 11
05-25 22:31:57.289   768  1420 D WifiThroughputPredictor:  utilization (LLS) 80 isBluetoothConnected: false final utilization: 80
05-25 22:31:57.289   768  1420 D WifiThroughputPredictor:  BW: 0 RSSI: -50 Nss: 1 Mode: 1 symDur: 4000 snrDb 30 bitPerTone: 4500 rate: 54 throughput: 11
05-25 22:31:57.291   768  1420 D WifiThroughputPredictor:  utilization (LLS) 80 isBluetoothConnected: false final utilization: 80
05-25 22:31:57.291   768  1420 D WifiThroughputPredictor:  BW: 0 RSSI: -50 Nss: 1 Mode: 1 symDur: 4000 snrDb 30 bitPerTone: 4500 rate: 54 throughput: 11
05-25 22:31:57.291   768  1420 D WifiThroughputPredictor:  utilization (LLS) 80 isBluetoothConnected: false final utilization: 80
05-25 22:31:57.291   768  1420 D WifiThroughputPredictor:  BW: 0 RSSI: -50 Nss: 1 Mode: 1 symDur: 4000 snrDb 30 bitPerTone: 4500 rate: 54 throughput: 11
05-25 22:31:57.298   768  1420 I HalDevMgr: bestIfaceCreationProposal is null, requestIface=STA, existingIface=[name=wlan0 type=STA]
05-25 22:31:57.299   768  1420 D WifiScoreCard: BSSID update SIGNAL_POLL ID: 162913799 SSID: "AndroidWifi", BSSID: 00:13:10:85:fe:01, MAC: 02:15:b4:00:00:00, IP: /10.0.2.16, Security type: 0, Supplicant state: COMPLETED, Wi-Fi standard: legacy, RSSI: -50, Link speed: 1Mbps, Tx Link speed: 1Mbps, Max Supported Tx Link speed: 11Mbps, Calculated Tx : 0Mbps, Rx Link speed: 2Mbps, Max Supported Rx Link speed: 11Mbps, Calculated Rx : 0Mbps, Frequency: 2447MHz, Net ID: 0, Metered hint: false, score: 100, isUsable: true, CarrierMerged: false, SubscriptionId: -1, IsPrimary: 1, Trusted: true, Restricted: false, Ephemeral: false, OEM paid: false, OEM private: false, OSU AP: false, FQDN: <none>, Provider friendly name: <none>, Requesting package name: <none>"AndroidWifi"openMLO Information: , Is TID-To-Link negotiation supported by the AP: false, AP MLD Address: <none>, AP MLO Link Id: <none>, AP MLO Affiliated links: <none>, Vendor Data: <none>
05-25 22:31:57.299   768  1420 D WifiScoreCard: txRate: 1 txSpeed: 1
05-25 22:31:57.299   768  1420 D WifiScoreCard: network update SIGNAL_POLL "AndroidWifi" ID: 1382277043 RSSI -50 txSpeed -1
05-25 22:31:57.299   768  1420 D WifiClientModeImpl[122317:wlan0]:  ClientModeImpl$L2ConnectedState screen=on 36 0 "AndroidWifi" 00:13:10:85:fe:01 rssi=-50 f=2447 sc=100 link=1 tx=0.0, 0.0, 0.0 rx=0.0 bcn=0 [on:0 tx:0 rx:0 period:3024] from screen [on:0 period:1649856755] score=100
05-25 22:31:57.517  1718  1926 D SatelliteController: isInCarrierRoamingNbIotNtn: satellite is disabled
05-25 22:31:57.517  1718  1926 D SatelliteController: getCarrierRoamingNtnConnectType: Checking connect type from PLMN config for subId: 1
05-25 22:31:57.517  1718  1926 D TelephonyConfigUpdateInstallReceiver: getConfigParser: domain=satellite
05-25 22:31:57.517  1718  1926 V SatelliteController: satelliteConfigParser is not ready
05-25 22:31:57.517  1718  1926 D SatelliteController: isSatelliteAttachSupportedViaConfigupdater: return null (satelliteConfig is null)
05-25 22:31:57.522  1718  1926 D SatelliteController: getSatellitePerPlmnConfiguration: invalid subId or not supported via carrier.
05-25 22:31:57.523  1718  1926 D SatelliteController: getCarrierRoamingNtnConnectType: config: null
05-25 22:31:57.523  1718  1926 D TelephonyConfigUpdateInstallReceiver: getConfigParser: domain=satellite
05-25 22:31:57.524  1718  1926 V SatelliteController: satelliteConfigParser is not ready
05-25 22:31:57.524  1718  1926 D SatelliteController: getCarrierRoamingNtnConnectTypeViaConfigUpdater: return null (satelliteConfig is null)
05-25 22:31:57.524   768   813 W libbinder.IPCThreadState: Sending oneway calls to frozen process.
05-25 22:31:57.530  1718  1926 D SatelliteController: getCarrierRoamingNtnConnectType: Falling back to global carrier config connect type: 0
05-25 22:31:57.530  1718  1926 D TelephonyConfigUpdateInstallReceiver: getConfigParser: domain=satellite
05-25 22:31:57.530  1718  1926 V SatelliteController: satelliteConfigParser is not ready
05-25 22:31:57.530  1718  1926 D SatelliteController: isSatelliteAttachSupportedViaConfigupdater: return null (satelliteConfig is null)
05-25 22:31:57.532  1718  1926 D SatelliteController: getCarrierRoamingNtnConnectType: Checking connect type from PLMN config for subId: 1
05-25 22:31:57.532  1718  1926 D TelephonyConfigUpdateInstallReceiver: getConfigParser: domain=satellite
05-25 22:31:57.532  1718  1926 V SatelliteController: satelliteConfigParser is not ready
05-25 22:31:57.532  1718  1926 D SatelliteController: isSatelliteAttachSupportedViaConfigupdater: return null (satelliteConfig is null)
05-25 22:31:57.537  1718  1926 D SatelliteController: getSatellitePerPlmnConfiguration: invalid subId or not supported via carrier.
05-25 22:31:57.537  1718  1926 D SatelliteController: getCarrierRoamingNtnConnectType: config: null
05-25 22:31:57.537  1718  1926 D TelephonyConfigUpdateInstallReceiver: getConfigParser: domain=satellite
05-25 22:31:57.537  1718  1926 V SatelliteController: satelliteConfigParser is not ready
05-25 22:31:57.537  1718  1926 D SatelliteController: getCarrierRoamingNtnConnectTypeViaConfigUpdater: return null (satelliteConfig is null)
05-25 22:31:57.546  1718  1926 D SatelliteController: getCarrierRoamingNtnConnectType: Falling back to global carrier config connect type: 0
05-25 22:31:57.546  1718  1926 D TelephonyConfigUpdateInstallReceiver: getConfigParser: domain=satellite
05-25 22:31:57.546  1718  1926 V SatelliteController: satelliteConfigParser is not ready
05-25 22:31:57.547  1718  1926 D SatelliteController: isSatelliteAttachSupportedViaConfigupdater: return null (satelliteConfig is null)
05-25 22:31:57.627   570   632 W skia    : AGTM parsing failed flags.readFromStream(s) at 159
05-25 22:31:57.627   570   632 W skia    : AGTM parsing failed flags.readFromStream(s) at 159
05-25 22:32:00.094   570   632 W skia    : AGTM parsing failed flags.readFromStream(s) at 159
05-25 22:32:00.094   570   632 W skia    : AGTM parsing failed flags.readFromStream(s) at 159
05-25 22:32:00.306   768  1420 D WifiClientModeImpl[122317:wlan0]: updateLinkLayerStatsRssiSpeedFrequencyCapabilities rssi=-50 TxLinkspeed=1 freq=2447 RxLinkSpeed=2
05-25 22:32:00.307   768  1420 D WifiDataStall: tx tput in kbps: 11000
05-25 22:32:00.307   768  1420 D WifiDataStall: rx tput in kbps: 11000
05-25 22:32:00.308   768  1420 V WifiConfigManager: Updating scan detail cache freq=2447 BSSID=00:13:10:85:fe:01 RSSI=-50 for "AndroidWifi"NONE
05-25 22:32:00.313   768  1420 D WifiThroughputPredictor:  utilization (LLS) 80 isBluetoothConnected: false final utilization: 80
05-25 22:32:00.319   768  1420 D WifiThroughputPredictor:  BW: 0 RSSI: -50 Nss: 1 Mode: 1 symDur: 4000 snrDb 30 bitPerTone: 4500 rate: 54 throughput: 11
05-25 22:32:00.319   768  1420 D WifiThroughputPredictor:  utilization (LLS) 80 isBluetoothConnected: false final utilization: 80
05-25 22:32:00.320   768  1420 D WifiThroughputPredictor:  BW: 0 RSSI: -50 Nss: 1 Mode: 1 symDur: 4000 snrDb 30 bitPerTone: 4500 rate: 54 throughput: 11
05-25 22:32:00.320   768  1420 D WifiThroughputPredictor:  utilization (LLS) 80 isBluetoothConnected: false final utilization: 80
05-25 22:32:00.320   768  1420 D WifiThroughputPredictor:  BW: 0 RSSI: -50 Nss: 1 Mode: 1 symDur: 4000 snrDb 30 bitPerTone: 4500 rate: 54 throughput: 11
05-25 22:32:00.321   768  1420 D WifiThroughputPredictor:  utilization (LLS) 80 isBluetoothConnected: false final utilization: 80
05-25 22:32:00.322   768  1420 D WifiThroughputPredictor:  BW: 0 RSSI: -50 Nss: 1 Mode: 1 symDur: 4000 snrDb 30 bitPerTone: 4500 rate: 54 throughput: 11
05-25 22:32:00.342   768  1420 I HalDevMgr: bestIfaceCreationProposal is null, requestIface=STA, existingIface=[name=wlan0 type=STA]
05-25 22:32:00.343   768  1420 D WifiScoreCard: BSSID update SIGNAL_POLL ID: 162913799 SSID: "AndroidWifi", BSSID: 00:13:10:85:fe:01, MAC: 02:15:b4:00:00:00, IP: /10.0.2.16, Security type: 0, Supplicant state: COMPLETED, Wi-Fi standard: legacy, RSSI: -50, Link speed: 1Mbps, Tx Link speed: 1Mbps, Max Supported Tx Link speed: 11Mbps, Calculated Tx : 0Mbps, Rx Link speed: 2Mbps, Max Supported Rx Link speed: 11Mbps, Calculated Rx : 0Mbps, Frequency: 2447MHz, Net ID: 0, Metered hint: false, score: 100, isUsable: true, CarrierMerged: false, SubscriptionId: -1, IsPrimary: 1, Trusted: true, Restricted: false, Ephemeral: false, OEM paid: false, OEM private: false, OSU AP: false, FQDN: <none>, Provider friendly name: <none>, Requesting package name: <none>"AndroidWifi"openMLO Information: , Is TID-To-Link negotiation supported by the AP: false, AP MLD Address: <none>, AP MLO Link Id: <none>, AP MLO Affiliated links: <none>, Vendor Data: <none>
05-25 22:32:00.343   768  1420 D WifiScoreCard: txRate: 1 txSpeed: 1
05-25 22:32:00.343   768  1420 D WifiScoreCard: network update SIGNAL_POLL "AndroidWifi" ID: 1382277043 RSSI -50 txSpeed -1
05-25 22:32:00.343   768  1420 D WifiClientModeImpl[122317:wlan0]:  ClientModeImpl$L2ConnectedState screen=on 36 0 "AndroidWifi" 00:13:10:85:fe:01 rssi=-50 f=2447 sc=100 link=1 tx=0.0, 0.0, 0.0 rx=0.0 bcn=0 [on:0 tx:0 rx:0 period:3044] from screen [on:0 period:1649859799] score=100
05-25 22:32:01.139  1785  1785 D wpa_supplicant: nl80211: Drv Event 64 (NL80211_CMD_NOTIFY_CQM) received for wlan0
05-25 22:32:01.139  1785  1785 D wpa_supplicant: nl80211: Beacon loss event
05-25 22:32:01.139  1785  1785 D wpa_supplicant: wlan0: Event BEACON_LOSS (53) received
05-25 22:32:01.139  1785  1785 I wpa_supplicant: wlan0: CTRL-EVENT-BEACON-LOSS 
05-25 22:32:03.350   768  1420 D WifiClientModeImpl[122317:wlan0]: updateLinkLayerStatsRssiSpeedFrequencyCapabilities rssi=-50 TxLinkspeed=1 freq=2447 RxLinkSpeed=2
05-25 22:32:03.350   768  1420 D WifiDataStall: tx tput in kbps: 11000
05-25 22:32:03.350   768  1420 D WifiDataStall: rx tput in kbps: 11000
05-25 22:32:03.350   768  1420 V WifiConfigManager: Updating scan detail cache freq=2447 BSSID=00:13:10:85:fe:01 RSSI=-50 for "AndroidWifi"NONE
05-25 22:32:03.351   768  1420 D WifiThroughputPredictor:  utilization (LLS) 80 isBluetoothConnected: false final utilization: 80
05-25 22:32:03.357   768  1420 D WifiThroughputPredictor:  BW: 0 RSSI: -50 Nss: 1 Mode: 1 symDur: 4000 snrDb 30 bitPerTone: 4500 rate: 54 throughput: 11
05-25 22:32:03.357   768  1420 D WifiThroughputPredictor:  utilization (LLS) 80 isBluetoothConnected: false final utilization: 80
05-25 22:32:03.357   768  1420 D WifiThroughputPredictor:  BW: 0 RSSI: -50 Nss: 1 Mode: 1 symDur: 4000 snrDb 30 bitPerTone: 4500 rate: 54 throughput: 11
05-25 22:32:03.358   768  1420 D WifiThroughputPredictor:  utilization (LLS) 80 isBluetoothConnected: false final utilization: 80
05-25 22:32:03.358   768  1420 D WifiThroughputPredictor:  BW: 0 RSSI: -50 Nss: 1 Mode: 1 symDur: 4000 snrDb 30 bitPerTone: 4500 rate: 54 throughput: 11
05-25 22:32:03.358   768  1420 D WifiThroughputPredictor:  utilization (LLS) 80 isBluetoothConnected: false final utilization: 80
05-25 22:32:03.358   768  1420 D WifiThroughputPredictor:  BW: 0 RSSI: -50 Nss: 1 Mode: 1 symDur: 4000 snrDb 30 bitPerTone: 4500 rate: 54 throughput: 11
05-25 22:32:03.384   768  1420 I HalDevMgr: bestIfaceCreationProposal is null, requestIface=STA, existingIface=[name=wlan0 type=STA]
05-25 22:32:03.386   768  1420 D WifiScoreCard: BSSID update SIGNAL_POLL ID: 162913799 SSID: "AndroidWifi", BSSID: 00:13:10:85:fe:01, MAC: 02:15:b4:00:00:00, IP: /10.0.2.16, Security type: 0, Supplicant state: COMPLETED, Wi-Fi standard: legacy, RSSI: -50, Link speed: 1Mbps, Tx Link speed: 1Mbps, Max Supported Tx Link speed: 11Mbps, Calculated Tx : 0Mbps, Rx Link speed: 2Mbps, Max Supported Rx Link speed: 11Mbps, Calculated Rx : 0Mbps, Frequency: 2447MHz, Net ID: 0, Metered hint: false, score: 100, isUsable: true, CarrierMerged: false, SubscriptionId: -1, IsPrimary: 1, Trusted: true, Restricted: false, Ephemeral: false, OEM paid: false, OEM private: false, OSU AP: false, FQDN: <none>, Provider friendly name: <none>, Requesting package name: <none>"AndroidWifi"openMLO Information: , Is TID-To-Link negotiation supported by the AP: false, AP MLD Address: <none>, AP MLO Link Id: <none>, AP MLO Affiliated links: <none>, Vendor Data: <none>
05-25 22:32:03.386   768  1420 D WifiScoreCard: txRate: 1 txSpeed: 1
05-25 22:32:03.386   768  1420 D WifiScoreCard: network update SIGNAL_POLL "AndroidWifi" ID: 1382277043 RSSI -50 txSpeed -1
05-25 22:32:03.387   768  1420 D WifiClientModeImpl[122317:wlan0]:  ClientModeImpl$L2ConnectedState screen=on 36 0 "AndroidWifi" 00:13:10:85:fe:01 rssi=-50 f=2447 sc=100 link=1 tx=0.0, 0.0, 0.0 rx=0.0 bcn=0 [on:0 tx:0 rx:0 period:3035] from screen [on:0 period:1649862843] score=100
05-25 22:32:06.393   768  1420 D WifiClientModeImpl[122317:wlan0]: updateLinkLayerStatsRssiSpeedFrequencyCapabilities rssi=-50 TxLinkspeed=1 freq=2447 RxLinkSpeed=2
05-25 22:32:06.393   768  1420 D WifiDataStall: tx tput in kbps: 11000
05-25 22:32:06.393   768  1420 D WifiDataStall: rx tput in kbps: 11000
05-25 22:32:06.393   768  1420 V WifiConfigManager: Updating scan detail cache freq=2447 BSSID=00:13:10:85:fe:01 RSSI=-50 for "AndroidWifi"NONE
05-25 22:32:06.394   768  1420 D WifiThroughputPredictor:  utilization (LLS) 80 isBluetoothConnected: false final utilization: 80
05-25 22:32:06.395   768  1420 D WifiThroughputPredictor:  BW: 0 RSSI: -50 Nss: 1 Mode: 1 symDur: 4000 snrDb 30 bitPerTone: 4500 rate: 54 throughput: 11
05-25 22:32:06.395   768  1420 D WifiThroughputPredictor:  utilization (LLS) 80 isBluetoothConnected: false final utilization: 80
05-25 22:32:06.396   768  1420 D WifiThroughputPredictor:  BW: 0 RSSI: -50 Nss: 1 Mode: 1 symDur: 4000 snrDb 30 bitPerTone: 4500 rate: 54 throughput: 11
05-25 22:32:06.401   768  1420 D WifiThroughputPredictor:  utilization (LLS) 80 isBluetoothConnected: false final utilization: 80
05-25 22:32:06.401   768  1420 D WifiThroughputPredictor:  BW: 0 RSSI: -50 Nss: 1 Mode: 1 symDur: 4000 snrDb 30 bitPerTone: 4500 rate: 54 throughput: 11
05-25 22:32:06.401   768  1420 D WifiThroughputPredictor:  utilization (LLS) 80 isBluetoothConnected: false final utilization: 80
05-25 22:32:06.402   768  1420 D WifiThroughputPredictor:  BW: 0 RSSI: -50 Nss: 1 Mode: 1 symDur: 4000 snrDb 30 bitPerTone: 4500 rate: 54 throughput: 11
05-25 22:32:06.419   768  1420 I HalDevMgr: bestIfaceCreationProposal is null, requestIface=STA, existingIface=[name=wlan0 type=STA]
05-25 22:32:06.419   768  1420 D WifiScoreCard: BSSID update SIGNAL_POLL ID: 162913799 SSID: "AndroidWifi", BSSID: 00:13:10:85:fe:01, MAC: 02:15:b4:00:00:00, IP: /10.0.2.16, Security type: 0, Supplicant state: COMPLETED, Wi-Fi standard: legacy, RSSI: -50, Link speed: 1Mbps, Tx Link speed: 1Mbps, Max Supported Tx Link speed: 11Mbps, Calculated Tx : 0Mbps, Rx Link speed: 2Mbps, Max Supported Rx Link speed: 11Mbps, Calculated Rx : 0Mbps, Frequency: 2447MHz, Net ID: 0, Metered hint: false, score: 100, isUsable: true, CarrierMerged: false, SubscriptionId: -1, IsPrimary: 1, Trusted: true, Restricted: false, Ephemeral: false, OEM paid: false, OEM private: false, OSU AP: false, FQDN: <none>, Provider friendly name: <none>, Requesting package name: <none>"AndroidWifi"openMLO Information: , Is TID-To-Link negotiation supported by the AP: false, AP MLD Address: <none>, AP MLO Link Id: <none>, AP MLO Affiliated links: <none>, Vendor Data: <none>
05-25 22:32:06.419   768  1420 D WifiScoreCard: txRate: 1 txSpeed: 1
05-25 22:32:06.419   768  1420 D WifiScoreCard: network update SIGNAL_POLL "AndroidWifi" ID: 1382277043 RSSI -50 txSpeed -1
