05-25 22:32:39.860   768  1420 D WifiScoreCard: BSSID update SIGNAL_POLL ID: 162913799 SSID: "AndroidWifi", BSSID: 00:13:10:85:fe:01, MAC: 02:15:b4:00:00:00, IP: /10.0.2.16, Security type: 0, Supplicant state: COMPLETED, Wi-Fi standard: legacy, RSSI: -50, Link speed: 1Mbps, Tx Link speed: 1Mbps, Max Supported Tx Link speed: 11Mbps, Calculated Tx : 0Mbps, Rx Link speed: 2Mbps, Max Supported Rx Link speed: 11Mbps, Calculated Rx : 0Mbps, Frequency: 2447MHz, Net ID: 0, Metered hint: false, score: 100, isUsable: true, CarrierMerged: false, SubscriptionId: -1, IsPrimary: 1, Trusted: true, Restricted: false, Ephemeral: false, OEM paid: false, OEM private: false, OSU AP: false, FQDN: <none>, Provider friendly name: <none>, Requesting package name: <none>"AndroidWifi"openMLO Information: , Is TID-To-Link negotiation supported by the AP: false, AP MLD Address: <none>, AP MLO Link Id: <none>, AP MLO Affiliated links: <none>, Vendor Data: <none>
05-25 22:32:39.860   768  1420 D WifiScoreCard: txRate: 1 txSpeed: 1
05-25 22:32:39.860   768  1420 D WifiScoreCard: network update SIGNAL_POLL "AndroidWifi" ID: 1382277043 RSSI -50 txSpeed -1
05-25 22:32:39.861   768  1420 D WifiClientModeImpl[122317:wlan0]:  ClientModeImpl$L2ConnectedState screen=on 36 0 "AndroidWifi" 00:13:10:85:fe:01 rssi=-50 f=2447 sc=100 link=1 tx=0.0, 0.0, 0.0 rx=0.0 bcn=0 [on:0 tx:0 rx:0 period:3026] from screen [on:0 period:1649899317] score=100
05-25 22:32:41.080  1785  1785 D wpa_supplicant: nl80211: Drv Event 64 (NL80211_CMD_NOTIFY_CQM) received for wlan0
05-25 22:32:41.080  1785  1785 D wpa_supplicant: nl80211: Beacon loss event
05-25 22:32:41.080  1785  1785 D wpa_supplicant: wlan0: Event BEACON_LOSS (53) received
05-25 22:32:41.080  1785  1785 I wpa_supplicant: wlan0: CTRL-EVENT-BEACON-LOSS 
05-25 22:32:41.183   570   632 W skia    : AGTM parsing failed flags.readFromStream(s) at 159
05-25 22:32:41.184   570   632 W skia    : AGTM parsing failed flags.readFromStream(s) at 159
05-25 22:32:41.445   570   632 W skia    : AGTM parsing failed flags.readFromStream(s) at 159
05-25 22:32:41.445   570   632 W skia    : AGTM parsing failed flags.readFromStream(s) at 159
05-25 22:32:41.614   570   632 W skia    : AGTM parsing failed flags.readFromStream(s) at 159
05-25 22:32:41.614   570   632 W skia    : AGTM parsing failed flags.readFromStream(s) at 159
05-25 22:32:41.779   570   632 W skia    : AGTM parsing failed flags.readFromStream(s) at 159
05-25 22:32:41.779   570   632 W skia    : AGTM parsing failed flags.readFromStream(s) at 159
05-25 22:32:42.091   570   632 W skia    : AGTM parsing failed flags.readFromStream(s) at 159
05-25 22:32:42.092   570   632 W skia    : AGTM parsing failed flags.readFromStream(s) at 159
05-25 22:32:42.181   570   632 W skia    : AGTM parsing failed flags.readFromStream(s) at 159
05-25 22:32:42.182   570   632 W skia    : AGTM parsing failed flags.readFromStream(s) at 159
05-25 22:32:42.377   570   632 W skia    : AGTM parsing failed flags.readFromStream(s) at 159
05-25 22:32:42.377   570   632 W skia    : AGTM parsing failed flags.readFromStream(s) at 159
05-25 22:32:42.542   570   632 W skia    : AGTM parsing failed flags.readFromStream(s) at 159
05-25 22:32:42.542   570   632 W skia    : AGTM parsing failed flags.readFromStream(s) at 159
05-25 22:32:42.673   570   632 W skia    : AGTM parsing failed flags.readFromStream(s) at 159
05-25 22:32:42.673   570   632 W skia    : AGTM parsing failed flags.readFromStream(s) at 159
05-25 22:32:42.867   768  1420 D WifiClientModeImpl[122317:wlan0]: updateLinkLayerStatsRssiSpeedFrequencyCapabilities rssi=-50 TxLinkspeed=1 freq=2447 RxLinkSpeed=2
05-25 22:32:42.868   768  1420 D WifiDataStall: tx tput in kbps: 11000
05-25 22:32:42.868   768  1420 D WifiDataStall: rx tput in kbps: 11000
05-25 22:32:42.868   768  1420 V WifiConfigManager: Updating scan detail cache freq=2447 BSSID=00:13:10:85:fe:01 RSSI=-50 for "AndroidWifi"NONE
05-25 22:32:42.869   768  1420 D WifiThroughputPredictor:  utilization (LLS) 80 isBluetoothConnected: false final utilization: 80
05-25 22:32:42.869   768  1420 D WifiThroughputPredictor:  BW: 0 RSSI: -50 Nss: 1 Mode: 1 symDur: 4000 snrDb 30 bitPerTone: 4500 rate: 54 throughput: 11
05-25 22:32:42.869   768  1420 D WifiThroughputPredictor:  utilization (LLS) 80 isBluetoothConnected: false final utilization: 80
05-25 22:32:42.869   768  1420 D WifiThroughputPredictor:  BW: 0 RSSI: -50 Nss: 1 Mode: 1 symDur: 4000 snrDb 30 bitPerTone: 4500 rate: 54 throughput: 11
05-25 22:32:42.869   768  1420 D WifiThroughputPredictor:  utilization (LLS) 80 isBluetoothConnected: false final utilization: 80
05-25 22:32:42.869   768  1420 D WifiThroughputPredictor:  BW: 0 RSSI: -50 Nss: 1 Mode: 1 symDur: 4000 snrDb 30 bitPerTone: 4500 rate: 54 throughput: 11
05-25 22:32:42.869   768  1420 D WifiThroughputPredictor:  utilization (LLS) 80 isBluetoothConnected: false final utilization: 80
05-25 22:32:42.873   768  1420 D WifiThroughputPredictor:  BW: 0 RSSI: -50 Nss: 1 Mode: 1 symDur: 4000 snrDb 30 bitPerTone: 4500 rate: 54 throughput: 11
05-25 22:32:42.887   768  1420 I HalDevMgr: bestIfaceCreationProposal is null, requestIface=STA, existingIface=[name=wlan0 type=STA]
05-25 22:32:42.889   768  1420 D WifiScoreCard: BSSID update SIGNAL_POLL ID: 162913799 SSID: "AndroidWifi", BSSID: 00:13:10:85:fe:01, MAC: 02:15:b4:00:00:00, IP: /10.0.2.16, Security type: 0, Supplicant state: COMPLETED, Wi-Fi standard: legacy, RSSI: -50, Link speed: 1Mbps, Tx Link speed: 1Mbps, Max Supported Tx Link speed: 11Mbps, Calculated Tx : 0Mbps, Rx Link speed: 2Mbps, Max Supported Rx Link speed: 11Mbps, Calculated Rx : 0Mbps, Frequency: 2447MHz, Net ID: 0, Metered hint: false, score: 100, isUsable: true, CarrierMerged: false, SubscriptionId: -1, IsPrimary: 1, Trusted: true, Restricted: false, Ephemeral: false, OEM paid: false, OEM private: false, OSU AP: false, FQDN: <none>, Provider friendly name: <none>, Requesting package name: <none>"AndroidWifi"openMLO Information: , Is TID-To-Link negotiation supported by the AP: false, AP MLD Address: <none>, AP MLO Link Id: <none>, AP MLO Affiliated links: <none>, Vendor Data: <none>
05-25 22:32:42.889   768  1420 D WifiScoreCard: txRate: 1 txSpeed: 1
05-25 22:32:42.889   768  1420 D WifiScoreCard: network update SIGNAL_POLL "AndroidWifi" ID: 1382277043 RSSI -50 txSpeed -1
05-25 22:32:42.889   768  1420 D WifiClientModeImpl[122317:wlan0]:  ClientModeImpl$L2ConnectedState screen=on 36 0 "AndroidWifi" 00:13:10:85:fe:01 rssi=-50 f=2447 sc=100 link=1 tx=0.0, 0.0, 0.0 rx=0.0 bcn=0 [on:0 tx:0 rx:0 period:3026] from screen [on:0 period:1649902345] score=100
05-25 22:32:42.968   570   632 W skia    : AGTM parsing failed flags.readFromStream(s) at 159
05-25 22:32:42.968   570   632 W skia    : AGTM parsing failed flags.readFromStream(s) at 159
05-25 22:32:43.209   570   632 W skia    : AGTM parsing failed flags.readFromStream(s) at 159
05-25 22:32:43.209   570   632 W skia    : AGTM parsing failed flags.readFromStream(s) at 159
05-25 22:32:43.277   570   632 W skia    : AGTM parsing failed flags.readFromStream(s) at 159
05-25 22:32:43.277   570   632 W skia    : AGTM parsing failed flags.readFromStream(s) at 159
05-25 22:32:43.562   570   632 W skia    : AGTM parsing failed flags.readFromStream(s) at 159
05-25 22:32:43.563   570   632 W skia    : AGTM parsing failed flags.readFromStream(s) at 159
05-25 22:32:43.687   570   632 W skia    : AGTM parsing failed flags.readFromStream(s) at 159
05-25 22:32:43.687   570   632 W skia    : AGTM parsing failed flags.readFromStream(s) at 159
05-25 22:32:43.837   768  1010 E DefaultHalVibrator: [Vibrator id=1] Error setting amplitude to -1.0
05-25 22:32:43.837   768  1010 E DefaultHalVibrator: java.lang.IllegalArgumentException: 
05-25 22:32:43.837   768  1010 E DefaultHalVibrator: 	at android.os.Parcel.createExceptionOrNull(Parcel.java:3396)
05-25 22:32:43.837   768  1010 E DefaultHalVibrator: 	at android.os.Parcel.createException(Parcel.java:3376)
05-25 22:32:43.837   768  1010 E DefaultHalVibrator: 	at android.os.Parcel.readException(Parcel.java:3359)
05-25 22:32:43.837   768  1010 E DefaultHalVibrator: 	at android.os.Parcel.readException(Parcel.java:3301)
05-25 22:32:43.837   768  1010 E DefaultHalVibrator: 	at android.hardware.vibrator.IVibrator$Stub$Proxy.setAmplitude(IVibrator.java:591)
05-25 22:32:43.837   768  1010 E DefaultHalVibrator: 	at com.android.server.vibrator.VintfHalVibrator$DefaultHalVibrator.$r8$lambda$0C8_tXFEpRdUi8a2odeqXuWb1JI(VintfHalVibrator.java:293)
05-25 22:32:43.837   768  1010 E DefaultHalVibrator: 	at com.android.server.vibrator.VintfHalVibrator$DefaultHalVibrator$$ExternalSyntheticLambda8.run(R8$$SyntheticClass:0)
05-25 22:32:43.837   768  1010 E DefaultHalVibrator: 	at com.android.server.vibrator.VintfUtils.run(VintfUtils.java:171)
05-25 22:32:43.837   768  1010 E DefaultHalVibrator: 	at com.android.server.vibrator.VintfUtils.runNoThrow(VintfUtils.java:184)
05-25 22:32:43.837   768  1010 E DefaultHalVibrator: 	at com.android.server.vibrator.VintfHalVibrator$DefaultHalVibrator.setAmplitude(VintfHalVibrator.java:292)
05-25 22:32:43.837   768  1010 E DefaultHalVibrator: 	at com.android.server.vibrator.AbstractVibratorStep.changeAmplitude(AbstractVibratorStep.java:139)
05-25 22:32:43.837   768  1010 E DefaultHalVibrator: 	at com.android.server.vibrator.SetAmplitudeVibratorStep.startVibrating(SetAmplitudeVibratorStep.java:148)
05-25 22:32:43.837   768  1010 E DefaultHalVibrator: 	at com.android.server.vibrator.SetAmplitudeVibratorStep.play(SetAmplitudeVibratorStep.java:96)
05-25 22:32:43.837   768  1010 E DefaultHalVibrator: 	at com.android.server.vibrator.VibrationStepConductor.runNextStep(VibrationStepConductor.java:346)
05-25 22:32:43.837   768  1010 E DefaultHalVibrator: 	at com.android.server.vibrator.VibrationThread.playVibration(VibrationThread.java:283)
05-25 22:32:43.837   768  1010 E DefaultHalVibrator: 	at com.android.server.vibrator.VibrationThread.runCurrentVibrationWithWakeLock(VibrationThread.java:239)
05-25 22:32:43.837   768  1010 E DefaultHalVibrator: 	at com.android.server.vibrator.VibrationThread.run(VibrationThread.java:148)
05-25 22:32:43.917   570   632 W skia    : AGTM parsing failed flags.readFromStream(s) at 159
05-25 22:32:43.918   570   632 W skia    : AGTM parsing failed flags.readFromStream(s) at 159
05-25 22:32:44.044   570   632 W skia    : AGTM parsing failed flags.readFromStream(s) at 159
05-25 22:32:44.045   570   632 W skia    : AGTM parsing failed flags.readFromStream(s) at 159
05-25 22:32:44.172   570   632 W skia    : AGTM parsing failed flags.readFromStream(s) at 159
05-25 22:32:44.172   570   632 W skia    : AGTM parsing failed flags.readFromStream(s) at 159
05-25 22:32:44.290   570   632 W skia    : AGTM parsing failed flags.readFromStream(s) at 159
05-25 22:32:44.290   570   632 W skia    : AGTM parsing failed flags.readFromStream(s) at 159
05-25 22:32:44.408   570   632 W skia    : AGTM parsing failed flags.readFromStream(s) at 159
05-25 22:32:44.408   570   632 W skia    : AGTM parsing failed flags.readFromStream(s) at 159
05-25 22:32:44.526   570   632 W skia    : AGTM parsing failed flags.readFromStream(s) at 159
05-25 22:32:44.527   570   632 W skia    : AGTM parsing failed flags.readFromStream(s) at 159
05-25 22:32:44.821   570   632 W skia    : AGTM parsing failed flags.readFromStream(s) at 159
05-25 22:32:44.822   570   632 W skia    : AGTM parsing failed flags.readFromStream(s) at 159
05-25 22:32:44.994   570   632 W skia    : AGTM parsing failed flags.readFromStream(s) at 159
05-25 22:32:44.994   570   632 W skia    : AGTM parsing failed flags.readFromStream(s) at 159
05-25 22:32:45.254   570   632 W skia    : AGTM parsing failed flags.readFromStream(s) at 159
05-25 22:32:45.254   570   632 W skia    : AGTM parsing failed flags.readFromStream(s) at 159
05-25 22:32:45.479   570   632 W skia    : AGTM parsing failed flags.readFromStream(s) at 159
05-25 22:32:45.479   570   632 W skia    : AGTM parsing failed flags.readFromStream(s) at 159
05-25 22:32:45.811   570   632 W skia    : AGTM parsing failed flags.readFromStream(s) at 159
05-25 22:32:45.811   570   632 W skia    : AGTM parsing failed flags.readFromStream(s) at 159
05-25 22:32:45.901   768  1420 D WifiClientModeImpl[122317:wlan0]: updateLinkLayerStatsRssiSpeedFrequencyCapabilities rssi=-50 TxLinkspeed=1 freq=2447 RxLinkSpeed=2
05-25 22:32:45.908   768  1420 D WifiDataStall: tx tput in kbps: 11000
05-25 22:32:45.908   768  1420 D WifiDataStall: rx tput in kbps: 11000
05-25 22:32:45.917   768  1420 V WifiConfigManager: Updating scan detail cache freq=2447 BSSID=00:13:10:85:fe:01 RSSI=-50 for "AndroidWifi"NONE
05-25 22:32:45.919   768  1420 D WifiThroughputPredictor:  utilization (LLS) 80 isBluetoothConnected: false final utilization: 80
05-25 22:32:45.920   768  1420 D WifiThroughputPredictor:  BW: 0 RSSI: -50 Nss: 1 Mode: 1 symDur: 4000 snrDb 30 bitPerTone: 4500 rate: 54 throughput: 11
05-25 22:32:45.920   768  1420 D WifiThroughputPredictor:  utilization (LLS) 80 isBluetoothConnected: false final utilization: 80
05-25 22:32:45.920   768  1420 D WifiThroughputPredictor:  BW: 0 RSSI: -50 Nss: 1 Mode: 1 symDur: 4000 snrDb 30 bitPerTone: 4500 rate: 54 throughput: 11
05-25 22:32:45.920   768  1420 D WifiThroughputPredictor:  utilization (LLS) 80 isBluetoothConnected: false final utilization: 80
05-25 22:32:45.921   768  1420 D WifiThroughputPredictor:  BW: 0 RSSI: -50 Nss: 1 Mode: 1 symDur: 4000 snrDb 30 bitPerTone: 4500 rate: 54 throughput: 11
05-25 22:32:45.921   768  1420 D WifiThroughputPredictor:  utilization (LLS) 80 isBluetoothConnected: false final utilization: 80
05-25 22:32:45.921   768  1420 D WifiThroughputPredictor:  BW: 0 RSSI: -50 Nss: 1 Mode: 1 symDur: 4000 snrDb 30 bitPerTone: 4500 rate: 54 throughput: 11
05-25 22:32:45.933   768  1420 I HalDevMgr: bestIfaceCreationProposal is null, requestIface=STA, existingIface=[name=wlan0 type=STA]
05-25 22:32:45.935   768  1420 D WifiScoreCard: BSSID update SIGNAL_POLL ID: 162913799 SSID: "AndroidWifi", BSSID: 00:13:10:85:fe:01, MAC: 02:15:b4:00:00:00, IP: /10.0.2.16, Security type: 0, Supplicant state: COMPLETED, Wi-Fi standard: legacy, RSSI: -50, Link speed: 1Mbps, Tx Link speed: 1Mbps, Max Supported Tx Link speed: 11Mbps, Calculated Tx : 0Mbps, Rx Link speed: 2Mbps, Max Supported Rx Link speed: 11Mbps, Calculated Rx : 0Mbps, Frequency: 2447MHz, Net ID: 0, Metered hint: false, score: 100, isUsable: true, CarrierMerged: false, SubscriptionId: -1, IsPrimary: 1, Trusted: true, Restricted: false, Ephemeral: false, OEM paid: false, OEM private: false, OSU AP: false, FQDN: <none>, Provider friendly name: <none>, Requesting package name: <none>"AndroidWifi"openMLO Information: , Is TID-To-Link negotiation supported by the AP: false, AP MLD Address: <none>, AP MLO Link Id: <none>, AP MLO Affiliated links: <none>, Vendor Data: <none>
05-25 22:32:45.935   768  1420 D WifiScoreCard: txRate: 1 txSpeed: 1
05-25 22:32:45.935   768  1420 D WifiScoreCard: network update SIGNAL_POLL "AndroidWifi" ID: 1382277043 RSSI -50 txSpeed -1
05-25 22:32:45.935   768  1420 D WifiClientModeImpl[122317:wlan0]:  ClientModeImpl$L2ConnectedState screen=on 36 0 "AndroidWifi" 00:13:10:85:fe:01 rssi=-50 f=2447 sc=100 link=1 tx=0.0, 0.0, 0.0 rx=0.0 bcn=0 [on:0 tx:0 rx:0 period:3046] from screen [on:0 period:1649905391] score=100
05-25 22:32:45.965   570   632 W skia    : AGTM parsing failed flags.readFromStream(s) at 159
05-25 22:32:45.966   570   632 W skia    : AGTM parsing failed flags.readFromStream(s) at 159
05-25 22:32:46.033   570   632 W skia    : AGTM parsing failed flags.readFromStream(s) at 159
05-25 22:32:46.034   570   632 W skia    : AGTM parsing failed flags.readFromStream(s) at 159
05-25 22:32:46.173   570   632 W skia    : AGTM parsing failed flags.readFromStream(s) at 159
05-25 22:32:46.174   570   632 W skia    : AGTM parsing failed flags.readFromStream(s) at 159
05-25 22:32:46.302   570   632 W skia    : AGTM parsing failed flags.readFromStream(s) at 159
05-25 22:32:46.303   570   632 W skia    : AGTM parsing failed flags.readFromStream(s) at 159
05-25 22:32:46.418   570   632 W skia    : AGTM parsing failed flags.readFromStream(s) at 159
05-25 22:32:46.418   570   632 W skia    : AGTM parsing failed flags.readFromStream(s) at 159
05-25 22:32:46.523   570   632 W skia    : AGTM parsing failed flags.readFromStream(s) at 159
05-25 22:32:46.523   570   632 W skia    : AGTM parsing failed flags.readFromStream(s) at 159
--------- beginning of crash
05-25 22:32:46.641 27468 27468 E AndroidRuntime: FATAL EXCEPTION: main
05-25 22:32:46.641 27468 27468 E AndroidRuntime: Process: com.hermes.deck, PID: 27468
05-25 22:32:46.641 27468 27468 E AndroidRuntime: java.lang.NullPointerException
05-25 22:32:46.641 27468 27468 E AndroidRuntime: 	at com.hermes.deck.ui.home.CardStripKt$CardStrip$10$2$1$2$1$1.invoke(CardStrip.kt:268)
05-25 22:32:46.641 27468 27468 E AndroidRuntime: 	at com.hermes.deck.ui.home.CardStripKt$CardStrip$10$2$1$2$1$1.invoke(CardStrip.kt:264)
05-25 22:32:46.641 27468 27468 E AndroidRuntime: 	at androidx.compose.ui.node.NodeCoordinator$updateLayerParameters$1.invoke(NodeCoordinator.kt:539)
05-25 22:32:46.641 27468 27468 E AndroidRuntime: 	at androidx.compose.ui.node.NodeCoordinator$updateLayerParameters$1.invoke(NodeCoordinator.kt:538)
05-25 22:32:46.641 27468 27468 E AndroidRuntime: 	at androidx.compose.runtime.snapshots.Snapshot$Companion.observe(Snapshot.kt:2441)
05-25 22:32:46.641 27468 27468 E AndroidRuntime: 	at androidx.compose.runtime.snapshots.SnapshotStateObserver$ObservedScopeMap.observe(SnapshotStateObserver.kt:502)
05-25 22:32:46.641 27468 27468 E AndroidRuntime: 	at androidx.compose.runtime.snapshots.SnapshotStateObserver.observeReads(SnapshotStateObserver.kt:258)
05-25 22:32:46.641 27468 27468 E AndroidRuntime: 	at androidx.compose.ui.node.OwnerSnapshotObserver.observeReads$ui_release(OwnerSnapshotObserver.kt:133)
05-25 22:32:46.641 27468 27468 E AndroidRuntime: 	at androidx.compose.ui.node.NodeCoordinator.updateLayerParameters(NodeCoordinator.kt:538)
05-25 22:32:46.641 27468 27468 E AndroidRuntime: 	at androidx.compose.ui.node.NodeCoordinator.updateLayerParameters$default(NodeCoordinator.kt:524)
05-25 22:32:46.641 27468 27468 E AndroidRuntime: 	at androidx.compose.ui.node.NodeCoordinator$Companion$onCommitAffectingLayerParams$1.invoke(NodeCoordinator.kt:1335)
05-25 22:32:46.641 27468 27468 E AndroidRuntime: 	at androidx.compose.ui.node.NodeCoordinator$Companion$onCommitAffectingLayerParams$1.invoke(NodeCoordinator.kt:1325)
05-25 22:32:46.641 27468 27468 E AndroidRuntime: 	at androidx.compose.runtime.snapshots.SnapshotStateObserver$ObservedScopeMap.notifyInvalidatedScopes(SnapshotStateObserver.kt:1147)
05-25 22:32:46.641 27468 27468 E AndroidRuntime: 	at androidx.compose.runtime.snapshots.SnapshotStateObserver$sendNotifications$1.invoke(SnapshotStateObserver.kt:90)
05-25 22:32:46.641 27468 27468 E AndroidRuntime: 	at androidx.compose.runtime.snapshots.SnapshotStateObserver$sendNotifications$1.invoke(SnapshotStateObserver.kt:83)
05-25 22:32:46.641 27468 27468 E AndroidRuntime: 	at androidx.compose.ui.platform.AndroidComposeView$snapshotObserver$1.invoke(AndroidComposeView.android.kt:475)
05-25 22:32:46.641 27468 27468 E AndroidRuntime: 	at androidx.compose.ui.platform.AndroidComposeView$snapshotObserver$1.invoke(AndroidComposeView.android.kt:473)
05-25 22:32:46.641 27468 27468 E AndroidRuntime: 	at androidx.compose.runtime.snapshots.SnapshotStateObserver.sendNotifications(SnapshotStateObserver.kt:83)
05-25 22:32:46.641 27468 27468 E AndroidRuntime: 	at androidx.compose.runtime.snapshots.SnapshotStateObserver.access$sendNotifications(SnapshotStateObserver.kt:43)
05-25 22:32:46.641 27468 27468 E AndroidRuntime: 	at androidx.compose.runtime.snapshots.SnapshotStateObserver$applyObserver$1.invoke(SnapshotStateObserver.kt:50)
05-25 22:32:46.641 27468 27468 E AndroidRuntime: 	at androidx.compose.runtime.snapshots.SnapshotStateObserver$applyObserver$1.invoke(SnapshotStateObserver.kt:48)
05-25 22:32:46.641 27468 27468 E AndroidRuntime: 	at androidx.compose.runtime.snapshots.SnapshotKt.advanceGlobalSnapshot(Snapshot.kt:1945)
05-25 22:32:46.641 27468 27468 E AndroidRuntime: 	at androidx.compose.runtime.snapshots.SnapshotKt.advanceGlobalSnapshot(Snapshot.kt:1960)
05-25 22:32:46.641 27468 27468 E AndroidRuntime: 	at androidx.compose.runtime.snapshots.SnapshotKt.access$advanceGlobalSnapshot(Snapshot.kt:1)
05-25 22:32:46.641 27468 27468 E AndroidRuntime: 	at androidx.compose.runtime.snapshots.Snapshot$Companion.sendApplyNotifications(Snapshot.kt:692)
05-25 22:32:46.641 27468 27468 E AndroidRuntime: 	at androidx.compose.ui.platform.GlobalSnapshotManager$ensureStarted$1.invokeSuspend(GlobalSnapshotManager.android.kt:48)
05-25 22:32:46.641 27468 27468 E AndroidRuntime: 	at kotlin.coroutines.jvm.internal.BaseContinuationImpl.resumeWith(ContinuationImpl.kt:33)
05-25 22:32:46.641 27468 27468 E AndroidRuntime: 	at kotlinx.coroutines.DispatchedTask.run(DispatchedTask.kt:101)
05-25 22:32:46.641 27468 27468 E AndroidRuntime: 	at androidx.compose.ui.platform.AndroidUiDispatcher.performTrampolineDispatch(AndroidUiDispatcher.android.kt:81)
05-25 22:32:46.641 27468 27468 E AndroidRuntime: 	at androidx.compose.ui.platform.AndroidUiDispatcher.access$performTrampolineDispatch(AndroidUiDispatcher.android.kt:41)
05-25 22:32:46.641 27468 27468 E AndroidRuntime: 	at androidx.compose.ui.platform.AndroidUiDispatcher$dispatchCallback$1.run(AndroidUiDispatcher.android.kt:57)
05-25 22:32:46.641 27468 27468 E AndroidRuntime: 	at android.os.Handler.handleCallback(Handler.java:1095)
05-25 22:32:46.641 27468 27468 E AndroidRuntime: 	at android.os.Handler.dispatchMessageImpl(Handler.java:135)
05-25 22:32:46.641 27468 27468 E AndroidRuntime: 	at android.os.Handler.dispatchMessage(Handler.java:125)
05-25 22:32:46.641 27468 27468 E AndroidRuntime: 	at android.os.Looper.loopOnce(Looper.java:296)
05-25 22:32:46.641 27468 27468 E AndroidRuntime: 	at android.os.Looper.loop(Looper.java:397)
05-25 22:32:46.641 27468 27468 E AndroidRuntime: 	at android.app.ActivityThread.main(ActivityThread.java:9523)
05-25 22:32:46.641 27468 27468 E AndroidRuntime: 	at java.lang.reflect.Method.invoke(Native Method)
05-25 22:32:46.641 27468 27468 E AndroidRuntime: 	at com.android.internal.os.RuntimeInit$MethodAndArgsCaller.run(RuntimeInit.java:575)
05-25 22:32:46.641 27468 27468 E AndroidRuntime: 	at com.android.internal.os.ZygoteInit.main(ZygoteInit.java:939)
05-25 22:32:46.641 27468 27468 E AndroidRuntime: 	Suppressed: kotlinx.coroutines.internal.DiagnosticCoroutineContextException: [androidx.compose.ui.platform.AndroidUiFrameClock@b590e63, StandaloneCoroutine{Cancelling}@adf7a60, AndroidUiDispatcher@eb08b19]
05-25 22:32:46.672   768 27629 I DropBoxManagerService: add tag=data_app_crash isTagEnabled=true flags=0x2
05-25 22:32:46.686   768   812 W ActivityTaskManager:   Not force finishing home activity com.hermes.deck/.MainActivity
05-25 22:32:46.688   768   812 I ActivityTaskManager: Clearing package preferred activities from com.hermes.deck
05-25 22:32:46.699 27468 27468 I Process : Sending signal. PID: 27468 SIG: 9
05-25 22:32:46.724   768  1019 W InputDispatcher: channel 'f317ab com.hermes.deck/com.hermes.deck.MainActivity' ~ Consumer closed input channel or an error occurred.  events=0x9
05-25 22:32:46.724   768  1019 E InputDispatcher: channel 'f317ab com.hermes.deck/com.hermes.deck.MainActivity' ~ Channel is unrecoverably broken and will be disposed!
05-25 22:32:46.726   768  1019 I WindowManager: WINDOW DIED Window{f317ab u0 com.hermes.deck/com.hermes.deck.MainActivity}
05-25 22:32:46.728   572   572 I adbd    : Remote process closed the socket (on MSG_PEEK)
05-25 22:32:46.741   768   812 I ActivityManager: Process com.hermes.deck (pid 27468) has died: fg  TOP 
05-25 22:32:46.748   768  1019 I ImeTracker: system_server:cad5f20e: onRequestHide at ORIGIN_SERVER reason IME_REQUESTED_CHANGED_LISTENER fromUser false displayId 0
05-25 22:32:46.752  2152  2152 W InputChannel-JNI: Channel already disposed.
05-25 22:32:46.754   507   507 I Zygote  : Process 27468 exited due to signal 9 (Killed)
05-25 22:32:46.761  1527  1815 D WallpaperService: onVisibilityChanged(false): com.android.systemui.wallpapers.ImageWallpaper$CanvasEngine@fdcf54c
05-25 22:32:46.792   570   616 I libbinder.BpBinder: onLastStrongRef automatically unlinking death recipients for binder (0x70c7eb69faf0) with descriptor: '(not cached)'
05-25 22:32:46.792   768   832 I libprocessgroup: Removed cgroup /sys/fs/cgroup/apps/uid_10228/pid_27468
05-25 22:32:46.793   505  9458 I netd    : tetherGetStats() -> {[]} <1.15ms>
05-25 22:32:46.804  1527  1588 V WindowManagerShell: Transition requested (#255): android.os.BinderProxy@180468c TransitionRequestInfo { type = CLOSE, triggerTask = null, pipChange = null, remoteTransitionInfo = null, displayChanges = null, requestedLocation = null, userChange = null, windowingLayerChange = null, fullscreenRequestChange = null, flags = 0, debugId = 255 }
05-25 22:32:46.806  1527  1588 W DisconnectHandler: No disconnect change found in the transition, not handling request.
05-25 22:32:46.806  1527  1588 V ShellDesktopMode: DesktopTasksController: skipping handleRequest reason=triggerTask is null
05-25 22:32:46.818   768  2623 I ImeTracker: com.hermes.deck:5f3fc4d: onRequestHide at ORIGIN_SERVER reason HIDE_REMOVE_CLIENT fromUser false userId 0 displayId 0
05-25 22:32:46.818   768  2623 I ImeTracker: com.hermes.deck:5f3fc4d: onCancelled at PHASE_SERVER_SHOULD_HIDE
05-25 22:32:46.828   768   822 I ImeTracker: system_server:cad5f20e: onCancelled at PHASE_SERVER_SHOULD_HIDE
05-25 22:32:46.837   768   822 W ActivityManager: setHasOverlayUi called on unknown pid: 27468
05-25 22:32:46.844   768   822 V GrammaticalInflectionUtils: AttributionSource: AttributionSource { uid = 10228, packageName = null, attributionTag = null, token = android.os.Binder@b4b0bd3, deviceId = 0, next = null } does not have READ_SYSTEM_GRAMMATICAL_GENDER permission.
05-25 22:32:46.859   768  2800 I InputDispatcher: Touched window was removed: f317ab com.hermes.deck/com.hermes.deck.MainActivity in display %0
05-25 22:32:46.870   768   822 V WindowManager: Unknown focus tokens, dropping reportFocusChanged
05-25 22:32:46.875   507   507 D Zygote  : Forked child process 27630
05-25 22:32:46.880   768   831 I ActivityManager: Start proc 27630:com.hermes.deck/u0a228 for top-activity {com.hermes.deck/com.hermes.deck.MainActivity}
05-25 22:32:46.903 27630 27630 I libprocessgroup: Created cgroup /sys/fs/cgroup/apps/uid_10228/pid_27630
05-25 22:32:46.937   570   570 E BpTransactionCompletedListener: Failed to transact (-32)
05-25 22:32:46.944 27630 27630 I Zygote  : Process 27630 created for com.hermes.deck
05-25 22:32:46.945 27630 27630 I com.hermes.deck: Late-enabling -Xcheck:jni
05-25 22:32:46.975 27630 27630 I com.hermes.deck: Using generational CollectorTypeCMC GC.
05-25 22:32:46.979 27630 27630 W com.hermes.deck: Unexpected CPU variant for x86: x86_64.
05-25 22:32:46.979 27630 27630 W com.hermes.deck: Known variants: atom, sandybridge, silvermont, goldmont, goldmont-plus, goldmont-without-sha-xsaves, tremont, kabylake, alderlake, pantherlake, default
05-25 22:32:46.998   572   614 I adbd    : jdwp connection from 27630
05-25 22:32:47.036 27630 27630 D nativeloader: Load libframework-connectivity-tiramisu-jni.so using APEX ns com_android_tethering for caller /apex/com.android.tethering/javalib/framework-connectivity-t.jar: ok
05-25 22:32:47.190 27630 27630 D nativeloader: Configuring clns-9 for other apk /data/app/~~idrhFWW9f05JPDZTsM9DNw==/com.hermes.deck-nFOUPIu9CDs-M8jN02mb4A==/base.apk. target_sdk_version=35, uses_libraries=, library_path=/data/app/~~idrhFWW9f05JPDZTsM9DNw==/com.hermes.deck-nFOUPIu9CDs-M8jN02mb4A==/lib/x86_64:/data/app/~~idrhFWW9f05JPDZTsM9DNw==/com.hermes.deck-nFOUPIu9CDs-M8jN02mb4A==/base.apk!/lib/x86_64, permitted_path=/data:/mnt/expand:/data/user/0/com.hermes.deck
05-25 22:32:47.193 27630 27630 D CompatChangeReporter: Compat change id reported: 202956589; UID 10228; state: ENABLED
05-25 22:32:47.215  1825  1825 I OverviewComponentObserver: updateOverviewTargets: mIsHomeDisabled=false, isDefaultHomeNull=false, mIsDefaultHome=false
05-25 22:32:47.218  1825  1825 D PerDisplayTaskbarResource: setActivityInteractor: mActivityInteractor=com.android.launcher3.ActivityInteractor@8cd530f displayId=0
05-25 22:32:47.219  1825  1825 D PerDisplayTaskbarResource: setActivityInteractor: No need to set activityInteractor! displayId=0
05-25 22:32:47.237 27630 27630 V GraphicsEnvironment: Currently set values for:
05-25 22:32:47.237 27630 27630 V GraphicsEnvironment:   angle_gl_driver_selection_pkgs=[]
05-25 22:32:47.237 27630 27630 V GraphicsEnvironment:   angle_gl_driver_selection_values=[]
05-25 22:32:47.237 27630 27630 V GraphicsEnvironment: com.hermes.deck is not listed in per-application setting
05-25 22:32:47.237 27630 27630 V GraphicsEnvironment: No special selections for ANGLE, returning default driver choice
05-25 22:32:47.248 27630 27630 V GraphicsEnvironment: Neither updatable production driver nor prerelease driver is supported.
05-25 22:32:47.360 27630 27647 I DisplayManager: Choreographer implicitly registered for the refresh rate.
05-25 22:32:47.423 27630 27630 D DesktopExperienceFlags: Toggle override initialized to: false
05-25 22:32:47.508 27630 27647 I GFXSTREAM: [eglDisplay.cpp(297)] Opening libGLESv1_CM_emulation.so
05-25 22:32:47.517 27630 27647 I GFXSTREAM: [eglDisplay.cpp(297)] Opening libGLESv2_emulation.so
05-25 22:32:47.520  1718  1926 D SatelliteController: isInCarrierRoamingNbIotNtn: satellite is disabled
05-25 22:32:47.520  1718  1926 D SatelliteController: getCarrierRoamingNtnConnectType: Checking connect type from PLMN config for subId: 1
05-25 22:32:47.520  1718  1926 D TelephonyConfigUpdateInstallReceiver: getConfigParser: domain=satellite
05-25 22:32:47.520  1718  1926 V SatelliteController: satelliteConfigParser is not ready
05-25 22:32:47.520  1718  1926 D SatelliteController: isSatelliteAttachSupportedViaConfigupdater: return null (satelliteConfig is null)
05-25 22:32:47.561 27630 27647 W libc    : Access denied finding property "vendor.mesa.virtgpu.kumquat"
05-25 22:32:47.567   768   812 W libbinder.IPCThreadState: Sending oneway calls to frozen process.
05-25 22:32:47.569  1718  1926 D SatelliteController: getSatellitePerPlmnConfiguration: invalid subId or not supported via carrier.
05-25 22:32:47.570  1718  1926 D SatelliteController: getCarrierRoamingNtnConnectType: config: null
05-25 22:32:47.571  1718  1926 D TelephonyConfigUpdateInstallReceiver: getConfigParser: domain=satellite
05-25 22:32:47.571  1718  1926 V SatelliteController: satelliteConfigParser is not ready
05-25 22:32:47.571  1718  1926 D SatelliteController: getCarrierRoamingNtnConnectTypeViaConfigUpdater: return null (satelliteConfig is null)
05-25 22:32:47.585  1718  1926 D SatelliteController: getCarrierRoamingNtnConnectType: Falling back to global carrier config connect type: 0
05-25 22:32:47.585  1718  1926 D TelephonyConfigUpdateInstallReceiver: getConfigParser: domain=satellite
05-25 22:32:47.585  1718  1926 V SatelliteController: satelliteConfigParser is not ready
05-25 22:32:47.585  1718  1926 D SatelliteController: isSatelliteAttachSupportedViaConfigupdater: return null (satelliteConfig is null)
05-25 22:32:47.597 27630 27647 W HWUI    : Failed to choose config with EGL_SWAP_BEHAVIOR_PRESERVED, retrying without...
05-25 22:32:47.599 27630 27647 W HWUI    : Failed to initialize 101010-2 format, error = EGL_SUCCESS
05-25 22:32:47.605  1718  1926 D SatelliteController: getCarrierRoamingNtnConnectType: Checking connect type from PLMN config for subId: 1
05-25 22:32:47.605  1718  1926 D TelephonyConfigUpdateInstallReceiver: getConfigParser: domain=satellite
05-25 22:32:47.605  1718  1926 V SatelliteController: satelliteConfigParser is not ready
05-25 22:32:47.605  1718  1926 D SatelliteController: isSatelliteAttachSupportedViaConfigupdater: return null (satelliteConfig is null)
05-25 22:32:47.605  1718  1926 D SatelliteController: getSatellitePerPlmnConfiguration: invalid subId or not supported via carrier.
05-25 22:32:47.605  1718  1926 D SatelliteController: getCarrierRoamingNtnConnectType: config: null
05-25 22:32:47.605  1718  1926 D TelephonyConfigUpdateInstallReceiver: getConfigParser: domain=satellite
05-25 22:32:47.606  1718  1926 V SatelliteController: satelliteConfigParser is not ready
05-25 22:32:47.615  1718  1926 D SatelliteController: getCarrierRoamingNtnConnectTypeViaConfigUpdater: return null (satelliteConfig is null)
05-25 22:32:47.616  1718  1926 D SatelliteController: getCarrierRoamingNtnConnectType: Falling back to global carrier config connect type: 0
05-25 22:32:47.616  1718  1926 D TelephonyConfigUpdateInstallReceiver: getConfigParser: domain=satellite
05-25 22:32:47.621  1718  1926 V SatelliteController: satelliteConfigParser is not ready
05-25 22:32:47.621  1718  1926 D SatelliteController: isSatelliteAttachSupportedViaConfigupdater: return null (satelliteConfig is null)
05-25 22:32:47.679   768  1019 W InputDispatcher: channel 8a3d5fa com.android.systemui.wallpapers.ImageWallpaper~ dropping inconsistent event: DispatchEntry{resolvedMotionFlags=WINDOW_IS_OBSCURED | WINDOW_IS_PARTIALLY_OBSCURED | SUPPORTS_ORIENTATION, targetFlags=WINDOW_IS_OBSCURED | SPLIT | WINDOW_IS_PARTIALLY_OBSCURED, transform=transform (ROT_0) (SCALE TRANSLATE)
05-25 22:32:47.679   768  1019 W InputDispatcher:     0.7761  -0.0000  41.9091
05-25 22:32:47.679   768  1019 W InputDispatcher:     -0.0000  0.7758  46.5455
05-25 22:32:47.679   768  1019 W InputDispatcher:     0.0000  0.0000  1.0000
05-25 22:32:47.679   768  1019 W InputDispatcher: } original: MotionEvent(deviceId=4, eventTime=112486567782000ns, source=TOUCHSCREEN | STYLUS, displayId=0,action=UP, actionButton=0x00000000, flags=SUPPORTS_ORIENTATION, metaState=0x00000000, buttonState=0x00000000, classification=NONE, xPrecision=30.3, yPrecision=27.3, xCursorPosition=nan, yCursorPosition=nan, pointers=[0: (1037.0, 573.0)]), policyFlags=0x62000000
05-25 22:32:47.726 27630 27630 D CompatChangeReporter: Compat change id reported: 309578419; UID 10228; state: ENABLED
05-25 22:32:47.773 27630 27630 W WindowOnBackDispatcher: OnBackInvokedCallback is not enabled for the application.
05-25 22:32:47.773 27630 27630 W WindowOnBackDispatcher: Set 'android:enableOnBackInvokedCallback="true"' in the application manifest.
05-25 22:32:47.816 27630 27630 D CompatChangeReporter: Compat change id reported: 349153669; UID 10228; state: ENABLED
05-25 22:32:47.824 27630 27630 W HWUI    : Unknown dataspace 0
05-25 22:32:47.806     0     0 I servicemanager: Caller(pid=27630,uid=10228,sid=u:r:untrusted_app_34:s0:c228,c256,c512,c768) Found android.hardware.graphics.allocator.IAllocator/default in device VINTF manifest.
05-25 22:32:47.851   768   812 W InputChannel-JNI: Channel already disposed.
05-25 22:32:47.854   768   822 W ActivityTaskManager: Activity top resumed state loss timeout for ActivityRecord{195478531 u0 com.hermes.deck/.MainActivity t179}
05-25 22:32:47.822     0     0 I servicemanager: Caller(pid=27630,uid=10228,sid=u:r:untrusted_app_34:s0:c228,c256,c512,c768) Found android.hardware.graphics.allocator.IAllocator/default in device VINTF manifest.
05-25 22:32:47.833     0     0 I servicemanager: Caller(pid=27630,uid=10228,sid=u:r:untrusted_app_34:s0:c228,c256,c512,c768) Found mapper/ranchu in device VINTF manifest.
05-25 22:32:47.920 27630 27656 W libc    : Access denied finding property "vendor.mesa.virtgpu.kumquat"
05-25 22:32:47.936 27630 27630 E ActivityThread: Activity top position already set to onTop=false
05-25 22:32:48.347   768  2645 I PackageManager: getInstalledPackages: callingUid=10228 flags=8 updatedFlags=786440 userId=0
05-25 22:32:48.440   768   808 I system_server: Background young concurrent mark compact GC freed 17MB AllocSpace bytes, 152(4896KB) LOS objects, 35% free, 41MB/64MB, paused 2.790ms,43.166ms total 86.365ms
05-25 22:32:48.548 27630 27630 D VRI[MainActivity]: WindowInsets changed: 1080x1200 statusBars:[0,136,0,0] navigationBars:[0,0,0,48] mandatorySystemGestures:[0,160,0,64] 
05-25 22:32:48.558 27630 27630 D WindowOnBackDispatcher: setTopOnBackInvokedCallback (unwrapped): android.view.ViewRootImpl$$ExternalSyntheticLambda14@36b8789
05-25 22:32:48.566   768  2645 D CoreBackPreview: Window{cc54e3 u0 com.hermes.deck/com.hermes.deck.MainActivity}: Setting back callback OnBackInvokedCallbackInfo{mCallback=android.window.IOnBackInvokedCallback$Stub$Proxy@d527e0d, mPriority=0, mIsAnimationCallback=false, mOverrideBehavior=0}
05-25 22:32:48.668 27630 27630 I HWUI    : Using FreeType backend (prop=Auto)
05-25 22:32:48.703   768  2645 D WindowManager: setClientSurface Surface(name=VRI-com.hermes.deck/com.hermes.deck.MainActivity#2356)/@0x995d1c2 for cc54e3 com.hermes.deck/com.hermes.deck.MainActivity
05-25 22:32:48.725 27630 27630 I Surface : Creating surface for consumer unnamed-27630-0 with slotExpansion=1 for 64 slots
05-25 22:32:48.732 27630 27630 I Surface : Creating surface for consumer VRI[MainActivity]#0(BLAST Consumer)0 with slotExpansion=1 for 64 slots
05-25 22:32:48.745  1527  1815 D WallpaperService: onVisibilityChanged(true): com.android.systemui.wallpapers.ImageWallpaper$CanvasEngine@fdcf54c
05-25 22:32:48.940   768  1420 D WifiClientModeImpl[122317:wlan0]: updateLinkLayerStatsRssiSpeedFrequencyCapabilities rssi=-50 TxLinkspeed=1 freq=2447 RxLinkSpeed=2
05-25 22:32:48.942   768  1420 D WifiDataStall: tx tput in kbps: 11000
05-25 22:32:48.942   768  1420 D WifiDataStall: rx tput in kbps: 11000
05-25 22:32:48.942   768  1420 V WifiConfigManager: Updating scan detail cache freq=2447 BSSID=00:13:10:85:fe:01 RSSI=-50 for "AndroidWifi"NONE
05-25 22:32:48.943   768  1420 D WifiThroughputPredictor:  utilization (LLS) 80 isBluetoothConnected: false final utilization: 80
05-25 22:32:48.943   768  1420 D WifiThroughputPredictor:  BW: 0 RSSI: -50 Nss: 1 Mode: 1 symDur: 4000 snrDb 30 bitPerTone: 4500 rate: 54 throughput: 11
05-25 22:32:48.943   768  1420 D WifiThroughputPredictor:  utilization (LLS) 80 isBluetoothConnected: false final utilization: 80
05-25 22:32:48.944   768  1420 D WifiThroughputPredictor:  BW: 0 RSSI: -50 Nss: 1 Mode: 1 symDur: 4000 snrDb 30 bitPerTone: 4500 rate: 54 throughput: 11
05-25 22:32:48.944   768  1420 D WifiThroughputPredictor:  utilization (LLS) 80 isBluetoothConnected: false final utilization: 80
05-25 22:32:48.944   768  1420 D WifiThroughputPredictor:  BW: 0 RSSI: -50 Nss: 1 Mode: 1 symDur: 4000 snrDb 30 bitPerTone: 4500 rate: 54 throughput: 11
05-25 22:32:48.944   768  1420 D WifiThroughputPredictor:  utilization (LLS) 80 isBluetoothConnected: false final utilization: 80
05-25 22:32:48.944   768  1420 D WifiThroughputPredictor:  BW: 0 RSSI: -50 Nss: 1 Mode: 1 symDur: 4000 snrDb 30 bitPerTone: 4500 rate: 54 throughput: 11
05-25 22:32:48.964   768  1420 I HalDevMgr: bestIfaceCreationProposal is null, requestIface=STA, existingIface=[name=wlan0 type=STA]
05-25 22:32:48.970   768  1420 D WifiScoreCard: BSSID update SIGNAL_POLL ID: 162913799 SSID: "AndroidWifi", BSSID: 00:13:10:85:fe:01, MAC: 02:15:b4:00:00:00, IP: /10.0.2.16, Security type: 0, Supplicant state: COMPLETED, Wi-Fi standard: legacy, RSSI: -50, Link speed: 1Mbps, Tx Link speed: 1Mbps, Max Supported Tx Link speed: 11Mbps, Calculated Tx : 0Mbps, Rx Link speed: 2Mbps, Max Supported Rx Link speed: 11Mbps, Calculated Rx : 0Mbps, Frequency: 2447MHz, Net ID: 0, Metered hint: false, score: 100, isUsable: true, CarrierMerged: false, SubscriptionId: -1, IsPrimary: 1, Trusted: true, Restricted: false, Ephemeral: false, OEM paid: false, OEM private: false, OSU AP: false, FQDN: <none>, Provider friendly name: <none>, Requesting package name: <none>"AndroidWifi"openMLO Information: , Is TID-To-Link negotiation supported by the AP: false, AP MLD Address: <none>, AP MLO Link Id: <none>, AP MLO Affiliated links: <none>, Vendor Data: <none>
05-25 22:32:48.973   768  1420 D WifiScoreCard: txRate: 1 txSpeed: 1
05-25 22:32:48.974   768  1420 D WifiScoreCard: network update SIGNAL_POLL "AndroidWifi" ID: 1382277043 RSSI -50 txSpeed -1
05-25 22:32:48.976   768  1420 D WifiClientModeImpl[122317:wlan0]:  ClientModeImpl$L2ConnectedState screen=on 36 0 "AndroidWifi" 00:13:10:85:fe:01 rssi=-50 f=2447 sc=100 link=1 tx=0.0, 0.0, 0.0 rx=0.0 bcn=0 [on:0 tx:0 rx:0 period:3039] from screen [on:0 period:1649908430] score=100
05-25 22:32:49.014  1785  1785 D wpa_supplicant: nl80211: Drv Event 64 (NL80211_CMD_NOTIFY_CQM) received for wlan0
05-25 22:32:49.015  1785  1785 D wpa_supplicant: nl80211: Beacon loss event
05-25 22:32:49.015  1785  1785 D wpa_supplicant: wlan0: Event BEACON_LOSS (53) received
05-25 22:32:49.015  1785  1785 I wpa_supplicant: wlan0: CTRL-EVENT-BEACON-LOSS 
05-25 22:32:49.150   768   819 V WindowManager: Sent Transition (#255) createdAt=05-25 22:32:46.776 via request=TransitionRequestInfo { type = CLOSE, triggerTask = null, pipChange = null, remoteTransitionInfo = null, displayChanges = null, requestedLocation = null, userChange = null, windowingLayerChange = null, fullscreenRequestChange = null, flags = 0, debugId = 255 }
05-25 22:32:49.150  1527  9902 V WindowManagerShell: onTransitionReady(transaction=3298534903370)
05-25 22:32:49.151   768   819 V WindowManager:     startWCT=WindowContainerTransaction { changes= {} hops= [] flags= 0 errorCallbackToken=null taskFragmentOrganizer=null }
05-25 22:32:49.151   768   819 V WindowManager:     info={id=255 t=CLOSE f=0x0 trk=0 r=[0@Point(0, 0)] c=[
05-25 22:32:49.151   768   819 V WindowManager:         {m=TO_FRONT f=IS_WALLPAPER leash=Surface(name=WallpaperWindowToken{d4f778d}#54)/@0xae32aba sb=Rect(0, 0 - 1080, 1200) eb=Rect(0, 0 - 1080, 1200) epz=Point(1080, 1200) d=0}
05-25 22:32:49.151   768   819 V WindowManager:     ]}
05-25 22:32:49.159  1527  1588 V WindowManagerShell: onTransitionReady (#255) android.os.BinderProxy@180468c: {id=255 t=CLOSE f=0x0 trk=0 r=[0@Point(0, 0)] c=[
05-25 22:32:49.159  1527  1588 V WindowManagerShell:         {m=TO_FRONT f=IS_WALLPAPER leash=Surface(name=WallpaperWindowToken{d4f778d}#54)/@0x564e1d5 sb=Rect(0, 0 - 1080, 1200) eb=Rect(0, 0 - 1080, 1200) epz=Point(1080, 1200) d=0}
05-25 22:32:49.159  1527  1588 V WindowManagerShell:     ]}
05-25 22:32:49.159  1527  1588 V WindowManagerShell: Playing animation for (#255) android.os.BinderProxy@180468c@0
05-25 22:32:49.160  1527  1588 D ShellSplitScreen: startAnimation: transition=255 isSplitActive=false
05-25 22:32:49.160  1527  1588 V ShellRecents: RecentsTransitionHandler.startAnimation: no controller found
05-25 22:32:49.160  1527  1588 V ShellDesktopMode: DesktopMixedTransitionHandler: No pending desktop transition
05-25 22:32:49.160  1527  1588 V WindowManagerShell: Transition doesn't have explicit remote, search filters for match for {id=255 t=CLOSE f=0x0 trk=0 r=[0@Point(0, 0)] c=[{m=TO_FRONT f=IS_WALLPAPER leash=Surface(name=WallpaperWindowToken{d4f778d}#54)/@0x564e1d5 sb=Rect(0, 0 - 1080, 1200) eb=Rect(0, 0 - 1080, 1200) epz=Point(1080, 1200) d=0}]}
05-25 22:32:49.160  1527  1588 V WindowManagerShell:  Checking filter Pair{{types=[] flags=0x0 notFlags=0x0 checks=[{atype=undefined independent=true modes=[CLOSE,TO_BACK] flags=IN_TASK_WITH_EMBEDDED_ACTIVITY mustBeTask=false order=ANY topActivity=null launchCookie=null taskFragmentToken=android.os.BinderProxy@c965678 windowingMode=undefined isCrossDisplayMove=false}]} RemoteTransition { remoteTransition = android.window.IRemoteTransition$Stub$Proxy@32b9151, appThread = android.app.IApplicationThread$Stub$Proxy@579bdb6, debugName = overlayBackTransition, filter = {types=[] flags=0x0 notFlags=0x0 checks=[{atype=undefined independent=true modes=[CLOSE,TO_BACK] flags=IN_TASK_WITH_EMBEDDED_ACTIVITY mustBeTask=false order=ANY topActivity=null launchCookie=null taskFragmentToken=android.os.BinderProxy@c965678 windowingMode=undefined isCrossDisplayMove=false}]} }}
05-25 22:32:49.160  1527  1588 V WindowManagerShell:  Checking filter Pair{{types=[] flags=0x0 notFlags=0x0 checks=[{atype=dream independent=true modes=[OPEN,TO_FRONT] flags=NONE mustBeTask=false order=ANY topActivity=null launchCookie=null windowingMode=undefined isCrossDisplayMove=false},{atype=home independent=true modes=[CLOSE,TO_BACK] flags=NONE mustBeTask=false order=ANY topActivity=null launchCookie=null windowingMode=undefined isCrossDisplayMove=false}]} RemoteTransition { remoteTransition = android.window.IRemoteTransition$Stub$Proxy@d676ab7, appThread = android.app.IApplicationThread$Stub$Proxy@8166224, debugName = LauncherToDream, filter = {types=[] flags=0x0 notFlags=0x0 checks=[{atype=dream independent=true modes=[OPEN,TO_FRONT] flags=NONE mustBeTask=false order=ANY topActivity=null launchCookie=null windowingMode=undefined isCrossDisplayMove=false},{atype=home independent=true modes=[CLOSE,TO_BACK] flags=NONE mustBeTask=false order=ANY topActivity=null launchCookie=null windowingMode=undefined isCrossDisplayMove=false}]} }}
05-25 22:32:49.160  1527  1588 V WindowManagerShell:  Checking filter Pair{{types=[] flags=0x0 notFlags=0x0 checks=[{atype=standard independent=false modes=[CHANGE] flags=NONE mustBeTask=true order=ANY topActivity=null launchCookie=null windowingMode=undefined isCrossDisplayMove=true}]} RemoteTransition { remoteTransition = android.window.IRemoteTransition$Stub$Proxy@f46f18d, appThread = android.app.IApplicationThread$Stub$Proxy@edbff42, debugName = QuickstepDisplayMove, filter = {types=[] flags=0x0 notFlags=0x0 checks=[{atype=standard independent=false modes=[CHANGE] flags=NONE mustBeTask=true order=ANY topActivity=null launchCookie=null windowingMode=undefined isCrossDisplayMove=true}]} }}
05-25 22:32:49.160  1527  1588 V WindowManagerShell:  Checking filter Pair{{types=[] flags=0x0 notFlags=0x100 checks=[{atype=home independent=true modes=[OPEN,TO_FRONT] flags=NONE mustBeTask=false order=ANY topActivity=ComponentInfo{com.google.android.apps.nexuslauncher/com.google.android.apps.nexuslauncher.NexusLauncherActivity} launchCookie=null windowingMode=undefined isCrossDisplayMove=false},{atype=standard independent=true modes=[CLOSE,TO_BACK] flags=NONE mustBeTask=false order=ANY topActivity=null launchCookie=null windowingMode=undefined isCrossDisplayMove=false},{NOT atype=undefined independent=true modes=[] flags=NONE mustBeTask=true order=ANY topActivity=null launchCookie=null customAnim=true windowingMode=undefined isCrossDisplayMove=false}]} RemoteTransition { remoteTransition = android.window.IRemoteTransition$Stub$Proxy@a7dfb53, appThread = android.app.IApplicationThread$Stub$Proxy@f697c90, debugName = QuickstepLaunchHome, filter = {types=[] flags=0x0 notFlags=0x100 checks=[{atype=home independent=true modes=[OPEN,TO_FRONT] flags=NONE mustBeTask=false order=ANY topActivity=ComponentInfo{com.google.android.apps.nexuslauncher/com.google.android.apps.nexuslauncher.NexusLauncherActivity} launchCookie=null windowingMode=undefined isCrossDisplayMove=false},{atype=standard independent=true modes=[CLOSE,TO_BACK] flags=NONE mustBeTask=false order=ANY topActivity=null launchCookie=null windowingMode=undefined isCrossDisplayMove=false},{NOT atype=undefined independent=true modes=[] flags=NONE mustBeTask=true order=ANY topActivity=null launchCookie=null customAnim=true windowingMode=undefined isCrossDisplayMove=false}]} }}
05-25 22:32:49.160  1527  1588 V WindowManagerShell:  Checking filter Pair{{types=[OPEN,TO_FRONT] flags=0x0 notFlags=0x0 checks=[{atype=standard independent=true modes=[OPEN,TO_FRONT] flags=NONE mustBeTask=true order=ANY topActivity=null launchCookie=null windowingMode=freeform isCrossDisplayMove=false}]} RemoteTransition { remoteTransition = android.window.IRemoteTransition$Stub$Proxy@7a8a614, appThread = null, debugName = DesktopWindowLimitUnminimize, filter = {types=[OPEN,TO_FRONT] flags=0x0 notFlags=0x0 checks=[{atype=standard independent=true modes=[OPEN,TO_FRONT] flags=NONE mustBeTask=true order=ANY topActivity=null launchCookie=null windowingMode=freeform isCrossDisplayMove=false}]} }}
05-25 22:32:49.160  1527  1588 V WindowManagerShell:  Delegate animation for (#255) to null
05-25 22:32:49.160  1527  1588 V WindowManagerShell: start default transition animation, info = {id=255 t=CLOSE f=0x0 trk=0 r=[0@Point(0, 0)] c=[{m=TO_FRONT f=IS_WALLPAPER leash=Surface(name=WallpaperWindowToken{d4f778d}#54)/@0x564e1d5 sb=Rect(0, 0 - 1080, 1200) eb=Rect(0, 0 - 1080, 1200) epz=Point(1080, 1200) d=0}]}
05-25 22:32:49.169  1527  1588 V WindowManagerShell: Transition animation finished (aborted=false), notifying core (#255) android.os.BinderProxy@180468c@0
05-25 22:32:49.197   768   819 V WindowManager: Finish Transition (#255): created at 05-25 22:32:46.776 collect-started=0.162ms request-sent=0.193ms started=34.924ms ready=574.03ms sent=2371.212ms finished=2412.374ms
05-25 22:32:49.206  1527  1588 V WindowManagerShell: Track 0 became idle
05-25 22:32:49.206  1527  1588 V WindowManagerShell: All active transition animations finished
05-25 22:32:49.206  1527  1588 V WindowManagerShell:  animated by com.android.wm.shell.transition.DefaultTransitionHandler@40740f9
05-25 22:32:49.206  1527  1588 V WindowManagerShell: Track 0 became idle
05-25 22:32:49.206  1527  1588 V WindowManagerShell: All active transition animations finished
05-25 22:32:49.208  1527  1588 W Looper  : Slow dispatch took 48ms wmshell.main app=com.android.systemui main=false group=FOREGROUND h=android.os.Handler c=com.android.wm.shell.transition.Transitions$TransitionPlayerImpl$$ExternalSyntheticLambda1@ce0d8db m=0
