05-25 22:31:02.712   768  1420 D WifiScoreCard: BSSID update SIGNAL_POLL ID: 162913799 SSID: "AndroidWifi", BSSID: 00:13:10:85:fe:01, MAC: 02:15:b4:00:00:00, IP: /10.0.2.16, Security type: 0, Supplicant state: COMPLETED, Wi-Fi standard: legacy, RSSI: -50, Link speed: 1Mbps, Tx Link speed: 1Mbps, Max Supported Tx Link speed: 11Mbps, Calculated Tx : 0Mbps, Rx Link speed: 2Mbps, Max Supported Rx Link speed: 11Mbps, Calculated Rx : 0Mbps, Frequency: 2447MHz, Net ID: 0, Metered hint: false, score: 100, isUsable: true, CarrierMerged: false, SubscriptionId: -1, IsPrimary: 1, Trusted: true, Restricted: false, Ephemeral: false, OEM paid: false, OEM private: false, OSU AP: false, FQDN: <none>, Provider friendly name: <none>, Requesting package name: <none>"AndroidWifi"openMLO Information: , Is TID-To-Link negotiation supported by the AP: false, AP MLD Address: <none>, AP MLO Link Id: <none>, AP MLO Affiliated links: <none>, Vendor Data: <none>
05-25 22:31:02.713   768  1420 D WifiScoreCard: txRate: 1 txSpeed: 1
05-25 22:31:02.715   768  1420 D WifiScoreCard: network update SIGNAL_POLL "AndroidWifi" ID: 1382277043 RSSI -50 txSpeed -1
05-25 22:31:02.716   768  1420 D WifiClientModeImpl[122317:wlan0]:  ClientModeImpl$L2ConnectedState screen=on 36 0 "AndroidWifi" 00:13:10:85:fe:01 rssi=-50 f=2447 sc=100 link=1 tx=0.0, 0.0, 0.0 rx=0.0 bcn=0 [on:0 tx:0 rx:0 period:3034] from screen [on:0 period:1649802172] score=100
05-25 22:31:05.087  1785  1785 D wpa_supplicant: nl80211: Drv Event 64 (NL80211_CMD_NOTIFY_CQM) received for wlan0
05-25 22:31:05.087  1785  1785 D wpa_supplicant: nl80211: Beacon loss event
05-25 22:31:05.087  1785  1785 D wpa_supplicant: wlan0: Event BEACON_LOSS (53) received
05-25 22:31:05.087  1785  1785 I wpa_supplicant: wlan0: CTRL-EVENT-BEACON-LOSS 
05-25 22:31:05.724   768  1420 D WifiClientModeImpl[122317:wlan0]: updateLinkLayerStatsRssiSpeedFrequencyCapabilities rssi=-50 TxLinkspeed=1 freq=2447 RxLinkSpeed=2
05-25 22:31:05.725   768  1420 D WifiDataStall: tx tput in kbps: 11000
05-25 22:31:05.725   768  1420 D WifiDataStall: rx tput in kbps: 11000
05-25 22:31:05.725   768  1420 V WifiConfigManager: Updating scan detail cache freq=2447 BSSID=00:13:10:85:fe:01 RSSI=-50 for "AndroidWifi"NONE
05-25 22:31:05.726   768  1420 D WifiThroughputPredictor:  utilization (LLS) 80 isBluetoothConnected: false final utilization: 80
05-25 22:31:05.726   768  1420 D WifiThroughputPredictor:  BW: 0 RSSI: -50 Nss: 1 Mode: 1 symDur: 4000 snrDb 30 bitPerTone: 4500 rate: 54 throughput: 11
05-25 22:31:05.727   768  1420 D WifiThroughputPredictor:  utilization (LLS) 80 isBluetoothConnected: false final utilization: 80
05-25 22:31:05.732   768  1420 D WifiThroughputPredictor:  BW: 0 RSSI: -50 Nss: 1 Mode: 1 symDur: 4000 snrDb 30 bitPerTone: 4500 rate: 54 throughput: 11
05-25 22:31:05.734   768  1420 D WifiThroughputPredictor:  utilization (LLS) 80 isBluetoothConnected: false final utilization: 80
05-25 22:31:05.735   768  1420 D WifiThroughputPredictor:  BW: 0 RSSI: -50 Nss: 1 Mode: 1 symDur: 4000 snrDb 30 bitPerTone: 4500 rate: 54 throughput: 11
05-25 22:31:05.735   768  1420 D WifiThroughputPredictor:  utilization (LLS) 80 isBluetoothConnected: false final utilization: 80
05-25 22:31:05.735   768  1420 D WifiThroughputPredictor:  BW: 0 RSSI: -50 Nss: 1 Mode: 1 symDur: 4000 snrDb 30 bitPerTone: 4500 rate: 54 throughput: 11
05-25 22:31:05.753   768  1420 I HalDevMgr: bestIfaceCreationProposal is null, requestIface=STA, existingIface=[name=wlan0 type=STA]
05-25 22:31:05.753   768  1420 D WifiScoreCard: BSSID update SIGNAL_POLL ID: 162913799 SSID: "AndroidWifi", BSSID: 00:13:10:85:fe:01, MAC: 02:15:b4:00:00:00, IP: /10.0.2.16, Security type: 0, Supplicant state: COMPLETED, Wi-Fi standard: legacy, RSSI: -50, Link speed: 1Mbps, Tx Link speed: 1Mbps, Max Supported Tx Link speed: 11Mbps, Calculated Tx : 0Mbps, Rx Link speed: 2Mbps, Max Supported Rx Link speed: 11Mbps, Calculated Rx : 0Mbps, Frequency: 2447MHz, Net ID: 0, Metered hint: false, score: 100, isUsable: true, CarrierMerged: false, SubscriptionId: -1, IsPrimary: 1, Trusted: true, Restricted: false, Ephemeral: false, OEM paid: false, OEM private: false, OSU AP: false, FQDN: <none>, Provider friendly name: <none>, Requesting package name: <none>"AndroidWifi"openMLO Information: , Is TID-To-Link negotiation supported by the AP: false, AP MLD Address: <none>, AP MLO Link Id: <none>, AP MLO Affiliated links: <none>, Vendor Data: <none>
05-25 22:31:05.753   768  1420 D WifiScoreCard: txRate: 1 txSpeed: 1
05-25 22:31:05.755   768  1420 D WifiScoreCard: network update SIGNAL_POLL "AndroidWifi" ID: 1382277043 RSSI -50 txSpeed -1
05-25 22:31:05.756   768  1420 D WifiClientModeImpl[122317:wlan0]:  ClientModeImpl$L2ConnectedState screen=on 36 0 "AndroidWifi" 00:13:10:85:fe:01 rssi=-50 f=2447 sc=100 link=1 tx=0.0, 0.0, 0.0 rx=0.0 bcn=0 [on:0 tx:0 rx:0 period:3040] from screen [on:0 period:1649805212] score=100
05-25 22:31:07.516  1718  1926 D SatelliteController: isInCarrierRoamingNbIotNtn: satellite is disabled
05-25 22:31:07.517  1718  1926 D SatelliteController: getCarrierRoamingNtnConnectType: Checking connect type from PLMN config for subId: 1
05-25 22:31:07.517  1718  1926 D TelephonyConfigUpdateInstallReceiver: getConfigParser: domain=satellite
05-25 22:31:07.517  1718  1926 V SatelliteController: satelliteConfigParser is not ready
05-25 22:31:07.517  1718  1926 D SatelliteController: isSatelliteAttachSupportedViaConfigupdater: return null (satelliteConfig is null)
05-25 22:31:07.520   768  2648 W libbinder.IPCThreadState: Sending oneway calls to frozen process.
05-25 22:31:07.523  1718  1926 D SatelliteController: getSatellitePerPlmnConfiguration: invalid subId or not supported via carrier.
05-25 22:31:07.525  1718  1926 D SatelliteController: getCarrierRoamingNtnConnectType: config: null
05-25 22:31:07.525  1718  1926 D TelephonyConfigUpdateInstallReceiver: getConfigParser: domain=satellite
05-25 22:31:07.525  1718  1926 V SatelliteController: satelliteConfigParser is not ready
05-25 22:31:07.525  1718  1926 D SatelliteController: getCarrierRoamingNtnConnectTypeViaConfigUpdater: return null (satelliteConfig is null)
05-25 22:31:07.526  1718  1926 D SatelliteController: getCarrierRoamingNtnConnectType: Falling back to global carrier config connect type: 0
05-25 22:31:07.526  1718  1926 D TelephonyConfigUpdateInstallReceiver: getConfigParser: domain=satellite
05-25 22:31:07.527  1718  1926 V SatelliteController: satelliteConfigParser is not ready
05-25 22:31:07.527  1718  1926 D SatelliteController: isSatelliteAttachSupportedViaConfigupdater: return null (satelliteConfig is null)
05-25 22:31:07.527  1718  1926 D SatelliteController: getCarrierRoamingNtnConnectType: Checking connect type from PLMN config for subId: 1
05-25 22:31:07.527  1718  1926 D TelephonyConfigUpdateInstallReceiver: getConfigParser: domain=satellite
05-25 22:31:07.528  1718  1926 V SatelliteController: satelliteConfigParser is not ready
05-25 22:31:07.528  1718  1926 D SatelliteController: isSatelliteAttachSupportedViaConfigupdater: return null (satelliteConfig is null)
05-25 22:31:07.529  1718  1926 D SatelliteController: getSatellitePerPlmnConfiguration: invalid subId or not supported via carrier.
05-25 22:31:07.532  1718  1926 D SatelliteController: getCarrierRoamingNtnConnectType: config: null
05-25 22:31:07.534  1718  1926 D TelephonyConfigUpdateInstallReceiver: getConfigParser: domain=satellite
05-25 22:31:07.534  1718  1926 V SatelliteController: satelliteConfigParser is not ready
05-25 22:31:07.534  1718  1926 D SatelliteController: getCarrierRoamingNtnConnectTypeViaConfigUpdater: return null (satelliteConfig is null)
05-25 22:31:07.537  1718  1926 D SatelliteController: getCarrierRoamingNtnConnectType: Falling back to global carrier config connect type: 0
05-25 22:31:07.537  1718  1926 D TelephonyConfigUpdateInstallReceiver: getConfigParser: domain=satellite
05-25 22:31:07.538  1718  1926 V SatelliteController: satelliteConfigParser is not ready
05-25 22:31:07.538  1718  1926 D SatelliteController: isSatelliteAttachSupportedViaConfigupdater: return null (satelliteConfig is null)
05-25 22:31:08.760   768  1420 D WifiClientModeImpl[122317:wlan0]: updateLinkLayerStatsRssiSpeedFrequencyCapabilities rssi=-50 TxLinkspeed=1 freq=2447 RxLinkSpeed=2
05-25 22:31:08.760   768  1420 D WifiDataStall: tx tput in kbps: 11000
05-25 22:31:08.760   768  1420 D WifiDataStall: rx tput in kbps: 11000
05-25 22:31:08.761   768  1420 V WifiConfigManager: Updating scan detail cache freq=2447 BSSID=00:13:10:85:fe:01 RSSI=-50 for "AndroidWifi"NONE
05-25 22:31:08.761   768  1420 D WifiThroughputPredictor:  utilization (LLS) 80 isBluetoothConnected: false final utilization: 80
05-25 22:31:08.761   768  1420 D WifiThroughputPredictor:  BW: 0 RSSI: -50 Nss: 1 Mode: 1 symDur: 4000 snrDb 30 bitPerTone: 4500 rate: 54 throughput: 11
05-25 22:31:08.761   768  1420 D WifiThroughputPredictor:  utilization (LLS) 80 isBluetoothConnected: false final utilization: 80
05-25 22:31:08.761   768  1420 D WifiThroughputPredictor:  BW: 0 RSSI: -50 Nss: 1 Mode: 1 symDur: 4000 snrDb 30 bitPerTone: 4500 rate: 54 throughput: 11
05-25 22:31:08.762   768  1420 D WifiThroughputPredictor:  utilization (LLS) 80 isBluetoothConnected: false final utilization: 80
05-25 22:31:08.762   768  1420 D WifiThroughputPredictor:  BW: 0 RSSI: -50 Nss: 1 Mode: 1 symDur: 4000 snrDb 30 bitPerTone: 4500 rate: 54 throughput: 11
05-25 22:31:08.762   768  1420 D WifiThroughputPredictor:  utilization (LLS) 80 isBluetoothConnected: false final utilization: 80
05-25 22:31:08.763   768  1420 D WifiThroughputPredictor:  BW: 0 RSSI: -50 Nss: 1 Mode: 1 symDur: 4000 snrDb 30 bitPerTone: 4500 rate: 54 throughput: 11
05-25 22:31:08.776   768  1420 I HalDevMgr: bestIfaceCreationProposal is null, requestIface=STA, existingIface=[name=wlan0 type=STA]
05-25 22:31:08.782   768  1420 D WifiScoreCard: BSSID update SIGNAL_POLL ID: 162913799 SSID: "AndroidWifi", BSSID: 00:13:10:85:fe:01, MAC: 02:15:b4:00:00:00, IP: /10.0.2.16, Security type: 0, Supplicant state: COMPLETED, Wi-Fi standard: legacy, RSSI: -50, Link speed: 1Mbps, Tx Link speed: 1Mbps, Max Supported Tx Link speed: 11Mbps, Calculated Tx : 0Mbps, Rx Link speed: 2Mbps, Max Supported Rx Link speed: 11Mbps, Calculated Rx : 0Mbps, Frequency: 2447MHz, Net ID: 0, Metered hint: false, score: 100, isUsable: true, CarrierMerged: false, SubscriptionId: -1, IsPrimary: 1, Trusted: true, Restricted: false, Ephemeral: false, OEM paid: false, OEM private: false, OSU AP: false, FQDN: <none>, Provider friendly name: <none>, Requesting package name: <none>"AndroidWifi"openMLO Information: , Is TID-To-Link negotiation supported by the AP: false, AP MLD Address: <none>, AP MLO Link Id: <none>, AP MLO Affiliated links: <none>, Vendor Data: <none>
05-25 22:31:08.782   768  1420 D WifiScoreCard: txRate: 1 txSpeed: 1
05-25 22:31:08.782   768  1420 D WifiScoreCard: network update SIGNAL_POLL "AndroidWifi" ID: 1382277043 RSSI -50 txSpeed -1
05-25 22:31:08.783   768  1420 D WifiClientModeImpl[122317:wlan0]:  ClientModeImpl$L2ConnectedState screen=on 36 0 "AndroidWifi" 00:13:10:85:fe:01 rssi=-50 f=2447 sc=100 link=1 tx=0.0, 0.0, 0.0 rx=0.0 bcn=0 [on:0 tx:0 rx:0 period:3027] from screen [on:0 period:1649808239] score=100
05-25 22:31:09.240  1868  1868 D BoundBrokerSvc: onUnbind: Intent { act=com.google.android.gms.libs.gmscorelogger.service.START dat=chimera-action:/... xflg=0x4 cmp=com.google.android.gms/.chimera.PersistentDirectBootAwareApiService }
05-25 22:31:11.788   768  1420 D WifiClientModeImpl[122317:wlan0]: updateLinkLayerStatsRssiSpeedFrequencyCapabilities rssi=-50 TxLinkspeed=1 freq=2447 RxLinkSpeed=2
05-25 22:31:11.790   768  1420 D WifiDataStall: tx tput in kbps: 11000
05-25 22:31:11.790   768  1420 D WifiDataStall: rx tput in kbps: 11000
05-25 22:31:11.790   768  1420 V WifiConfigManager: Updating scan detail cache freq=2447 BSSID=00:13:10:85:fe:01 RSSI=-50 for "AndroidWifi"NONE
05-25 22:31:11.796   768  1420 D WifiThroughputPredictor:  utilization (LLS) 80 isBluetoothConnected: false final utilization: 80
05-25 22:31:11.796   768  1420 D WifiThroughputPredictor:  BW: 0 RSSI: -50 Nss: 1 Mode: 1 symDur: 4000 snrDb 30 bitPerTone: 4500 rate: 54 throughput: 11
05-25 22:31:11.796   768  1420 D WifiThroughputPredictor:  utilization (LLS) 80 isBluetoothConnected: false final utilization: 80
05-25 22:31:11.797   768  1420 D WifiThroughputPredictor:  BW: 0 RSSI: -50 Nss: 1 Mode: 1 symDur: 4000 snrDb 30 bitPerTone: 4500 rate: 54 throughput: 11
05-25 22:31:11.798   768  1420 D WifiThroughputPredictor:  utilization (LLS) 80 isBluetoothConnected: false final utilization: 80
05-25 22:31:11.798   768  1420 D WifiThroughputPredictor:  BW: 0 RSSI: -50 Nss: 1 Mode: 1 symDur: 4000 snrDb 30 bitPerTone: 4500 rate: 54 throughput: 11
05-25 22:31:11.798   768  1420 D WifiThroughputPredictor:  utilization (LLS) 80 isBluetoothConnected: false final utilization: 80
05-25 22:31:11.798   768  1420 D WifiThroughputPredictor:  BW: 0 RSSI: -50 Nss: 1 Mode: 1 symDur: 4000 snrDb 30 bitPerTone: 4500 rate: 54 throughput: 11
05-25 22:31:11.820   768  1420 I HalDevMgr: bestIfaceCreationProposal is null, requestIface=STA, existingIface=[name=wlan0 type=STA]
05-25 22:31:11.821   768  1420 D WifiScoreCard: BSSID update SIGNAL_POLL ID: 162913799 SSID: "AndroidWifi", BSSID: 00:13:10:85:fe:01, MAC: 02:15:b4:00:00:00, IP: /10.0.2.16, Security type: 0, Supplicant state: COMPLETED, Wi-Fi standard: legacy, RSSI: -50, Link speed: 1Mbps, Tx Link speed: 1Mbps, Max Supported Tx Link speed: 11Mbps, Calculated Tx : 0Mbps, Rx Link speed: 2Mbps, Max Supported Rx Link speed: 11Mbps, Calculated Rx : 0Mbps, Frequency: 2447MHz, Net ID: 0, Metered hint: false, score: 100, isUsable: true, CarrierMerged: false, SubscriptionId: -1, IsPrimary: 1, Trusted: true, Restricted: false, Ephemeral: false, OEM paid: false, OEM private: false, OSU AP: false, FQDN: <none>, Provider friendly name: <none>, Requesting package name: <none>"AndroidWifi"openMLO Information: , Is TID-To-Link negotiation supported by the AP: false, AP MLD Address: <none>, AP MLO Link Id: <none>, AP MLO Affiliated links: <none>, Vendor Data: <none>
05-25 22:31:11.821   768  1420 D WifiScoreCard: txRate: 1 txSpeed: 1
05-25 22:31:11.821   768  1420 D WifiScoreCard: network update SIGNAL_POLL "AndroidWifi" ID: 1382277043 RSSI -50 txSpeed -1
05-25 22:31:11.821   768  1420 D WifiClientModeImpl[122317:wlan0]:  ClientModeImpl$L2ConnectedState screen=on 36 0 "AndroidWifi" 00:13:10:85:fe:01 rssi=-50 f=2447 sc=100 link=1 tx=0.0, 0.0, 0.0 rx=0.0 bcn=0 [on:0 tx:0 rx:0 period:3038] from screen [on:0 period:1649811277] score=100
05-25 22:31:13.016  1785  1785 D wpa_supplicant: nl80211: Drv Event 64 (NL80211_CMD_NOTIFY_CQM) received for wlan0
05-25 22:31:13.016  1785  1785 D wpa_supplicant: nl80211: Beacon loss event
05-25 22:31:13.016  1785  1785 D wpa_supplicant: wlan0: Event BEACON_LOSS (53) received
05-25 22:31:13.016  1785  1785 I wpa_supplicant: wlan0: CTRL-EVENT-BEACON-LOSS 
05-25 22:31:14.827   768  1420 D WifiClientModeImpl[122317:wlan0]: updateLinkLayerStatsRssiSpeedFrequencyCapabilities rssi=-50 TxLinkspeed=1 freq=2447 RxLinkSpeed=2
05-25 22:31:14.827   768  1420 D WifiDataStall: tx tput in kbps: 11000
05-25 22:31:14.827   768  1420 D WifiDataStall: rx tput in kbps: 11000
05-25 22:31:14.827   768  1420 V WifiConfigManager: Updating scan detail cache freq=2447 BSSID=00:13:10:85:fe:01 RSSI=-50 for "AndroidWifi"NONE
05-25 22:31:14.827   768  1420 D WifiThroughputPredictor:  utilization (LLS) 80 isBluetoothConnected: false final utilization: 80
05-25 22:31:14.827   768  1420 D WifiThroughputPredictor:  BW: 0 RSSI: -50 Nss: 1 Mode: 1 symDur: 4000 snrDb 30 bitPerTone: 4500 rate: 54 throughput: 11
05-25 22:31:14.827   768  1420 D WifiThroughputPredictor:  utilization (LLS) 80 isBluetoothConnected: false final utilization: 80
05-25 22:31:14.828   768  1420 D WifiThroughputPredictor:  BW: 0 RSSI: -50 Nss: 1 Mode: 1 symDur: 4000 snrDb 30 bitPerTone: 4500 rate: 54 throughput: 11
05-25 22:31:14.832   768  1420 D WifiThroughputPredictor:  utilization (LLS) 80 isBluetoothConnected: false final utilization: 80
05-25 22:31:14.834   768  1420 D WifiThroughputPredictor:  BW: 0 RSSI: -50 Nss: 1 Mode: 1 symDur: 4000 snrDb 30 bitPerTone: 4500 rate: 54 throughput: 11
05-25 22:31:14.835   768  1420 D WifiThroughputPredictor:  utilization (LLS) 80 isBluetoothConnected: false final utilization: 80
05-25 22:31:14.835   768  1420 D WifiThroughputPredictor:  BW: 0 RSSI: -50 Nss: 1 Mode: 1 symDur: 4000 snrDb 30 bitPerTone: 4500 rate: 54 throughput: 11
05-25 22:31:14.857   768  1420 I HalDevMgr: bestIfaceCreationProposal is null, requestIface=STA, existingIface=[name=wlan0 type=STA]
05-25 22:31:14.858   768  1420 D WifiScoreCard: BSSID update SIGNAL_POLL ID: 162913799 SSID: "AndroidWifi", BSSID: 00:13:10:85:fe:01, MAC: 02:15:b4:00:00:00, IP: /10.0.2.16, Security type: 0, Supplicant state: COMPLETED, Wi-Fi standard: legacy, RSSI: -50, Link speed: 1Mbps, Tx Link speed: 1Mbps, Max Supported Tx Link speed: 11Mbps, Calculated Tx : 0Mbps, Rx Link speed: 2Mbps, Max Supported Rx Link speed: 11Mbps, Calculated Rx : 0Mbps, Frequency: 2447MHz, Net ID: 0, Metered hint: false, score: 100, isUsable: true, CarrierMerged: false, SubscriptionId: -1, IsPrimary: 1, Trusted: true, Restricted: false, Ephemeral: false, OEM paid: false, OEM private: false, OSU AP: false, FQDN: <none>, Provider friendly name: <none>, Requesting package name: <none>"AndroidWifi"openMLO Information: , Is TID-To-Link negotiation supported by the AP: false, AP MLD Address: <none>, AP MLO Link Id: <none>, AP MLO Affiliated links: <none>, Vendor Data: <none>
05-25 22:31:14.858   768  1420 D WifiScoreCard: txRate: 1 txSpeed: 1
05-25 22:31:14.858   768  1420 D WifiScoreCard: network update SIGNAL_POLL "AndroidWifi" ID: 1382277043 RSSI -50 txSpeed -1
05-25 22:31:14.862   768  1420 D WifiClientModeImpl[122317:wlan0]:  ClientModeImpl$L2ConnectedState screen=on 36 0 "AndroidWifi" 00:13:10:85:fe:01 rssi=-50 f=2447 sc=100 link=1 tx=0.0, 0.0, 0.0 rx=0.0 bcn=0 [on:0 tx:0 rx:0 period:3041] from screen [on:0 period:1649814318] score=100
05-25 22:31:17.516  1718  1926 D SatelliteController: isInCarrierRoamingNbIotNtn: satellite is disabled
05-25 22:31:17.516  1718  1926 D SatelliteController: getCarrierRoamingNtnConnectType: Checking connect type from PLMN config for subId: 1
05-25 22:31:17.516  1718  1926 D TelephonyConfigUpdateInstallReceiver: getConfigParser: domain=satellite
05-25 22:31:17.516  1718  1926 V SatelliteController: satelliteConfigParser is not ready
05-25 22:31:17.516  1718  1926 D SatelliteController: isSatelliteAttachSupportedViaConfigupdater: return null (satelliteConfig is null)
05-25 22:31:17.517   768   812 W libbinder.IPCThreadState: Sending oneway calls to frozen process.
05-25 22:31:17.524  1718  1926 D SatelliteController: getSatellitePerPlmnConfiguration: invalid subId or not supported via carrier.
05-25 22:31:17.527  1718  1926 D SatelliteController: getCarrierRoamingNtnConnectType: config: null
05-25 22:31:17.527  1718  1926 D TelephonyConfigUpdateInstallReceiver: getConfigParser: domain=satellite
05-25 22:31:17.527  1718  1926 V SatelliteController: satelliteConfigParser is not ready
05-25 22:31:17.528  1718  1926 D SatelliteController: getCarrierRoamingNtnConnectTypeViaConfigUpdater: return null (satelliteConfig is null)
05-25 22:31:17.528  1718  1926 D SatelliteController: getCarrierRoamingNtnConnectType: Falling back to global carrier config connect type: 0
05-25 22:31:17.528  1718  1926 D TelephonyConfigUpdateInstallReceiver: getConfigParser: domain=satellite
05-25 22:31:17.535  1718  1926 V SatelliteController: satelliteConfigParser is not ready
05-25 22:31:17.535  1718  1926 D SatelliteController: isSatelliteAttachSupportedViaConfigupdater: return null (satelliteConfig is null)
05-25 22:31:17.545  1718  1926 D SatelliteController: getCarrierRoamingNtnConnectType: Checking connect type from PLMN config for subId: 1
05-25 22:31:17.546  1718  1926 D TelephonyConfigUpdateInstallReceiver: getConfigParser: domain=satellite
05-25 22:31:17.546  1718  1926 V SatelliteController: satelliteConfigParser is not ready
05-25 22:31:17.546  1718  1926 D SatelliteController: isSatelliteAttachSupportedViaConfigupdater: return null (satelliteConfig is null)
05-25 22:31:17.546  1718  1926 D SatelliteController: getSatellitePerPlmnConfiguration: invalid subId or not supported via carrier.
05-25 22:31:17.546  1718  1926 D SatelliteController: getCarrierRoamingNtnConnectType: config: null
05-25 22:31:17.546  1718  1926 D TelephonyConfigUpdateInstallReceiver: getConfigParser: domain=satellite
05-25 22:31:17.546  1718  1926 V SatelliteController: satelliteConfigParser is not ready
05-25 22:31:17.546  1718  1926 D SatelliteController: getCarrierRoamingNtnConnectTypeViaConfigUpdater: return null (satelliteConfig is null)
05-25 22:31:17.551  1718  1926 D SatelliteController: getCarrierRoamingNtnConnectType: Falling back to global carrier config connect type: 0
05-25 22:31:17.551  1718  1926 D TelephonyConfigUpdateInstallReceiver: getConfigParser: domain=satellite
05-25 22:31:17.551  1718  1926 V SatelliteController: satelliteConfigParser is not ready
05-25 22:31:17.551  1718  1926 D SatelliteController: isSatelliteAttachSupportedViaConfigupdater: return null (satelliteConfig is null)
05-25 22:31:17.641   570   632 W skia    : AGTM parsing failed flags.readFromStream(s) at 159
05-25 22:31:17.641   570   632 W skia    : AGTM parsing failed flags.readFromStream(s) at 159
05-25 22:31:17.871   768  1420 D WifiClientModeImpl[122317:wlan0]: updateLinkLayerStatsRssiSpeedFrequencyCapabilities rssi=-50 TxLinkspeed=1 freq=2447 RxLinkSpeed=2
05-25 22:31:17.872   768  1420 D WifiDataStall: tx tput in kbps: 11000
05-25 22:31:17.872   768  1420 D WifiDataStall: rx tput in kbps: 11000
05-25 22:31:17.872   768  1420 V WifiConfigManager: Updating scan detail cache freq=2447 BSSID=00:13:10:85:fe:01 RSSI=-50 for "AndroidWifi"NONE
05-25 22:31:17.873   768  1420 D WifiThroughputPredictor:  utilization (LLS) 80 isBluetoothConnected: false final utilization: 80
05-25 22:31:17.873   768  1420 D WifiThroughputPredictor:  BW: 0 RSSI: -50 Nss: 1 Mode: 1 symDur: 4000 snrDb 30 bitPerTone: 4500 rate: 54 throughput: 11
05-25 22:31:17.873   768  1420 D WifiThroughputPredictor:  utilization (LLS) 80 isBluetoothConnected: false final utilization: 80
05-25 22:31:17.873   768  1420 D WifiThroughputPredictor:  BW: 0 RSSI: -50 Nss: 1 Mode: 1 symDur: 4000 snrDb 30 bitPerTone: 4500 rate: 54 throughput: 11
05-25 22:31:17.875   768  1420 D WifiThroughputPredictor:  utilization (LLS) 80 isBluetoothConnected: false final utilization: 80
05-25 22:31:17.875   768  1420 D WifiThroughputPredictor:  BW: 0 RSSI: -50 Nss: 1 Mode: 1 symDur: 4000 snrDb 30 bitPerTone: 4500 rate: 54 throughput: 11
05-25 22:31:17.875   768  1420 D WifiThroughputPredictor:  utilization (LLS) 80 isBluetoothConnected: false final utilization: 80
05-25 22:31:17.875   768  1420 D WifiThroughputPredictor:  BW: 0 RSSI: -50 Nss: 1 Mode: 1 symDur: 4000 snrDb 30 bitPerTone: 4500 rate: 54 throughput: 11
05-25 22:31:17.892   768  1420 I HalDevMgr: bestIfaceCreationProposal is null, requestIface=STA, existingIface=[name=wlan0 type=STA]
05-25 22:31:17.893   768  1420 D WifiScoreCard: BSSID update SIGNAL_POLL ID: 162913799 SSID: "AndroidWifi", BSSID: 00:13:10:85:fe:01, MAC: 02:15:b4:00:00:00, IP: /10.0.2.16, Security type: 0, Supplicant state: COMPLETED, Wi-Fi standard: legacy, RSSI: -50, Link speed: 1Mbps, Tx Link speed: 1Mbps, Max Supported Tx Link speed: 11Mbps, Calculated Tx : 0Mbps, Rx Link speed: 2Mbps, Max Supported Rx Link speed: 11Mbps, Calculated Rx : 0Mbps, Frequency: 2447MHz, Net ID: 0, Metered hint: false, score: 100, isUsable: true, CarrierMerged: false, SubscriptionId: -1, IsPrimary: 1, Trusted: true, Restricted: false, Ephemeral: false, OEM paid: false, OEM private: false, OSU AP: false, FQDN: <none>, Provider friendly name: <none>, Requesting package name: <none>"AndroidWifi"openMLO Information: , Is TID-To-Link negotiation supported by the AP: false, AP MLD Address: <none>, AP MLO Link Id: <none>, AP MLO Affiliated links: <none>, Vendor Data: <none>
05-25 22:31:17.893   768  1420 D WifiScoreCard: txRate: 1 txSpeed: 1
05-25 22:31:17.893   768  1420 D WifiScoreCard: network update SIGNAL_POLL "AndroidWifi" ID: 1382277043 RSSI -50 txSpeed -1
05-25 22:31:17.894   768  1420 D WifiClientModeImpl[122317:wlan0]:  ClientModeImpl$L2ConnectedState screen=on 36 0 "AndroidWifi" 00:13:10:85:fe:01 rssi=-50 f=2447 sc=100 link=1 tx=0.0, 0.0, 0.0 rx=0.0 bcn=0 [on:0 tx:0 rx:0 period:3031] from screen [on:0 period:1649817350] score=100
05-25 22:31:20.898   768  1420 D WifiClientModeImpl[122317:wlan0]: updateLinkLayerStatsRssiSpeedFrequencyCapabilities rssi=-50 TxLinkspeed=1 freq=2447 RxLinkSpeed=2
05-25 22:31:20.899   768  1420 D WifiDataStall: tx tput in kbps: 11000
05-25 22:31:20.899   768  1420 D WifiDataStall: rx tput in kbps: 11000
05-25 22:31:20.899   768  1420 V WifiConfigManager: Updating scan detail cache freq=2447 BSSID=00:13:10:85:fe:01 RSSI=-50 for "AndroidWifi"NONE
05-25 22:31:20.899   768  1420 D WifiThroughputPredictor:  utilization (LLS) 80 isBluetoothConnected: false final utilization: 80
05-25 22:31:20.899   768  1420 D WifiThroughputPredictor:  BW: 0 RSSI: -50 Nss: 1 Mode: 1 symDur: 4000 snrDb 30 bitPerTone: 4500 rate: 54 throughput: 11
05-25 22:31:20.899   768  1420 D WifiThroughputPredictor:  utilization (LLS) 80 isBluetoothConnected: false final utilization: 80
05-25 22:31:20.899   768  1420 D WifiThroughputPredictor:  BW: 0 RSSI: -50 Nss: 1 Mode: 1 symDur: 4000 snrDb 30 bitPerTone: 4500 rate: 54 throughput: 11
05-25 22:31:20.904   768  1420 D WifiThroughputPredictor:  utilization (LLS) 80 isBluetoothConnected: false final utilization: 80
05-25 22:31:20.904   768  1420 D WifiThroughputPredictor:  BW: 0 RSSI: -50 Nss: 1 Mode: 1 symDur: 4000 snrDb 30 bitPerTone: 4500 rate: 54 throughput: 11
05-25 22:31:20.905   768  1420 D WifiThroughputPredictor:  utilization (LLS) 80 isBluetoothConnected: false final utilization: 80
05-25 22:31:20.910   768  1420 D WifiThroughputPredictor:  BW: 0 RSSI: -50 Nss: 1 Mode: 1 symDur: 4000 snrDb 30 bitPerTone: 4500 rate: 54 throughput: 11
05-25 22:31:20.921   768  1420 I HalDevMgr: bestIfaceCreationProposal is null, requestIface=STA, existingIface=[name=wlan0 type=STA]
05-25 22:31:20.921   768  1420 D WifiScoreCard: BSSID update SIGNAL_POLL ID: 162913799 SSID: "AndroidWifi", BSSID: 00:13:10:85:fe:01, MAC: 02:15:b4:00:00:00, IP: /10.0.2.16, Security type: 0, Supplicant state: COMPLETED, Wi-Fi standard: legacy, RSSI: -50, Link speed: 1Mbps, Tx Link speed: 1Mbps, Max Supported Tx Link speed: 11Mbps, Calculated Tx : 0Mbps, Rx Link speed: 2Mbps, Max Supported Rx Link speed: 11Mbps, Calculated Rx : 0Mbps, Frequency: 2447MHz, Net ID: 0, Metered hint: false, score: 100, isUsable: true, CarrierMerged: false, SubscriptionId: -1, IsPrimary: 1, Trusted: true, Restricted: false, Ephemeral: false, OEM paid: false, OEM private: false, OSU AP: false, FQDN: <none>, Provider friendly name: <none>, Requesting package name: <none>"AndroidWifi"openMLO Information: , Is TID-To-Link negotiation supported by the AP: false, AP MLD Address: <none>, AP MLO Link Id: <none>, AP MLO Affiliated links: <none>, Vendor Data: <none>
05-25 22:31:20.921   768  1420 D WifiScoreCard: txRate: 1 txSpeed: 1
05-25 22:31:20.921   768  1420 D WifiScoreCard: network update SIGNAL_POLL "AndroidWifi" ID: 1382277043 RSSI -50 txSpeed -1
05-25 22:31:20.921   768  1420 D WifiClientModeImpl[122317:wlan0]:  ClientModeImpl$L2ConnectedState screen=on 36 0 "AndroidWifi" 00:13:10:85:fe:01 rssi=-50 f=2447 sc=100 link=1 tx=0.0, 0.0, 0.0 rx=0.0 bcn=0 [on:0 tx:0 rx:0 period:3027] from screen [on:0 period:1649820377] score=100
05-25 22:31:20.946  1785  1785 D wpa_supplicant: nl80211: Drv Event 64 (NL80211_CMD_NOTIFY_CQM) received for wlan0
05-25 22:31:20.946  1785  1785 D wpa_supplicant: nl80211: Beacon loss event
05-25 22:31:20.946  1785  1785 D wpa_supplicant: wlan0: Event BEACON_LOSS (53) received
05-25 22:31:20.946  1785  1785 I wpa_supplicant: wlan0: CTRL-EVENT-BEACON-LOSS 
05-25 22:31:23.112   768  1006 D ActivityManager: freezing 1994 com.google.android.gms
05-25 22:31:23.125   768  1006 D ActivityManager: freezing 2930 com.google.android.gms.unstable
05-25 22:31:23.137   768  1006 D ActivityManager: freezing 2993 com.google.android.gms.ui
05-25 22:31:23.929   768  1420 D WifiClientModeImpl[122317:wlan0]: updateLinkLayerStatsRssiSpeedFrequencyCapabilities rssi=-50 TxLinkspeed=1 freq=2447 RxLinkSpeed=2
05-25 22:31:23.930   768  1420 D WifiDataStall: tx tput in kbps: 11000
05-25 22:31:23.930   768  1420 D WifiDataStall: rx tput in kbps: 11000
05-25 22:31:23.930   768  1420 V WifiConfigManager: Updating scan detail cache freq=2447 BSSID=00:13:10:85:fe:01 RSSI=-50 for "AndroidWifi"NONE
05-25 22:31:23.936   768  1420 D WifiThroughputPredictor:  utilization (LLS) 80 isBluetoothConnected: false final utilization: 80
05-25 22:31:23.941   768  1420 D WifiThroughputPredictor:  BW: 0 RSSI: -50 Nss: 1 Mode: 1 symDur: 4000 snrDb 30 bitPerTone: 4500 rate: 54 throughput: 11
05-25 22:31:23.941   768  1420 D WifiThroughputPredictor:  utilization (LLS) 80 isBluetoothConnected: false final utilization: 80
05-25 22:31:23.942   768  1420 D WifiThroughputPredictor:  BW: 0 RSSI: -50 Nss: 1 Mode: 1 symDur: 4000 snrDb 30 bitPerTone: 4500 rate: 54 throughput: 11
05-25 22:31:23.947   768  1420 D WifiThroughputPredictor:  utilization (LLS) 80 isBluetoothConnected: false final utilization: 80
05-25 22:31:23.947   768  1420 D WifiThroughputPredictor:  BW: 0 RSSI: -50 Nss: 1 Mode: 1 symDur: 4000 snrDb 30 bitPerTone: 4500 rate: 54 throughput: 11
05-25 22:31:23.947   768  1420 D WifiThroughputPredictor:  utilization (LLS) 80 isBluetoothConnected: false final utilization: 80
05-25 22:31:23.947   768  1420 D WifiThroughputPredictor:  BW: 0 RSSI: -50 Nss: 1 Mode: 1 symDur: 4000 snrDb 30 bitPerTone: 4500 rate: 54 throughput: 11
05-25 22:31:23.964   768  1420 I HalDevMgr: bestIfaceCreationProposal is null, requestIface=STA, existingIface=[name=wlan0 type=STA]
05-25 22:31:23.965   768  1420 D WifiScoreCard: BSSID update SIGNAL_POLL ID: 162913799 SSID: "AndroidWifi", BSSID: 00:13:10:85:fe:01, MAC: 02:15:b4:00:00:00, IP: /10.0.2.16, Security type: 0, Supplicant state: COMPLETED, Wi-Fi standard: legacy, RSSI: -50, Link speed: 1Mbps, Tx Link speed: 1Mbps, Max Supported Tx Link speed: 11Mbps, Calculated Tx : 0Mbps, Rx Link speed: 2Mbps, Max Supported Rx Link speed: 11Mbps, Calculated Rx : 0Mbps, Frequency: 2447MHz, Net ID: 0, Metered hint: false, score: 100, isUsable: true, CarrierMerged: false, SubscriptionId: -1, IsPrimary: 1, Trusted: true, Restricted: false, Ephemeral: false, OEM paid: false, OEM private: false, OSU AP: false, FQDN: <none>, Provider friendly name: <none>, Requesting package name: <none>"AndroidWifi"openMLO Information: , Is TID-To-Link negotiation supported by the AP: false, AP MLD Address: <none>, AP MLO Link Id: <none>, AP MLO Affiliated links: <none>, Vendor Data: <none>
05-25 22:31:23.966   768  1420 D WifiScoreCard: txRate: 1 txSpeed: 1
05-25 22:31:23.966   768  1420 D WifiScoreCard: network update SIGNAL_POLL "AndroidWifi" ID: 1382277043 RSSI -50 txSpeed -1
05-25 22:31:23.966   768  1420 D WifiClientModeImpl[122317:wlan0]:  ClientModeImpl$L2ConnectedState screen=on 36 0 "AndroidWifi" 00:13:10:85:fe:01 rssi=-50 f=2447 sc=100 link=1 tx=0.0, 0.0, 0.0 rx=0.0 bcn=0 [on:0 tx:0 rx:0 period:3044] from screen [on:0 period:1649823422] score=100
05-25 22:31:26.971   768  1420 D WifiClientModeImpl[122317:wlan0]: updateLinkLayerStatsRssiSpeedFrequencyCapabilities rssi=-50 TxLinkspeed=1 freq=2447 RxLinkSpeed=2
05-25 22:31:26.971   768  1420 D WifiDataStall: tx tput in kbps: 11000
05-25 22:31:26.972   768  1420 D WifiDataStall: rx tput in kbps: 11000
05-25 22:31:26.972   768  1420 V WifiConfigManager: Updating scan detail cache freq=2447 BSSID=00:13:10:85:fe:01 RSSI=-50 for "AndroidWifi"NONE
05-25 22:31:26.973   768  1420 D WifiThroughputPredictor:  utilization (LLS) 80 isBluetoothConnected: false final utilization: 80
05-25 22:31:26.976   768  1420 D WifiThroughputPredictor:  BW: 0 RSSI: -50 Nss: 1 Mode: 1 symDur: 4000 snrDb 30 bitPerTone: 4500 rate: 54 throughput: 11
05-25 22:31:26.976   768  1420 D WifiThroughputPredictor:  utilization (LLS) 80 isBluetoothConnected: false final utilization: 80
05-25 22:31:26.977   768  1420 D WifiThroughputPredictor:  BW: 0 RSSI: -50 Nss: 1 Mode: 1 symDur: 4000 snrDb 30 bitPerTone: 4500 rate: 54 throughput: 11
05-25 22:31:26.977   768  1420 D WifiThroughputPredictor:  utilization (LLS) 80 isBluetoothConnected: false final utilization: 80
05-25 22:31:26.977   768  1420 D WifiThroughputPredictor:  BW: 0 RSSI: -50 Nss: 1 Mode: 1 symDur: 4000 snrDb 30 bitPerTone: 4500 rate: 54 throughput: 11
05-25 22:31:26.977   768  1420 D WifiThroughputPredictor:  utilization (LLS) 80 isBluetoothConnected: false final utilization: 80
05-25 22:31:26.977   768  1420 D WifiThroughputPredictor:  BW: 0 RSSI: -50 Nss: 1 Mode: 1 symDur: 4000 snrDb 30 bitPerTone: 4500 rate: 54 throughput: 11
05-25 22:31:26.993   768  1420 I HalDevMgr: bestIfaceCreationProposal is null, requestIface=STA, existingIface=[name=wlan0 type=STA]
05-25 22:31:26.993   768  1420 D WifiScoreCard: BSSID update SIGNAL_POLL ID: 162913799 SSID: "AndroidWifi", BSSID: 00:13:10:85:fe:01, MAC: 02:15:b4:00:00:00, IP: /10.0.2.16, Security type: 0, Supplicant state: COMPLETED, Wi-Fi standard: legacy, RSSI: -50, Link speed: 1Mbps, Tx Link speed: 1Mbps, Max Supported Tx Link speed: 11Mbps, Calculated Tx : 0Mbps, Rx Link speed: 2Mbps, Max Supported Rx Link speed: 11Mbps, Calculated Rx : 0Mbps, Frequency: 2447MHz, Net ID: 0, Metered hint: false, score: 100, isUsable: true, CarrierMerged: false, SubscriptionId: -1, IsPrimary: 1, Trusted: true, Restricted: false, Ephemeral: false, OEM paid: false, OEM private: false, OSU AP: false, FQDN: <none>, Provider friendly name: <none>, Requesting package name: <none>"AndroidWifi"openMLO Information: , Is TID-To-Link negotiation supported by the AP: false, AP MLD Address: <none>, AP MLO Link Id: <none>, AP MLO Affiliated links: <none>, Vendor Data: <none>
05-25 22:31:26.993   768  1420 D WifiScoreCard: txRate: 1 txSpeed: 1
05-25 22:31:26.993   768  1420 D WifiScoreCard: network update SIGNAL_POLL "AndroidWifi" ID: 1382277043 RSSI -50 txSpeed -1
05-25 22:31:26.993   768  1420 D WifiClientModeImpl[122317:wlan0]:  ClientModeImpl$L2ConnectedState screen=on 36 0 "AndroidWifi" 00:13:10:85:fe:01 rssi=-50 f=2447 sc=100 link=1 tx=0.0, 0.0, 0.0 rx=0.0 bcn=0 [on:0 tx:0 rx:0 period:3027] from screen [on:0 period:1649826449] score=100
05-25 22:31:27.516  1718  1926 D SatelliteController: isInCarrierRoamingNbIotNtn: satellite is disabled
05-25 22:31:27.516  1718  1926 D SatelliteController: getCarrierRoamingNtnConnectType: Checking connect type from PLMN config for subId: 1
05-25 22:31:27.516  1718  1926 D TelephonyConfigUpdateInstallReceiver: getConfigParser: domain=satellite
05-25 22:31:27.516  1718  1926 V SatelliteController: satelliteConfigParser is not ready
05-25 22:31:27.516  1718  1926 D SatelliteController: isSatelliteAttachSupportedViaConfigupdater: return null (satelliteConfig is null)
05-25 22:31:27.517  1718  1926 D SatelliteController: getSatellitePerPlmnConfiguration: invalid subId or not supported via carrier.
05-25 22:31:27.517  1718  1926 D SatelliteController: getCarrierRoamingNtnConnectType: config: null
05-25 22:31:27.517  1718  1926 D TelephonyConfigUpdateInstallReceiver: getConfigParser: domain=satellite
05-25 22:31:27.517  1718  1926 V SatelliteController: satelliteConfigParser is not ready
05-25 22:31:27.517  1718  1926 D SatelliteController: getCarrierRoamingNtnConnectTypeViaConfigUpdater: return null (satelliteConfig is null)
05-25 22:31:27.527  1718  1926 D SatelliteController: getCarrierRoamingNtnConnectType: Falling back to global carrier config connect type: 0
05-25 22:31:27.528  1718  1926 D TelephonyConfigUpdateInstallReceiver: getConfigParser: domain=satellite
05-25 22:31:27.528  1718  1926 V SatelliteController: satelliteConfigParser is not ready
05-25 22:31:27.528  1718  1926 D SatelliteController: isSatelliteAttachSupportedViaConfigupdater: return null (satelliteConfig is null)
05-25 22:31:27.533  1718  1926 D SatelliteController: getCarrierRoamingNtnConnectType: Checking connect type from PLMN config for subId: 1
05-25 22:31:27.533  1718  1926 D TelephonyConfigUpdateInstallReceiver: getConfigParser: domain=satellite
05-25 22:31:27.533  1718  1926 V SatelliteController: satelliteConfigParser is not ready
05-25 22:31:27.533   768  2648 W libbinder.IPCThreadState: Sending oneway calls to frozen process.
05-25 22:31:27.533  1718  1926 D SatelliteController: isSatelliteAttachSupportedViaConfigupdater: return null (satelliteConfig is null)
05-25 22:31:27.537  1718  1926 D SatelliteController: getSatellitePerPlmnConfiguration: invalid subId or not supported via carrier.
05-25 22:31:27.537  1718  1926 D SatelliteController: getCarrierRoamingNtnConnectType: config: null
05-25 22:31:27.537  1718  1926 D TelephonyConfigUpdateInstallReceiver: getConfigParser: domain=satellite
05-25 22:31:27.537  1718  1926 V SatelliteController: satelliteConfigParser is not ready
05-25 22:31:27.537  1718  1926 D SatelliteController: getCarrierRoamingNtnConnectTypeViaConfigUpdater: return null (satelliteConfig is null)
05-25 22:31:27.544  1718  1926 D SatelliteController: getCarrierRoamingNtnConnectType: Falling back to global carrier config connect type: 0
05-25 22:31:27.544  1718  1926 D TelephonyConfigUpdateInstallReceiver: getConfigParser: domain=satellite
05-25 22:31:27.544  1718  1926 V SatelliteController: satelliteConfigParser is not ready
05-25 22:31:27.544  1718  1926 D SatelliteController: isSatelliteAttachSupportedViaConfigupdater: return null (satelliteConfig is null)
05-25 22:31:29.140  1785  1785 D wpa_supplicant: nl80211: Drv Event 64 (NL80211_CMD_NOTIFY_CQM) received for wlan0
05-25 22:31:29.140  1785  1785 D wpa_supplicant: nl80211: Beacon loss event
05-25 22:31:29.141  1785  1785 D wpa_supplicant: wlan0: Event BEACON_LOSS (53) received
05-25 22:31:29.141  1785  1785 I wpa_supplicant: wlan0: CTRL-EVENT-BEACON-LOSS 
05-25 22:31:30.001   768  1420 D WifiClientModeImpl[122317:wlan0]: updateLinkLayerStatsRssiSpeedFrequencyCapabilities rssi=-50 TxLinkspeed=1 freq=2447 RxLinkSpeed=2
05-25 22:31:30.003   768  1420 D WifiDataStall: tx tput in kbps: 11000
05-25 22:31:30.003   768  1420 D WifiDataStall: rx tput in kbps: 11000
05-25 22:31:30.003   768  1420 V WifiConfigManager: Updating scan detail cache freq=2447 BSSID=00:13:10:85:fe:01 RSSI=-50 for "AndroidWifi"NONE
05-25 22:31:30.009   768  1420 D WifiThroughputPredictor:  utilization (LLS) 80 isBluetoothConnected: false final utilization: 80
05-25 22:31:30.009   768  1420 D WifiThroughputPredictor:  BW: 0 RSSI: -50 Nss: 1 Mode: 1 symDur: 4000 snrDb 30 bitPerTone: 4500 rate: 54 throughput: 11
05-25 22:31:30.009   768  1420 D WifiThroughputPredictor:  utilization (LLS) 80 isBluetoothConnected: false final utilization: 80
05-25 22:31:30.009   768  1420 D WifiThroughputPredictor:  BW: 0 RSSI: -50 Nss: 1 Mode: 1 symDur: 4000 snrDb 30 bitPerTone: 4500 rate: 54 throughput: 11
05-25 22:31:30.012   768  1420 D WifiThroughputPredictor:  utilization (LLS) 80 isBluetoothConnected: false final utilization: 80
05-25 22:31:30.013   768  1420 D WifiThroughputPredictor:  BW: 0 RSSI: -50 Nss: 1 Mode: 1 symDur: 4000 snrDb 30 bitPerTone: 4500 rate: 54 throughput: 11
05-25 22:31:30.013   768  1420 D WifiThroughputPredictor:  utilization (LLS) 80 isBluetoothConnected: false final utilization: 80
05-25 22:31:30.013   768  1420 D WifiThroughputPredictor:  BW: 0 RSSI: -50 Nss: 1 Mode: 1 symDur: 4000 snrDb 30 bitPerTone: 4500 rate: 54 throughput: 11
05-25 22:31:30.033   768  1420 I HalDevMgr: bestIfaceCreationProposal is null, requestIface=STA, existingIface=[name=wlan0 type=STA]
05-25 22:31:30.036   768  1420 D WifiScoreCard: BSSID update SIGNAL_POLL ID: 162913799 SSID: "AndroidWifi", BSSID: 00:13:10:85:fe:01, MAC: 02:15:b4:00:00:00, IP: /10.0.2.16, Security type: 0, Supplicant state: COMPLETED, Wi-Fi standard: legacy, RSSI: -50, Link speed: 1Mbps, Tx Link speed: 1Mbps, Max Supported Tx Link speed: 11Mbps, Calculated Tx : 0Mbps, Rx Link speed: 2Mbps, Max Supported Rx Link speed: 11Mbps, Calculated Rx : 0Mbps, Frequency: 2447MHz, Net ID: 0, Metered hint: false, score: 100, isUsable: true, CarrierMerged: false, SubscriptionId: -1, IsPrimary: 1, Trusted: true, Restricted: false, Ephemeral: false, OEM paid: false, OEM private: false, OSU AP: false, FQDN: <none>, Provider friendly name: <none>, Requesting package name: <none>"AndroidWifi"openMLO Information: , Is TID-To-Link negotiation supported by the AP: false, AP MLD Address: <none>, AP MLO Link Id: <none>, AP MLO Affiliated links: <none>, Vendor Data: <none>
05-25 22:31:30.036   768  1420 D WifiScoreCard: txRate: 1 txSpeed: 1
05-25 22:31:30.037   768  1420 D WifiScoreCard: network update SIGNAL_POLL "AndroidWifi" ID: 1382277043 RSSI -50 txSpeed -1
05-25 22:31:30.037   768  1420 D WifiClientModeImpl[122317:wlan0]:  ClientModeImpl$L2ConnectedState screen=on 36 0 "AndroidWifi" 00:13:10:85:fe:01 rssi=-50 f=2447 sc=100 link=1 tx=0.0, 0.0, 0.0 rx=0.0 bcn=0 [on:0 tx:0 rx:0 period:3044] from screen [on:0 period:1649829493] score=100
05-25 22:31:30.980   768   996 W CpuMonitorService: Current CPU frequency (4284814) is greater than maximum CPU frequency (2) for policy ID (3). Skipping CPU frequency policy
05-25 22:31:33.044   768  1420 D WifiClientModeImpl[122317:wlan0]: updateLinkLayerStatsRssiSpeedFrequencyCapabilities rssi=-50 TxLinkspeed=1 freq=2447 RxLinkSpeed=2
05-25 22:31:33.044   768  1420 D WifiDataStall: tx tput in kbps: 11000
05-25 22:31:33.044   768  1420 D WifiDataStall: rx tput in kbps: 11000
05-25 22:31:33.044   768  1420 V WifiConfigManager: Updating scan detail cache freq=2447 BSSID=00:13:10:85:fe:01 RSSI=-50 for "AndroidWifi"NONE
05-25 22:31:33.045   768  1420 D WifiThroughputPredictor:  utilization (LLS) 80 isBluetoothConnected: false final utilization: 80
05-25 22:31:33.045   768  1420 D WifiThroughputPredictor:  BW: 0 RSSI: -50 Nss: 1 Mode: 1 symDur: 4000 snrDb 30 bitPerTone: 4500 rate: 54 throughput: 11
05-25 22:31:33.045   768  1420 D WifiThroughputPredictor:  utilization (LLS) 80 isBluetoothConnected: false final utilization: 80
05-25 22:31:33.045   768  1420 D WifiThroughputPredictor:  BW: 0 RSSI: -50 Nss: 1 Mode: 1 symDur: 4000 snrDb 30 bitPerTone: 4500 rate: 54 throughput: 11
05-25 22:31:33.045   768  1420 D WifiThroughputPredictor:  utilization (LLS) 80 isBluetoothConnected: false final utilization: 80
05-25 22:31:33.045   768  1420 D WifiThroughputPredictor:  BW: 0 RSSI: -50 Nss: 1 Mode: 1 symDur: 4000 snrDb 30 bitPerTone: 4500 rate: 54 throughput: 11
05-25 22:31:33.047   768  1420 D WifiThroughputPredictor:  utilization (LLS) 80 isBluetoothConnected: false final utilization: 80
05-25 22:31:33.048   768  1420 D WifiThroughputPredictor:  BW: 0 RSSI: -50 Nss: 1 Mode: 1 symDur: 4000 snrDb 30 bitPerTone: 4500 rate: 54 throughput: 11
05-25 22:31:33.059   768  1420 I HalDevMgr: bestIfaceCreationProposal is null, requestIface=STA, existingIface=[name=wlan0 type=STA]
05-25 22:31:33.060   768  1420 D WifiScoreCard: BSSID update SIGNAL_POLL ID: 162913799 SSID: "AndroidWifi", BSSID: 00:13:10:85:fe:01, MAC: 02:15:b4:00:00:00, IP: /10.0.2.16, Security type: 0, Supplicant state: COMPLETED, Wi-Fi standard: legacy, RSSI: -50, Link speed: 1Mbps, Tx Link speed: 1Mbps, Max Supported Tx Link speed: 11Mbps, Calculated Tx : 0Mbps, Rx Link speed: 2Mbps, Max Supported Rx Link speed: 11Mbps, Calculated Rx : 0Mbps, Frequency: 2447MHz, Net ID: 0, Metered hint: false, score: 100, isUsable: true, CarrierMerged: false, SubscriptionId: -1, IsPrimary: 1, Trusted: true, Restricted: false, Ephemeral: false, OEM paid: false, OEM private: false, OSU AP: false, FQDN: <none>, Provider friendly name: <none>, Requesting package name: <none>"AndroidWifi"openMLO Information: , Is TID-To-Link negotiation supported by the AP: false, AP MLD Address: <none>, AP MLO Link Id: <none>, AP MLO Affiliated links: <none>, Vendor Data: <none>
05-25 22:31:33.060   768  1420 D WifiScoreCard: txRate: 1 txSpeed: 1
05-25 22:31:33.060   768  1420 D WifiScoreCard: network update SIGNAL_POLL "AndroidWifi" ID: 1382277043 RSSI -50 txSpeed -1
05-25 22:31:33.061   768  1420 D WifiClientModeImpl[122317:wlan0]:  ClientModeImpl$L2ConnectedState screen=on 36 0 "AndroidWifi" 00:13:10:85:fe:01 rssi=-50 f=2447 sc=100 link=1 tx=0.0, 0.0, 0.0 rx=0.0 bcn=0 [on:0 tx:0 rx:0 period:3019] from screen [on:0 period:1649832516] score=100
05-25 22:31:36.075   768  1420 D WifiClientModeImpl[122317:wlan0]: updateLinkLayerStatsRssiSpeedFrequencyCapabilities rssi=-50 TxLinkspeed=1 freq=2447 RxLinkSpeed=2
05-25 22:31:36.076   768  1420 D WifiDataStall: tx tput in kbps: 11000
05-25 22:31:36.076   768  1420 D WifiDataStall: rx tput in kbps: 11000
05-25 22:31:36.078   768  1420 V WifiConfigManager: Updating scan detail cache freq=2447 BSSID=00:13:10:85:fe:01 RSSI=-50 for "AndroidWifi"NONE
05-25 22:31:36.079   768  1420 D WifiThroughputPredictor:  utilization (LLS) 80 isBluetoothConnected: false final utilization: 80
05-25 22:31:36.079   768  1420 D WifiThroughputPredictor:  BW: 0 RSSI: -50 Nss: 1 Mode: 1 symDur: 4000 snrDb 30 bitPerTone: 4500 rate: 54 throughput: 11
05-25 22:31:36.079   768  1420 D WifiThroughputPredictor:  utilization (LLS) 80 isBluetoothConnected: false final utilization: 80
05-25 22:31:36.084   768  1420 D WifiThroughputPredictor:  BW: 0 RSSI: -50 Nss: 1 Mode: 1 symDur: 4000 snrDb 30 bitPerTone: 4500 rate: 54 throughput: 11
05-25 22:31:36.085   768  1420 D WifiThroughputPredictor:  utilization (LLS) 80 isBluetoothConnected: false final utilization: 80
05-25 22:31:36.085   768  1420 D WifiThroughputPredictor:  BW: 0 RSSI: -50 Nss: 1 Mode: 1 symDur: 4000 snrDb 30 bitPerTone: 4500 rate: 54 throughput: 11
05-25 22:31:36.085   768  1420 D WifiThroughputPredictor:  utilization (LLS) 80 isBluetoothConnected: false final utilization: 80
05-25 22:31:36.085   768  1420 D WifiThroughputPredictor:  BW: 0 RSSI: -50 Nss: 1 Mode: 1 symDur: 4000 snrDb 30 bitPerTone: 4500 rate: 54 throughput: 11
05-25 22:31:36.099   768  1420 I HalDevMgr: bestIfaceCreationProposal is null, requestIface=STA, existingIface=[name=wlan0 type=STA]
05-25 22:31:36.099   768  1420 D WifiScoreCard: BSSID update SIGNAL_POLL ID: 162913799 SSID: "AndroidWifi", BSSID: 00:13:10:85:fe:01, MAC: 02:15:b4:00:00:00, IP: /10.0.2.16, Security type: 0, Supplicant state: COMPLETED, Wi-Fi standard: legacy, RSSI: -50, Link speed: 1Mbps, Tx Link speed: 1Mbps, Max Supported Tx Link speed: 11Mbps, Calculated Tx : 0Mbps, Rx Link speed: 2Mbps, Max Supported Rx Link speed: 11Mbps, Calculated Rx : 0Mbps, Frequency: 2447MHz, Net ID: 0, Metered hint: false, score: 100, isUsable: true, CarrierMerged: false, SubscriptionId: -1, IsPrimary: 1, Trusted: true, Restricted: false, Ephemeral: false, OEM paid: false, OEM private: false, OSU AP: false, FQDN: <none>, Provider friendly name: <none>, Requesting package name: <none>"AndroidWifi"openMLO Information: , Is TID-To-Link negotiation supported by the AP: false, AP MLD Address: <none>, AP MLO Link Id: <none>, AP MLO Affiliated links: <none>, Vendor Data: <none>
05-25 22:31:36.099   768  1420 D WifiScoreCard: txRate: 1 txSpeed: 1
05-25 22:31:36.099   768  1420 D WifiScoreCard: network update SIGNAL_POLL "AndroidWifi" ID: 1382277043 RSSI -50 txSpeed -1
05-25 22:31:36.100   768  1420 D WifiClientModeImpl[122317:wlan0]:  ClientModeImpl$L2ConnectedState screen=on 36 0 "AndroidWifi" 00:13:10:85:fe:01 rssi=-50 f=2447 sc=100 link=1 tx=0.0, 0.0, 0.0 rx=0.0 bcn=0 [on:0 tx:0 rx:0 period:3039] from screen [on:0 period:1649835556] score=100
05-25 22:31:37.077  1785  1785 D wpa_supplicant: nl80211: Drv Event 64 (NL80211_CMD_NOTIFY_CQM) received for wlan0
05-25 22:31:37.079  1785  1785 D wpa_supplicant: nl80211: Beacon loss event
05-25 22:31:37.080  1785  1785 D wpa_supplicant: wlan0: Event BEACON_LOSS (53) received
05-25 22:31:37.080  1785  1785 I wpa_supplicant: wlan0: CTRL-EVENT-BEACON-LOSS 
05-25 22:31:37.520  1718  1926 D SatelliteController: isInCarrierRoamingNbIotNtn: satellite is disabled
05-25 22:31:37.521  1718  1926 D SatelliteController: getCarrierRoamingNtnConnectType: Checking connect type from PLMN config for subId: 1
05-25 22:31:37.521  1718  1926 D TelephonyConfigUpdateInstallReceiver: getConfigParser: domain=satellite
05-25 22:31:37.523  1718  1926 V SatelliteController: satelliteConfigParser is not ready
05-25 22:31:37.523  1718  1926 D SatelliteController: isSatelliteAttachSupportedViaConfigupdater: return null (satelliteConfig is null)
05-25 22:31:37.524   768   813 W libbinder.IPCThreadState: Sending oneway calls to frozen process.
05-25 22:31:37.532  1718  1926 D SatelliteController: getSatellitePerPlmnConfiguration: invalid subId or not supported via carrier.
05-25 22:31:37.532  1718  1926 D SatelliteController: getCarrierRoamingNtnConnectType: config: null
05-25 22:31:37.532  1718  1926 D TelephonyConfigUpdateInstallReceiver: getConfigParser: domain=satellite
05-25 22:31:37.532  1718  1926 V SatelliteController: satelliteConfigParser is not ready
05-25 22:31:37.532  1718  1926 D SatelliteController: getCarrierRoamingNtnConnectTypeViaConfigUpdater: return null (satelliteConfig is null)
05-25 22:31:37.540  1718  1926 D SatelliteController: getCarrierRoamingNtnConnectType: Falling back to global carrier config connect type: 0
05-25 22:31:37.543  1718  1926 D TelephonyConfigUpdateInstallReceiver: getConfigParser: domain=satellite
05-25 22:31:37.543  1718  1926 V SatelliteController: satelliteConfigParser is not ready
05-25 22:31:37.543  1718  1926 D SatelliteController: isSatelliteAttachSupportedViaConfigupdater: return null (satelliteConfig is null)
